==========================================================
PIC calculation (per-residue): 
Job: 570   Node: mem-queue-multi-az-dy-r8i-32xl-1   Started: Mon Jul 27 05:14:11 PM EDT 2026
==========================================================


----------------------------------------------------------------------
    APBS -- Adaptive Poisson-Boltzmann Solver
    Version 1.5
    
    Nathan A. Baker (nathan.baker@pnnl.gov)
    Pacific Northwest National Laboratory
    
    Additional contributing authors listed in the code documentation.
    
    Copyright (c) 2010-2014 Battelle Memorial Institute. Developed at the Pacific
    Northwest National Laboratory, operated by Battelle Memorial Institute, Pacific
    Northwest Division for the U.S. Department of Energy.
    
    Portions Copyright (c) 2002-2010, Washington University in St. Louis.
    Portions Copyright (c) 2002-2010, Nathan A. Baker.
    Portions Copyright (c) 1999-2002, The Regents of the University of California.
    Portions Copyright (c) 1995, Michael Holst.
    All rights reserved.
    
    Redistribution and use in source and binary forms, with or without
    modification, are permitted provided that the following conditions are met:
    
    * Redistributions of source code must retain the above copyright notice, this
      list of conditions and the following disclaimer.
    
    * Redistributions in binary form must reproduce the above copyright notice,
      this list of conditions and the following disclaimer in the documentation
      and/or other materials provided with the distribution.
    
    * Neither the name of the developer nor the names of its contributors may be
      used to endorse or promote products derived from this software without
      specific prior written permission.
    
    THIS SOFTWARE IS PROVIDED BY THE COPYRIGHT HOLDERS AND CONTRIBUTORS "AS IS" AND
    ANY EXPRESS OR IMPLIED WARRANTIES, INCLUDING, BUT NOT LIMITED TO, THE IMPLIED
    WARRANTIES OF MERCHANTABILITY AND FITNESS FOR A PARTICULAR PURPOSE ARE
    DISCLAIMED. IN NO EVENT SHALL THE COPYRIGHT OWNER OR CONTRIBUTORS BE LIABLE FOR
    ANY DIRECT, INDIRECT, INCIDENTAL, SPECIAL, EXEMPLARY, OR CONSEQUENTIAL DAMAGES
    (INCLUDING, BUT NOT LIMITED TO, PROCUREMENT OF SUBSTITUTE GOODS OR SERVICES;
    LOSS OF USE, DATA, OR PROFITS; OR BUSINESS INTERRUPTION) HOWEVER CAUSED AND
    ON ANY THEORY OF LIABILITY, WHETHER IN CONTRACT, STRICT LIABILITY, OR TORT
    (INCLUDING NEGLIGENCE OR OTHERWISE) ARISING IN ANY WAY OUT OF THE USE OF THIS
    SOFTWARE, EVEN IF ADVISED OF THE POSSIBILITY OF SUCH DAMAGE.
----------------------------------------------------------------------
    APBS uses FETK (the Finite Element ToolKit) to solve the
    Poisson-Boltzmann equation numerically.  FETK is a portable collection
    of finite element modeling class libraries developed by the Michael Holst
    research group and written in an object-oriented form of C.  FEtk is
    designed to solve general coupled systems of nonlinear partial differential
    equations using adaptive finite element methods, inexact Newton methods,
    and algebraic multilevel methods.  More information about FEtk may be found
    at <http://www.FEtk.ORG>.
----------------------------------------------------------------------
    APBS also uses Aqua to solve the Poisson-Boltzmann equation numerically.  
    Aqua is a modified form of the Holst group PMG library <http://www.FEtk.ORG>
    which has been modified by Patrice Koehl
    <http://koehllab.genomecenter.ucdavis.edu/> for improved efficiency and
    memory usage when solving the Poisson-Boltzmann equation.
----------------------------------------------------------------------
    Please cite your use of APBS as:

    Baker NA, Sept D, Joseph S, Holst MJ, McCammon JA. Electrostatics of
    nanosystems: application to microtubules and the ribosome. Proc.
    Natl. Acad. Sci. USA 98, 10037-10041 2001.
    

This executable compiled on Mar  9 2018 at 05:45:59

Parsing input file apbs_73_30.in...
rank 0 size 1...
read
Parsed input file.
Got paths for 1 molecules
Reading PQR-format atom data from /home/s.maximilian.wang2/aav/pqr/10ns_aav1ph73salt30suc12/capsid_suc.pqr.
  658665 atoms
  Centered at (2.573e+02, 1.988e+02, 1.220e+02)
  Net charge -3.30e+02 e
Preparing to run 2 PBE calculations.
----------------------------------------
CALCULATION #1: MULTIGRID
  Setting up problem...
  Vpbe_ctor:  Using max ion radius (2 A) for exclusion function
  Debye length:  17.5679 A
  Current memory usage:  12315.594 MB total, 12315.594 MB high water
  Using cubic spline charge discretization.
  Grid dimensions: 353 x 353 x 353
  Grid spacings: 1.447 x 1.495 x 1.468
  Grid lengths: 509.200 x 526.300 x 516.700
  Grid center: (257.265, 198.835, 122.040)
  Multigrid levels: 4
  Molecule ID: 1
  Linearized traditional PBE
  Single Debye-Huckel sphere boundary conditions
  2 ion species (0.030 M ionic strength):
    2.000 A-radius, 1.000 e-charge, 0.030 M concentration
    2.000 A-radius, -1.000 e-charge, 0.030 M concentration
  Solute dielectric: 2.000
  Solvent dielectric: 78.540
  Using "molecular" surface definition;harmonic average smoothing
  Solvent probe radius: 1.400 A
  Temperature:  298.150 K
  Electrostatic energies will be calculated
  Total electrostatic energy = 1.992042495430E+06 kJ/mol
  Calculating forces...
----------------------------------------
CALCULATION #2: MULTIGRID
  Setting up problem...
  Vpbe_ctor:  Using max ion radius (2 A) for exclusion function
  Debye length:  17.5679 A
  Current memory usage:  12315.594 MB total, 23135.427 MB high water
  Using cubic spline charge discretization.
  Grid dimensions: 353 x 353 x 353
  Grid spacings: 0.904 x 0.934 x 0.917
  Grid lengths: 318.200 x 328.900 x 322.900
  Grid center: (257.265, 198.835, 122.040)
  Multigrid levels: 4
  Molecule ID: 1
  Linearized traditional PBE
  Boundary conditions from focusing
  2 ion species (0.030 M ionic strength):
    2.000 A-radius, 1.000 e-charge, 0.030 M concentration
    2.000 A-radius, -1.000 e-charge, 0.030 M concentration
  Solute dielectric: 2.000
  Solvent dielectric: 78.540
  Using "molecular" surface definition;harmonic average smoothing
  Solvent probe radius: 1.400 A
  Temperature:  298.150 K
  Electrostatic energies will be calculated
  Potential to be written to pot_73_30.dx
  Total electrostatic energy = 7.950216675356E+06 kJ/mol
  Calculating forces...
  Writing potential to pot_73_30.dx
----------------------------------------
CLEANING UP AND SHUTTING DOWN...
Destroying force arrays.
No energy arrays to destroy.
Destroying multigrid structures.
Destroying 1 molecules
Final memory usage:  0.001 MB total, 23135.427 MB high water


Thanks for using APBS!

