Vpmg_fillco:  Atom #546046 at (513.640, 38.050, 231.320) is off the mesh (for cubic splines!!) (ignoring this atom):
Vpmg_fillco:    xmin = 2.665, xmax = 511.865
Vpmg_fillco:    ymin = -64.315, ymax = 461.985
Vpmg_fillco:    zmin = -136.31, zmax = 380.39
Vpmg_fillco:  Atom #546047 at (514.050, 37.380, 232.090) is off the mesh (for cubic splines!!) (ignoring this atom):
Vpmg_fillco:    xmin = 2.665, xmax = 511.865
Vpmg_fillco:    ymin = -64.315, ymax = 461.985
Vpmg_fillco:    zmin = -136.31, zmax = 380.39
Vpmg_fillco:  Atom #546048 at (513.950, 39.510, 231.630) is off the mesh (for cubic splines!!) (ignoring this atom):
Vpmg_fillco:    xmin = 2.665, xmax = 511.865
Vpmg_fillco:    ymin = -64.315, ymax = 461.985
Vpmg_fillco:    zmin = -136.31, zmax = 380.39
Vpmg_fillco:  Atom #546049 at (513.760, 40.040, 230.680) is off the mesh (for cubic splines!!) (ignoring this atom):
Vpmg_fillco:    xmin = 2.665, xmax = 511.865
Vpmg_fillco:    ymin = -64.315, ymax = 461.985
Vpmg_fillco:    zmin = -136.31, zmax = 380.39
Vpmg_fillco:  Atom #546058 at (515.300, 39.700, 232.090) is off the mesh (for cubic splines!!) (ignoring this atom):
Vpmg_fillco:    xmin = 2.665, xmax = 511.865
Vpmg_fillco:    ymin = -64.315, ymax = 461.985
Vpmg_fillco:    zmin = -136.31, zmax = 380.39
Vpmg_fillco:  Atom #546059 at (515.830, 40.290, 231.550) is off the mesh (for cubic splines!!) (ignoring this atom):
Vpmg_fillco:    xmin = 2.665, xmax = 511.865
Vpmg_fillco:    ymin = -64.315, ymax = 461.985
Vpmg_fillco:    zmin = -136.31, zmax = 380.39
Vpmg_fillco:  Atom #546060 at (514.250, 37.530, 230.120) is off the mesh (for cubic splines!!) (ignoring this atom):
Vpmg_fillco:    xmin = 2.665, xmax = 511.865
Vpmg_fillco:    ymin = -64.315, ymax = 461.985
Vpmg_fillco:    zmin = -136.31, zmax = 380.39
Vpmg_fillco:  Atom #546061 at (514.000, 36.600, 230.050) is off the mesh (for cubic splines!!) (ignoring this atom):
Vpmg_fillco:    xmin = 2.665, xmax = 511.865
Vpmg_fillco:    ymin = -64.315, ymax = 461.985
Vpmg_fillco:    zmin = -136.31, zmax = 380.39
Vpmg_fillco:  Atom #561390 at (514.010, 292.020, 244.110) is off the mesh (for cubic splines!!) (ignoring this atom):
Vpmg_fillco:    xmin = 2.665, xmax = 511.865
Vpmg_fillco:    ymin = -64.315, ymax = 461.985
Vpmg_fillco:    zmin = -136.31, zmax = 380.39
Vpmg_fillco:  Atom #561391 at (514.930, 290.870, 244.630) is off the mesh (for cubic splines!!) (ignoring this atom):
Vpmg_fillco:    xmin = 2.665, xmax = 511.865
Vpmg_fillco:    ymin = -64.315, ymax = 461.985
Vpmg_fillco:    zmin = -136.31, zmax = 380.39
Vpmg_fillco:  Atom #561392 at (515.800, 291.420, 245.030) is off the mesh (for cubic splines!!) (ignoring this atom):
Vpmg_fillco:    xmin = 2.665, xmax = 511.865
Vpmg_fillco:    ymin = -64.315, ymax = 461.985
Vpmg_fillco:    zmin = -136.31, zmax = 380.39
Vpmg_fillco:  Atom #561393 at (515.360, 290.160, 243.360) is off the mesh (for cubic splines!!) (ignoring this atom):
Vpmg_fillco:    xmin = 2.665, xmax = 511.865
Vpmg_fillco:    ymin = -64.315, ymax = 461.985
Vpmg_fillco:    zmin = -136.31, zmax = 380.39
Vpmg_fillco:  Atom #561394 at (514.590, 289.470, 242.970) is off the mesh (for cubic splines!!) (ignoring this atom):
Vpmg_fillco:    xmin = 2.665, xmax = 511.865
Vpmg_fillco:    ymin = -64.315, ymax = 461.985
Vpmg_fillco:    zmin = -136.31, zmax = 380.39
Vpmg_fillco:  Atom #561395 at (515.520, 291.420, 242.450) is off the mesh (for cubic splines!!) (ignoring this atom):
Vpmg_fillco:    xmin = 2.665, xmax = 511.865
Vpmg_fillco:    ymin = -64.315, ymax = 461.985
Vpmg_fillco:    zmin = -136.31, zmax = 380.39
Vpmg_fillco:  Atom #561396 at (516.520, 291.810, 242.680) is off the mesh (for cubic splines!!) (ignoring this atom):
Vpmg_fillco:    xmin = 2.665, xmax = 511.865
Vpmg_fillco:    ymin = -64.315, ymax = 461.985
Vpmg_fillco:    zmin = -136.31, zmax = 380.39
Vpmg_fillco:  Atom #561397 at (514.590, 292.430, 242.800) is off the mesh (for cubic splines!!) (ignoring this atom):
Vpmg_fillco:    xmin = 2.665, xmax = 511.865
Vpmg_fillco:    ymin = -64.315, ymax = 461.985
Vpmg_fillco:    zmin = -136.31, zmax = 380.39
Vpmg_fillco:  Atom #561398 at (515.310, 291.110, 240.900) is off the mesh (for cubic splines!!) (ignoring this atom):
Vpmg_fillco:    xmin = 2.665, xmax = 511.865
Vpmg_fillco:    ymin = -64.315, ymax = 461.985
Vpmg_fillco:    zmin = -136.31, zmax = 380.39
Vpmg_fillco:  Atom #561399 at (516.130, 290.510, 240.470) is off the mesh (for cubic splines!!) (ignoring this atom):
Vpmg_fillco:    xmin = 2.665, xmax = 511.865
Vpmg_fillco:    ymin = -64.315, ymax = 461.985
Vpmg_fillco:    zmin = -136.31, zmax = 380.39
Vpmg_fillco:  Atom #561400 at (515.240, 292.080, 240.370) is off the mesh (for cubic splines!!) (ignoring this atom):
Vpmg_fillco:    xmin = 2.665, xmax = 511.865
Vpmg_fillco:    ymin = -64.315, ymax = 461.985
Vpmg_fillco:    zmin = -136.31, zmax = 380.39
Vpmg_fillco:  Atom #561401 at (514.190, 290.250, 240.690) is off the mesh (for cubic splines!!) (ignoring this atom):
Vpmg_fillco:    xmin = 2.665, xmax = 511.865
Vpmg_fillco:    ymin = -64.315, ymax = 461.985
Vpmg_fillco:    zmin = -136.31, zmax = 380.39
Vpmg_fillco:  Atom #561402 at (513.450, 290.720, 241.080) is off the mesh (for cubic splines!!) (ignoring this atom):
Vpmg_fillco:    xmin = 2.665, xmax = 511.865
Vpmg_fillco:    ymin = -64.315, ymax = 461.985
Vpmg_fillco:    zmin = -136.31, zmax = 380.39
Vpmg_fillco:  Atom #561403 at (516.590, 289.500, 243.430) is off the mesh (for cubic splines!!) (ignoring this atom):
Vpmg_fillco:    xmin = 2.665, xmax = 511.865
Vpmg_fillco:    ymin = -64.315, ymax = 461.985
Vpmg_fillco:    zmin = -136.31, zmax = 380.39
Vpmg_fillco:  Atom #561404 at (516.510, 288.710, 242.890) is off the mesh (for cubic splines!!) (ignoring this atom):
Vpmg_fillco:    xmin = 2.665, xmax = 511.865
Vpmg_fillco:    ymin = -64.315, ymax = 461.985
Vpmg_fillco:    zmin = -136.31, zmax = 380.39
Vpmg_fillco:  Atom #561405 at (514.430, 289.970, 245.670) is off the mesh (for cubic splines!!) (ignoring this atom):
Vpmg_fillco:    xmin = 2.665, xmax = 511.865
Vpmg_fillco:    ymin = -64.315, ymax = 461.985
Vpmg_fillco:    zmin = -136.31, zmax = 380.39
Vpmg_fillco:  Atom #561406 at (513.640, 289.500, 245.380) is off the mesh (for cubic splines!!) (ignoring this atom):
Vpmg_fillco:    xmin = 2.665, xmax = 511.865
Vpmg_fillco:    ymin = -64.315, ymax = 461.985
Vpmg_fillco:    zmin = -136.31, zmax = 380.39
Vpmg_fillco:  Atom #561407 at (513.970, 293.240, 245.090) is off the mesh (for cubic splines!!) (ignoring this atom):
Vpmg_fillco:    xmin = 2.665, xmax = 511.865
Vpmg_fillco:    ymin = -64.315, ymax = 461.985
Vpmg_fillco:    zmin = -136.31, zmax = 380.39
Vpmg_fillco:  Atom #561408 at (513.550, 294.160, 244.630) is off the mesh (for cubic splines!!) (ignoring this atom):
Vpmg_fillco:    xmin = 2.665, xmax = 511.865
Vpmg_fillco:    ymin = -64.315, ymax = 461.985
Vpmg_fillco:    zmin = -136.31, zmax = 380.39
Vpmg_fillco:  Atom #561409 at (515.000, 293.520, 245.400) is off the mesh (for cubic splines!!) (ignoring this atom):
Vpmg_fillco:    xmin = 2.665, xmax = 511.865
Vpmg_fillco:    ymin = -64.315, ymax = 461.985
Vpmg_fillco:    zmin = -136.31, zmax = 380.39
Vpmg_fillco:  Atom #561411 at (513.450, 293.730, 246.790) is off the mesh (for cubic splines!!) (ignoring this atom):
Vpmg_fillco:    xmin = 2.665, xmax = 511.865
Vpmg_fillco:    ymin = -64.315, ymax = 461.985
Vpmg_fillco:    zmin = -136.31, zmax = 380.39
Vpmg_fillco:  Atom #567120 at (513.470, 199.170, 231.720) is off the mesh (for cubic splines!!) (ignoring this atom):
Vpmg_fillco:    xmin = 2.665, xmax = 511.865
Vpmg_fillco:    ymin = -64.315, ymax = 461.985
Vpmg_fillco:    zmin = -136.31, zmax = 380.39
Vpmg_fillco:  Atom #567121 at (514.250, 199.510, 231.270) is off the mesh (for cubic splines!!) (ignoring this atom):
Vpmg_fillco:    xmin = 2.665, xmax = 511.865
Vpmg_fillco:    ymin = -64.315, ymax = 461.985
Vpmg_fillco:    zmin = -136.31, zmax = 380.39
Vpmg_fillco:  Atom #567126 at (513.370, 202.420, 233.720) is off the mesh (for cubic splines!!) (ignoring this atom):
Vpmg_fillco:    xmin = 2.665, xmax = 511.865
Vpmg_fillco:    ymin = -64.315, ymax = 461.985
Vpmg_fillco:    zmin = -136.31, zmax = 380.39
Vpmg_fillco:  Atom #573391 at (513.620, 151.710, 239.940) is off the mesh (for cubic splines!!) (ignoring this atom):
Vpmg_fillco:    xmin = 2.665, xmax = 511.865
Vpmg_fillco:    ymin = -64.315, ymax = 461.985
Vpmg_fillco:    zmin = -136.31, zmax = 380.39
Vpmg_fillco:  Atom #573410 at (513.330, 153.980, 237.050) is off the mesh (for cubic splines!!) (ignoring this atom):
Vpmg_fillco:    xmin = 2.665, xmax = 511.865
Vpmg_fillco:    ymin = -64.315, ymax = 461.985
Vpmg_fillco:    zmin = -136.31, zmax = 380.39
Vpmg_fillco:  Atom #573411 at (513.810, 153.930, 236.060) is off the mesh (for cubic splines!!) (ignoring this atom):
Vpmg_fillco:    xmin = 2.665, xmax = 511.865
Vpmg_fillco:    ymin = -64.315, ymax = 461.985
Vpmg_fillco:    zmin = -136.31, zmax = 380.39
Vpmg_fillco:  Atom #573413 at (514.440, 153.800, 238.070) is off the mesh (for cubic splines!!) (ignoring this atom):
Vpmg_fillco:    xmin = 2.665, xmax = 511.865
Vpmg_fillco:    ymin = -64.315, ymax = 461.985
Vpmg_fillco:    zmin = -136.31, zmax = 380.39
Vpmg_fillco:  Atom #573414 at (515.410, 154.160, 237.650) is off the mesh (for cubic splines!!) (ignoring this atom):
Vpmg_fillco:    xmin = 2.665, xmax = 511.865
Vpmg_fillco:    ymin = -64.315, ymax = 461.985
Vpmg_fillco:    zmin = -136.31, zmax = 380.39
Vpmg_fillco:  Atom #573415 at (514.530, 152.720, 238.280) is off the mesh (for cubic splines!!) (ignoring this atom):
Vpmg_fillco:    xmin = 2.665, xmax = 511.865
Vpmg_fillco:    ymin = -64.315, ymax = 461.985
Vpmg_fillco:    zmin = -136.31, zmax = 380.39
Vpmg_fillco:  Atom #573416 at (514.120, 154.530, 239.320) is off the mesh (for cubic splines!!) (ignoring this atom):
Vpmg_fillco:    xmin = 2.665, xmax = 511.865
Vpmg_fillco:    ymin = -64.315, ymax = 461.985
Vpmg_fillco:    zmin = -136.31, zmax = 380.39
Vpmg_fillco:  Atom #573417 at (514.840, 154.360, 239.940) is off the mesh (for cubic splines!!) (ignoring this atom):
Vpmg_fillco:    xmin = 2.665, xmax = 511.865
Vpmg_fillco:    ymin = -64.315, ymax = 461.985
Vpmg_fillco:    zmin = -136.31, zmax = 380.39
Vpmg_fillco:  Atom #573418 at (513.390, 156.460, 236.600) is off the mesh (for cubic splines!!) (ignoring this atom):
Vpmg_fillco:    xmin = 2.665, xmax = 511.865
Vpmg_fillco:    ymin = -64.315, ymax = 461.985
Vpmg_fillco:    zmin = -136.31, zmax = 380.39
Vpmg_fillco:  Atom #573434 at (513.660, 150.470, 241.600) is off the mesh (for cubic splines!!) (ignoring this atom):
Vpmg_fillco:    xmin = 2.665, xmax = 511.865
Vpmg_fillco:    ymin = -64.315, ymax = 461.985
Vpmg_fillco:    zmin = -136.31, zmax = 380.39
Vpmg_fillco:  Atom #647424 at (0.740, 28.520, 1.560) is off the mesh (for cubic splines!!) (ignoring this atom):
Vpmg_fillco:    xmin = 2.665, xmax = 511.865
Vpmg_fillco:    ymin = -64.315, ymax = 461.985
Vpmg_fillco:    zmin = -136.31, zmax = 380.39
Vpmg_fillco:  Atom #647425 at (-0.120, 28.410, 2.250) is off the mesh (for cubic splines!!) (ignoring this atom):
Vpmg_fillco:    xmin = 2.665, xmax = 511.865
Vpmg_fillco:    ymin = -64.315, ymax = 461.985
Vpmg_fillco:    zmin = -136.31, zmax = 380.39
Vpmg_fillco:  Atom #647429 at (0.530, 26.140, 0.800) is off the mesh (for cubic splines!!) (ignoring this atom):
Vpmg_fillco:    xmin = 2.665, xmax = 511.865
Vpmg_fillco:    ymin = -64.315, ymax = 461.985
Vpmg_fillco:    zmin = -136.31, zmax = 380.39
Vpmg_fillco:  Atom #647430 at (0.210, 25.080, 1.670) is off the mesh (for cubic splines!!) (ignoring this atom):
Vpmg_fillco:    xmin = 2.665, xmax = 511.865
Vpmg_fillco:    ymin = -64.315, ymax = 461.985
Vpmg_fillco:    zmin = -136.31, zmax = 380.39
Vpmg_fillco:  Atom #647431 at (-0.380, 23.870, 0.810) is off the mesh (for cubic splines!!) (ignoring this atom):
Vpmg_fillco:    xmin = 2.665, xmax = 511.865
Vpmg_fillco:    ymin = -64.315, ymax = 461.985
Vpmg_fillco:    zmin = -136.31, zmax = 380.39
Vpmg_fillco:  Atom #647432 at (-1.030, 23.160, 1.340) is off the mesh (for cubic splines!!) (ignoring this atom):
Vpmg_fillco:    xmin = 2.665, xmax = 511.865
Vpmg_fillco:    ymin = -64.315, ymax = 461.985
Vpmg_fillco:    zmin = -136.31, zmax = 380.39
Vpmg_fillco:  Atom #647433 at (0.940, 23.130, 0.410) is off the mesh (for cubic splines!!) (ignoring this atom):
Vpmg_fillco:    xmin = 2.665, xmax = 511.865
Vpmg_fillco:    ymin = -64.315, ymax = 461.985
Vpmg_fillco:    zmin = -136.31, zmax = 380.39
Vpmg_fillco:  Atom #647443 at (0.810, 21.810, 0.070) is off the mesh (for cubic splines!!) (ignoring this atom):
Vpmg_fillco:    xmin = 2.665, xmax = 511.865
Vpmg_fillco:    ymin = -64.315, ymax = 461.985
Vpmg_fillco:    zmin = -136.31, zmax = 380.39
Vpmg_fillco:  Atom #647445 at (-1.210, 24.360, -0.270) is off the mesh (for cubic splines!!) (ignoring this atom):
Vpmg_fillco:    xmin = 2.665, xmax = 511.865
Vpmg_fillco:    ymin = -64.315, ymax = 461.985
Vpmg_fillco:    zmin = -136.31, zmax = 380.39
Vpmg_fillco:  Atom #647446 at (-2.060, 23.920, -0.240) is off the mesh (for cubic splines!!) (ignoring this atom):
Vpmg_fillco:    xmin = 2.665, xmax = 511.865
Vpmg_fillco:    ymin = -64.315, ymax = 461.985
Vpmg_fillco:    zmin = -136.31, zmax = 380.39
Vpmg_fillco:  Atom #647447 at (-0.760, 25.600, 2.760) is off the mesh (for cubic splines!!) (ignoring this atom):
Vpmg_fillco:    xmin = 2.665, xmax = 511.865
Vpmg_fillco:    ymin = -64.315, ymax = 461.985
Vpmg_fillco:    zmin = -136.31, zmax = 380.39
Vpmg_fillco:  Atom #647448 at (-0.220, 26.060, 3.610) is off the mesh (for cubic splines!!) (ignoring this atom):
Vpmg_fillco:    xmin = 2.665, xmax = 511.865
Vpmg_fillco:    ymin = -64.315, ymax = 461.985
Vpmg_fillco:    zmin = -136.31, zmax = 380.39
Vpmg_fillco:  Atom #647449 at (-1.190, 24.700, 3.240) is off the mesh (for cubic splines!!) (ignoring this atom):
Vpmg_fillco:    xmin = 2.665, xmax = 511.865
Vpmg_fillco:    ymin = -64.315, ymax = 461.985
Vpmg_fillco:    zmin = -136.31, zmax = 380.39
Vpmg_fillco:  Atom #647450 at (-1.880, 26.410, 2.330) is off the mesh (for cubic splines!!) (ignoring this atom):
Vpmg_fillco:    xmin = 2.665, xmax = 511.865
Vpmg_fillco:    ymin = -64.315, ymax = 461.985
Vpmg_fillco:    zmin = -136.31, zmax = 380.39
Vpmg_fillco:  Atom #647451 at (-1.570, 27.320, 2.290) is off the mesh (for cubic splines!!) (ignoring this atom):
Vpmg_fillco:    xmin = 2.665, xmax = 511.865
Vpmg_fillco:    ymin = -64.315, ymax = 461.985
Vpmg_fillco:    zmin = -136.31, zmax = 380.39
Vpmg_fillco:  Atom #647452 at (0.040, 28.910, 0.420) is off the mesh (for cubic splines!!) (ignoring this atom):
Vpmg_fillco:    xmin = 2.665, xmax = 511.865
Vpmg_fillco:    ymin = -64.315, ymax = 461.985
Vpmg_fillco:    zmin = -136.31, zmax = 380.39
Vpmg_fillco:  Atom #647453 at (-0.240, 29.800, 0.640) is off the mesh (for cubic splines!!) (ignoring this atom):
Vpmg_fillco:    xmin = 2.665, xmax = 511.865
Vpmg_fillco:    ymin = -64.315, ymax = 461.985
Vpmg_fillco:    zmin = -136.31, zmax = 380.39
Vpmg_fillco:  Atom #546045 at (512.090, 38.040, 231.310) is off the mesh (ignoring):
Vpmg_fillco:  xmin = 2.665, xmax = 511.865
Vpmg_fillco:  ymin = -64.315, ymax = 461.985
Vpmg_fillco:  zmin = -136.31, zmax = 380.39
Vpmg_fillco:  Atom #546046 at (513.640, 38.050, 231.320) is off the mesh (ignoring):
Vpmg_fillco:  xmin = 2.665, xmax = 511.865
Vpmg_fillco:  ymin = -64.315, ymax = 461.985
Vpmg_fillco:  zmin = -136.31, zmax = 380.39
Vpmg_fillco:  Atom #546047 at (514.050, 37.380, 232.090) is off the mesh (ignoring):
Vpmg_fillco:  xmin = 2.665, xmax = 511.865
Vpmg_fillco:  ymin = -64.315, ymax = 461.985
Vpmg_fillco:  zmin = -136.31, zmax = 380.39
Vpmg_fillco:  Atom #546048 at (513.950, 39.510, 231.630) is off the mesh (ignoring):
Vpmg_fillco:  xmin = 2.665, xmax = 511.865
Vpmg_fillco:  ymin = -64.315, ymax = 461.985
Vpmg_fillco:  zmin = -136.31, zmax = 380.39
Vpmg_fillco:  Atom #546049 at (513.760, 40.040, 230.680) is off the mesh (ignoring):
Vpmg_fillco:  xmin = 2.665, xmax = 511.865
Vpmg_fillco:  ymin = -64.315, ymax = 461.985
Vpmg_fillco:  zmin = -136.31, zmax = 380.39
Vpmg_fillco:  Atom #546050 at (512.930, 39.710, 232.720) is off the mesh (ignoring):
Vpmg_fillco:  xmin = 2.665, xmax = 511.865
Vpmg_fillco:  ymin = -64.315, ymax = 461.985
Vpmg_fillco:  zmin = -136.31, zmax = 380.39
Vpmg_fillco:  Atom #546051 at (513.280, 39.200, 233.640) is off the mesh (ignoring):
Vpmg_fillco:  xmin = 2.665, xmax = 511.865
Vpmg_fillco:  ymin = -64.315, ymax = 461.985
Vpmg_fillco:  zmin = -136.31, zmax = 380.39
Vpmg_fillco:  Atom #546053 at (512.530, 41.180, 232.940) is off the mesh (ignoring):
Vpmg_fillco:  xmin = 2.665, xmax = 511.865
Vpmg_fillco:  ymin = -64.315, ymax = 461.985
Vpmg_fillco:  zmin = -136.31, zmax = 380.39
Vpmg_fillco:  Atom #546054 at (513.080, 41.520, 233.850) is off the mesh (ignoring):
Vpmg_fillco:  xmin = 2.665, xmax = 511.865
Vpmg_fillco:  ymin = -64.315, ymax = 461.985
Vpmg_fillco:  zmin = -136.31, zmax = 380.39
Vpmg_fillco:  Atom #546056 at (512.900, 42.160, 231.930) is off the mesh (ignoring):
Vpmg_fillco:  xmin = 2.665, xmax = 511.865
Vpmg_fillco:  ymin = -64.315, ymax = 461.985
Vpmg_fillco:  zmin = -136.31, zmax = 380.39
Vpmg_fillco:  Atom #546057 at (512.850, 42.990, 232.400) is off the mesh (ignoring):
Vpmg_fillco:  xmin = 2.665, xmax = 511.865
Vpmg_fillco:  ymin = -64.315, ymax = 461.985
Vpmg_fillco:  zmin = -136.31, zmax = 380.39
Vpmg_fillco:  Atom #546058 at (515.300, 39.700, 232.090) is off the mesh (ignoring):
Vpmg_fillco:  xmin = 2.665, xmax = 511.865
Vpmg_fillco:  ymin = -64.315, ymax = 461.985
Vpmg_fillco:  zmin = -136.31, zmax = 380.39
Vpmg_fillco:  Atom #546059 at (515.830, 40.290, 231.550) is off the mesh (ignoring):
Vpmg_fillco:  xmin = 2.665, xmax = 511.865
Vpmg_fillco:  ymin = -64.315, ymax = 461.985
Vpmg_fillco:  zmin = -136.31, zmax = 380.39
Vpmg_fillco:  Atom #546060 at (514.250, 37.530, 230.120) is off the mesh (ignoring):
Vpmg_fillco:  xmin = 2.665, xmax = 511.865
Vpmg_fillco:  ymin = -64.315, ymax = 461.985
Vpmg_fillco:  zmin = -136.31, zmax = 380.39
Vpmg_fillco:  Atom #546061 at (514.000, 36.600, 230.050) is off the mesh (ignoring):
Vpmg_fillco:  xmin = 2.665, xmax = 511.865
Vpmg_fillco:  ymin = -64.315, ymax = 461.985
Vpmg_fillco:  zmin = -136.31, zmax = 380.39
Vpmg_fillco:  Atom #546064 at (512.220, 36.030, 232.050) is off the mesh (ignoring):
Vpmg_fillco:  xmin = 2.665, xmax = 511.865
Vpmg_fillco:  ymin = -64.315, ymax = 461.985
Vpmg_fillco:  zmin = -136.31, zmax = 380.39
Vpmg_fillco:  Atom #561387 at (511.910, 293.320, 243.360) is off the mesh (ignoring):
Vpmg_fillco:  xmin = 2.665, xmax = 511.865
Vpmg_fillco:  ymin = -64.315, ymax = 461.985
Vpmg_fillco:  zmin = -136.31, zmax = 380.39
Vpmg_fillco:  Atom #561388 at (511.960, 291.810, 241.870) is off the mesh (ignoring):
Vpmg_fillco:  xmin = 2.665, xmax = 511.865
Vpmg_fillco:  ymin = -64.315, ymax = 461.985
Vpmg_fillco:  zmin = -136.31, zmax = 380.39
Vpmg_fillco:  Atom #561389 at (512.690, 291.470, 244.000) is off the mesh (ignoring):
Vpmg_fillco:  xmin = 2.665, xmax = 511.865
Vpmg_fillco:  ymin = -64.315, ymax = 461.985
Vpmg_fillco:  zmin = -136.31, zmax = 380.39
Vpmg_fillco:  Atom #561390 at (514.010, 292.020, 244.110) is off the mesh (ignoring):
Vpmg_fillco:  xmin = 2.665, xmax = 511.865
Vpmg_fillco:  ymin = -64.315, ymax = 461.985
Vpmg_fillco:  zmin = -136.31, zmax = 380.39
Vpmg_fillco:  Atom #561391 at (514.930, 290.870, 244.630) is off the mesh (ignoring):
Vpmg_fillco:  xmin = 2.665, xmax = 511.865
Vpmg_fillco:  ymin = -64.315, ymax = 461.985
Vpmg_fillco:  zmin = -136.31, zmax = 380.39
Vpmg_fillco:  Atom #561392 at (515.800, 291.420, 245.030) is off the mesh (ignoring):
Vpmg_fillco:  xmin = 2.665, xmax = 511.865
Vpmg_fillco:  ymin = -64.315, ymax = 461.985
Vpmg_fillco:  zmin = -136.31, zmax = 380.39
Vpmg_fillco:  Atom #561393 at (515.360, 290.160, 243.360) is off the mesh (ignoring):
Vpmg_fillco:  xmin = 2.665, xmax = 511.865
Vpmg_fillco:  ymin = -64.315, ymax = 461.985
Vpmg_fillco:  zmin = -136.31, zmax = 380.39
Vpmg_fillco:  Atom #561394 at (514.590, 289.470, 242.970) is off the mesh (ignoring):
Vpmg_fillco:  xmin = 2.665, xmax = 511.865
Vpmg_fillco:  ymin = -64.315, ymax = 461.985
Vpmg_fillco:  zmin = -136.31, zmax = 380.39
Vpmg_fillco:  Atom #561395 at (515.520, 291.420, 242.450) is off the mesh (ignoring):
Vpmg_fillco:  xmin = 2.665, xmax = 511.865
Vpmg_fillco:  ymin = -64.315, ymax = 461.985
Vpmg_fillco:  zmin = -136.31, zmax = 380.39
Vpmg_fillco:  Atom #561396 at (516.520, 291.810, 242.680) is off the mesh (ignoring):
Vpmg_fillco:  xmin = 2.665, xmax = 511.865
Vpmg_fillco:  ymin = -64.315, ymax = 461.985
Vpmg_fillco:  zmin = -136.31, zmax = 380.39
Vpmg_fillco:  Atom #561397 at (514.590, 292.430, 242.800) is off the mesh (ignoring):
Vpmg_fillco:  xmin = 2.665, xmax = 511.865
Vpmg_fillco:  ymin = -64.315, ymax = 461.985
Vpmg_fillco:  zmin = -136.31, zmax = 380.39
Vpmg_fillco:  Atom #561398 at (515.310, 291.110, 240.900) is off the mesh (ignoring):
Vpmg_fillco:  xmin = 2.665, xmax = 511.865
Vpmg_fillco:  ymin = -64.315, ymax = 461.985
Vpmg_fillco:  zmin = -136.31, zmax = 380.39
Vpmg_fillco:  Atom #561399 at (516.130, 290.510, 240.470) is off the mesh (ignoring):
Vpmg_fillco:  xmin = 2.665, xmax = 511.865
Vpmg_fillco:  ymin = -64.315, ymax = 461.985
Vpmg_fillco:  zmin = -136.31, zmax = 380.39
Vpmg_fillco:  Atom #561400 at (515.240, 292.080, 240.370) is off the mesh (ignoring):
Vpmg_fillco:  xmin = 2.665, xmax = 511.865
Vpmg_fillco:  ymin = -64.315, ymax = 461.985
Vpmg_fillco:  zmin = -136.31, zmax = 380.39
Vpmg_fillco:  Atom #561401 at (514.190, 290.250, 240.690) is off the mesh (ignoring):
Vpmg_fillco:  xmin = 2.665, xmax = 511.865
Vpmg_fillco:  ymin = -64.315, ymax = 461.985
Vpmg_fillco:  zmin = -136.31, zmax = 380.39
Vpmg_fillco:  Atom #561402 at (513.450, 290.720, 241.080) is off the mesh (ignoring):
Vpmg_fillco:  xmin = 2.665, xmax = 511.865
Vpmg_fillco:  ymin = -64.315, ymax = 461.985
Vpmg_fillco:  zmin = -136.31, zmax = 380.39
Vpmg_fillco:  Atom #561403 at (516.590, 289.500, 243.430) is off the mesh (ignoring):
Vpmg_fillco:  xmin = 2.665, xmax = 511.865
Vpmg_fillco:  ymin = -64.315, ymax = 461.985
Vpmg_fillco:  zmin = -136.31, zmax = 380.39
Vpmg_fillco:  Atom #561404 at (516.510, 288.710, 242.890) is off the mesh (ignoring):
Vpmg_fillco:  xmin = 2.665, xmax = 511.865
Vpmg_fillco:  ymin = -64.315, ymax = 461.985
Vpmg_fillco:  zmin = -136.31, zmax = 380.39
Vpmg_fillco:  Atom #561405 at (514.430, 289.970, 245.670) is off the mesh (ignoring):
Vpmg_fillco:  xmin = 2.665, xmax = 511.865
Vpmg_fillco:  ymin = -64.315, ymax = 461.985
Vpmg_fillco:  zmin = -136.31, zmax = 380.39
Vpmg_fillco:  Atom #561406 at (513.640, 289.500, 245.380) is off the mesh (ignoring):
Vpmg_fillco:  xmin = 2.665, xmax = 511.865
Vpmg_fillco:  ymin = -64.315, ymax = 461.985
Vpmg_fillco:  zmin = -136.31, zmax = 380.39
Vpmg_fillco:  Atom #561407 at (513.970, 293.240, 245.090) is off the mesh (ignoring):
Vpmg_fillco:  xmin = 2.665, xmax = 511.865
Vpmg_fillco:  ymin = -64.315, ymax = 461.985
Vpmg_fillco:  zmin = -136.31, zmax = 380.39
Vpmg_fillco:  Atom #561408 at (513.550, 294.160, 244.630) is off the mesh (ignoring):
Vpmg_fillco:  xmin = 2.665, xmax = 511.865
Vpmg_fillco:  ymin = -64.315, ymax = 461.985
Vpmg_fillco:  zmin = -136.31, zmax = 380.39
Vpmg_fillco:  Atom #561409 at (515.000, 293.520, 245.400) is off the mesh (ignoring):
Vpmg_fillco:  xmin = 2.665, xmax = 511.865
Vpmg_fillco:  ymin = -64.315, ymax = 461.985
Vpmg_fillco:  zmin = -136.31, zmax = 380.39
Vpmg_fillco:  Atom #561410 at (513.250, 292.980, 246.240) is off the mesh (ignoring):
Vpmg_fillco:  xmin = 2.665, xmax = 511.865
Vpmg_fillco:  ymin = -64.315, ymax = 461.985
Vpmg_fillco:  zmin = -136.31, zmax = 380.39
Vpmg_fillco:  Atom #561411 at (513.450, 293.730, 246.790) is off the mesh (ignoring):
Vpmg_fillco:  xmin = 2.665, xmax = 511.865
Vpmg_fillco:  ymin = -64.315, ymax = 461.985
Vpmg_fillco:  zmin = -136.31, zmax = 380.39
Vpmg_fillco:  Atom #561418 at (512.890, 294.180, 240.240) is off the mesh (ignoring):
Vpmg_fillco:  xmin = 2.665, xmax = 511.865
Vpmg_fillco:  ymin = -64.315, ymax = 461.985
Vpmg_fillco:  zmin = -136.31, zmax = 380.39
Vpmg_fillco:  Atom #561419 at (513.030, 295.130, 240.180) is off the mesh (ignoring):
Vpmg_fillco:  xmin = 2.665, xmax = 511.865
Vpmg_fillco:  ymin = -64.315, ymax = 461.985
Vpmg_fillco:  zmin = -136.31, zmax = 380.39
Vpmg_fillco:  Atom #567098 at (512.100, 197.990, 235.420) is off the mesh (ignoring):
Vpmg_fillco:  xmin = 2.665, xmax = 511.865
Vpmg_fillco:  ymin = -64.315, ymax = 461.985
Vpmg_fillco:  zmin = -136.31, zmax = 380.39
Vpmg_fillco:  Atom #567106 at (512.260, 199.790, 231.230) is off the mesh (ignoring):
Vpmg_fillco:  xmin = 2.665, xmax = 511.865
Vpmg_fillco:  ymin = -64.315, ymax = 461.985
Vpmg_fillco:  zmin = -136.31, zmax = 380.39
Vpmg_fillco:  Atom #567107 at (512.430, 200.740, 230.700) is off the mesh (ignoring):
Vpmg_fillco:  xmin = 2.665, xmax = 511.865
Vpmg_fillco:  ymin = -64.315, ymax = 461.985
Vpmg_fillco:  zmin = -136.31, zmax = 380.39
Vpmg_fillco:  Atom #567119 at (512.280, 197.980, 228.970) is off the mesh (ignoring):
Vpmg_fillco:  xmin = 2.665, xmax = 511.865
Vpmg_fillco:  ymin = -64.315, ymax = 461.985
Vpmg_fillco:  zmin = -136.31, zmax = 380.39
Vpmg_fillco:  Atom #567120 at (513.470, 199.170, 231.720) is off the mesh (ignoring):
Vpmg_fillco:  xmin = 2.665, xmax = 511.865
Vpmg_fillco:  ymin = -64.315, ymax = 461.985
Vpmg_fillco:  zmin = -136.31, zmax = 380.39
Vpmg_fillco:  Atom #567121 at (514.250, 199.510, 231.270) is off the mesh (ignoring):
Vpmg_fillco:  xmin = 2.665, xmax = 511.865
Vpmg_fillco:  ymin = -64.315, ymax = 461.985
Vpmg_fillco:  zmin = -136.31, zmax = 380.39
Vpmg_fillco:  Atom #567125 at (513.220, 201.710, 233.090) is off the mesh (ignoring):
Vpmg_fillco:  xmin = 2.665, xmax = 511.865
Vpmg_fillco:  ymin = -64.315, ymax = 461.985
Vpmg_fillco:  zmin = -136.31, zmax = 380.39
Vpmg_fillco:  Atom #567126 at (513.370, 202.420, 233.720) is off the mesh (ignoring):
Vpmg_fillco:  xmin = 2.665, xmax = 511.865
Vpmg_fillco:  ymin = -64.315, ymax = 461.985
Vpmg_fillco:  zmin = -136.31, zmax = 380.39
Vpmg_fillco:  Atom #567130 at (512.140, 198.480, 237.520) is off the mesh (ignoring):
Vpmg_fillco:  xmin = 2.665, xmax = 511.865
Vpmg_fillco:  ymin = -64.315, ymax = 461.985
Vpmg_fillco:  zmin = -136.31, zmax = 380.39
Vpmg_fillco:  Atom #573390 at (512.630, 151.310, 240.250) is off the mesh (ignoring):
Vpmg_fillco:  xmin = 2.665, xmax = 511.865
Vpmg_fillco:  ymin = -64.315, ymax = 461.985
Vpmg_fillco:  zmin = -136.31, zmax = 380.39
Vpmg_fillco:  Atom #573391 at (513.620, 151.710, 239.940) is off the mesh (ignoring):
Vpmg_fillco:  xmin = 2.665, xmax = 511.865
Vpmg_fillco:  ymin = -64.315, ymax = 461.985
Vpmg_fillco:  zmin = -136.31, zmax = 380.39
Vpmg_fillco:  Atom #573392 at (512.040, 150.950, 239.380) is off the mesh (ignoring):
Vpmg_fillco:  xmin = 2.665, xmax = 511.865
Vpmg_fillco:  ymin = -64.315, ymax = 461.985
Vpmg_fillco:  zmin = -136.31, zmax = 380.39
Vpmg_fillco:  Atom #573394 at (512.490, 153.080, 241.380) is off the mesh (ignoring):
Vpmg_fillco:  xmin = 2.665, xmax = 511.865
Vpmg_fillco:  ymin = -64.315, ymax = 461.985
Vpmg_fillco:  zmin = -136.31, zmax = 380.39
Vpmg_fillco:  Atom #573408 at (512.600, 155.340, 237.030) is off the mesh (ignoring):
Vpmg_fillco:  xmin = 2.665, xmax = 511.865
Vpmg_fillco:  ymin = -64.315, ymax = 461.985
Vpmg_fillco:  zmin = -136.31, zmax = 380.39
Vpmg_fillco:  Atom #573409 at (512.210, 155.520, 238.040) is off the mesh (ignoring):
Vpmg_fillco:  xmin = 2.665, xmax = 511.865
Vpmg_fillco:  ymin = -64.315, ymax = 461.985
Vpmg_fillco:  zmin = -136.31, zmax = 380.39
Vpmg_fillco:  Atom #573410 at (513.330, 153.980, 237.050) is off the mesh (ignoring):
Vpmg_fillco:  xmin = 2.665, xmax = 511.865
Vpmg_fillco:  ymin = -64.315, ymax = 461.985
Vpmg_fillco:  zmin = -136.31, zmax = 380.39
Vpmg_fillco:  Atom #573411 at (513.810, 153.930, 236.060) is off the mesh (ignoring):
Vpmg_fillco:  xmin = 2.665, xmax = 511.865
Vpmg_fillco:  ymin = -64.315, ymax = 461.985
Vpmg_fillco:  zmin = -136.31, zmax = 380.39
Vpmg_fillco:  Atom #573412 at (512.260, 153.010, 237.060) is off the mesh (ignoring):
Vpmg_fillco:  xmin = 2.665, xmax = 511.865
Vpmg_fillco:  ymin = -64.315, ymax = 461.985
Vpmg_fillco:  zmin = -136.31, zmax = 380.39
Vpmg_fillco:  Atom #573413 at (514.440, 153.800, 238.070) is off the mesh (ignoring):
Vpmg_fillco:  xmin = 2.665, xmax = 511.865
Vpmg_fillco:  ymin = -64.315, ymax = 461.985
Vpmg_fillco:  zmin = -136.31, zmax = 380.39
Vpmg_fillco:  Atom #573414 at (515.410, 154.160, 237.650) is off the mesh (ignoring):
Vpmg_fillco:  xmin = 2.665, xmax = 511.865
Vpmg_fillco:  ymin = -64.315, ymax = 461.985
Vpmg_fillco:  zmin = -136.31, zmax = 380.39
Vpmg_fillco:  Atom #573415 at (514.530, 152.720, 238.280) is off the mesh (ignoring):
Vpmg_fillco:  xmin = 2.665, xmax = 511.865
Vpmg_fillco:  ymin = -64.315, ymax = 461.985
Vpmg_fillco:  zmin = -136.31, zmax = 380.39
Vpmg_fillco:  Atom #573416 at (514.120, 154.530, 239.320) is off the mesh (ignoring):
Vpmg_fillco:  xmin = 2.665, xmax = 511.865
Vpmg_fillco:  ymin = -64.315, ymax = 461.985
Vpmg_fillco:  zmin = -136.31, zmax = 380.39
Vpmg_fillco:  Atom #573417 at (514.840, 154.360, 239.940) is off the mesh (ignoring):
Vpmg_fillco:  xmin = 2.665, xmax = 511.865
Vpmg_fillco:  ymin = -64.315, ymax = 461.985
Vpmg_fillco:  zmin = -136.31, zmax = 380.39
Vpmg_fillco:  Atom #573418 at (513.390, 156.460, 236.600) is off the mesh (ignoring):
Vpmg_fillco:  xmin = 2.665, xmax = 511.865
Vpmg_fillco:  ymin = -64.315, ymax = 461.985
Vpmg_fillco:  zmin = -136.31, zmax = 380.39
Vpmg_fillco:  Atom #573419 at (512.970, 157.280, 236.870) is off the mesh (ignoring):
Vpmg_fillco:  xmin = 2.665, xmax = 511.865
Vpmg_fillco:  ymin = -64.315, ymax = 461.985
Vpmg_fillco:  zmin = -136.31, zmax = 380.39
Vpmg_fillco:  Atom #573433 at (512.770, 150.330, 241.260) is off the mesh (ignoring):
Vpmg_fillco:  xmin = 2.665, xmax = 511.865
Vpmg_fillco:  ymin = -64.315, ymax = 461.985
Vpmg_fillco:  zmin = -136.31, zmax = 380.39
Vpmg_fillco:  Atom #573434 at (513.660, 150.470, 241.600) is off the mesh (ignoring):
Vpmg_fillco:  xmin = 2.665, xmax = 511.865
Vpmg_fillco:  ymin = -64.315, ymax = 461.985
Vpmg_fillco:  zmin = -136.31, zmax = 380.39
Vpmg_fillco:  Atom #647422 at (1.800, 29.520, 2.090) is off the mesh (ignoring):
Vpmg_fillco:  xmin = 2.665, xmax = 511.865
Vpmg_fillco:  ymin = -64.315, ymax = 461.985
Vpmg_fillco:  zmin = -136.31, zmax = 380.39
Vpmg_fillco:  Atom #647423 at (1.390, 30.550, 2.070) is off the mesh (ignoring):
Vpmg_fillco:  xmin = 2.665, xmax = 511.865
Vpmg_fillco:  ymin = -64.315, ymax = 461.985
Vpmg_fillco:  zmin = -136.31, zmax = 380.39
Vpmg_fillco:  Atom #647424 at (0.740, 28.520, 1.560) is off the mesh (ignoring):
Vpmg_fillco:  xmin = 2.665, xmax = 511.865
Vpmg_fillco:  ymin = -64.315, ymax = 461.985
Vpmg_fillco:  zmin = -136.31, zmax = 380.39
Vpmg_fillco:  Atom #647425 at (-0.120, 28.410, 2.250) is off the mesh (ignoring):
Vpmg_fillco:  xmin = 2.665, xmax = 511.865
Vpmg_fillco:  ymin = -64.315, ymax = 461.985
Vpmg_fillco:  zmin = -136.31, zmax = 380.39
Vpmg_fillco:  Atom #647426 at (1.380, 27.110, 1.420) is off the mesh (ignoring):
Vpmg_fillco:  xmin = 2.665, xmax = 511.865
Vpmg_fillco:  ymin = -64.315, ymax = 461.985
Vpmg_fillco:  zmin = -136.31, zmax = 380.39
Vpmg_fillco:  Atom #647427 at (1.710, 26.770, 2.420) is off the mesh (ignoring):
Vpmg_fillco:  xmin = 2.665, xmax = 511.865
Vpmg_fillco:  ymin = -64.315, ymax = 461.985
Vpmg_fillco:  zmin = -136.31, zmax = 380.39
Vpmg_fillco:  Atom #647428 at (2.590, 27.120, 0.670) is off the mesh (ignoring):
Vpmg_fillco:  xmin = 2.665, xmax = 511.865
Vpmg_fillco:  ymin = -64.315, ymax = 461.985
Vpmg_fillco:  zmin = -136.31, zmax = 380.39
Vpmg_fillco:  Atom #647429 at (0.530, 26.140, 0.800) is off the mesh (ignoring):
Vpmg_fillco:  xmin = 2.665, xmax = 511.865
Vpmg_fillco:  ymin = -64.315, ymax = 461.985
Vpmg_fillco:  zmin = -136.31, zmax = 380.39
Vpmg_fillco:  Atom #647430 at (0.210, 25.080, 1.670) is off the mesh (ignoring):
Vpmg_fillco:  xmin = 2.665, xmax = 511.865
Vpmg_fillco:  ymin = -64.315, ymax = 461.985
Vpmg_fillco:  zmin = -136.31, zmax = 380.39
Vpmg_fillco:  Atom #647431 at (-0.380, 23.870, 0.810) is off the mesh (ignoring):
Vpmg_fillco:  xmin = 2.665, xmax = 511.865
Vpmg_fillco:  ymin = -64.315, ymax = 461.985
Vpmg_fillco:  zmin = -136.31, zmax = 380.39
Vpmg_fillco:  Atom #647432 at (-1.030, 23.160, 1.340) is off the mesh (ignoring):
Vpmg_fillco:  xmin = 2.665, xmax = 511.865
Vpmg_fillco:  ymin = -64.315, ymax = 461.985
Vpmg_fillco:  zmin = -136.31, zmax = 380.39
Vpmg_fillco:  Atom #647433 at (0.940, 23.130, 0.410) is off the mesh (ignoring):
Vpmg_fillco:  xmin = 2.665, xmax = 511.865
Vpmg_fillco:  ymin = -64.315, ymax = 461.985
Vpmg_fillco:  zmin = -136.31, zmax = 380.39
Vpmg_fillco:  Atom #647434 at (1.240, 23.710, -0.480) is off the mesh (ignoring):
Vpmg_fillco:  xmin = 2.665, xmax = 511.865
Vpmg_fillco:  ymin = -64.315, ymax = 461.985
Vpmg_fillco:  zmin = -136.31, zmax = 380.39
Vpmg_fillco:  Atom #647435 at (1.890, 23.400, 1.620) is off the mesh (ignoring):
Vpmg_fillco:  xmin = 2.665, xmax = 511.865
Vpmg_fillco:  ymin = -64.315, ymax = 461.985
Vpmg_fillco:  zmin = -136.31, zmax = 380.39
Vpmg_fillco:  Atom #647436 at (1.750, 22.520, 2.270) is off the mesh (ignoring):
Vpmg_fillco:  xmin = 2.665, xmax = 511.865
Vpmg_fillco:  ymin = -64.315, ymax = 461.985
Vpmg_fillco:  zmin = -136.31, zmax = 380.39
Vpmg_fillco:  Atom #647437 at (1.360, 24.540, 2.380) is off the mesh (ignoring):
Vpmg_fillco:  xmin = 2.665, xmax = 511.865
Vpmg_fillco:  ymin = -64.315, ymax = 461.985
Vpmg_fillco:  zmin = -136.31, zmax = 380.39
Vpmg_fillco:  Atom #647443 at (0.810, 21.810, 0.070) is off the mesh (ignoring):
Vpmg_fillco:  xmin = 2.665, xmax = 511.865
Vpmg_fillco:  ymin = -64.315, ymax = 461.985
Vpmg_fillco:  zmin = -136.31, zmax = 380.39
Vpmg_fillco:  Atom #647444 at (1.420, 21.680, -0.660) is off the mesh (ignoring):
Vpmg_fillco:  xmin = 2.665, xmax = 511.865
Vpmg_fillco:  ymin = -64.315, ymax = 461.985
Vpmg_fillco:  zmin = -136.31, zmax = 380.39
Vpmg_fillco:  Atom #647445 at (-1.210, 24.360, -0.270) is off the mesh (ignoring):
Vpmg_fillco:  xmin = 2.665, xmax = 511.865
Vpmg_fillco:  ymin = -64.315, ymax = 461.985
Vpmg_fillco:  zmin = -136.31, zmax = 380.39
Vpmg_fillco:  Atom #647446 at (-2.060, 23.920, -0.240) is off the mesh (ignoring):
Vpmg_fillco:  xmin = 2.665, xmax = 511.865
Vpmg_fillco:  ymin = -64.315, ymax = 461.985
Vpmg_fillco:  zmin = -136.31, zmax = 380.39
Vpmg_fillco:  Atom #647447 at (-0.760, 25.600, 2.760) is off the mesh (ignoring):
Vpmg_fillco:  xmin = 2.665, xmax = 511.865
Vpmg_fillco:  ymin = -64.315, ymax = 461.985
Vpmg_fillco:  zmin = -136.31, zmax = 380.39
Vpmg_fillco:  Atom #647448 at (-0.220, 26.060, 3.610) is off the mesh (ignoring):
Vpmg_fillco:  xmin = 2.665, xmax = 511.865
Vpmg_fillco:  ymin = -64.315, ymax = 461.985
Vpmg_fillco:  zmin = -136.31, zmax = 380.39
Vpmg_fillco:  Atom #647449 at (-1.190, 24.700, 3.240) is off the mesh (ignoring):
Vpmg_fillco:  xmin = 2.665, xmax = 511.865
Vpmg_fillco:  ymin = -64.315, ymax = 461.985
Vpmg_fillco:  zmin = -136.31, zmax = 380.39
Vpmg_fillco:  Atom #647450 at (-1.880, 26.410, 2.330) is off the mesh (ignoring):
Vpmg_fillco:  xmin = 2.665, xmax = 511.865
Vpmg_fillco:  ymin = -64.315, ymax = 461.985
Vpmg_fillco:  zmin = -136.31, zmax = 380.39
Vpmg_fillco:  Atom #647451 at (-1.570, 27.320, 2.290) is off the mesh (ignoring):
Vpmg_fillco:  xmin = 2.665, xmax = 511.865
Vpmg_fillco:  ymin = -64.315, ymax = 461.985
Vpmg_fillco:  zmin = -136.31, zmax = 380.39
Vpmg_fillco:  Atom #647452 at (0.040, 28.910, 0.420) is off the mesh (ignoring):
Vpmg_fillco:  xmin = 2.665, xmax = 511.865
Vpmg_fillco:  ymin = -64.315, ymax = 461.985
Vpmg_fillco:  zmin = -136.31, zmax = 380.39
Vpmg_fillco:  Atom #647453 at (-0.240, 29.800, 0.640) is off the mesh (ignoring):
Vpmg_fillco:  xmin = 2.665, xmax = 511.865
Vpmg_fillco:  ymin = -64.315, ymax = 461.985
Vpmg_fillco:  zmin = -136.31, zmax = 380.39
Vpmg_fillco:  Atom #647454 at (1.950, 29.270, 3.430) is off the mesh (ignoring):
Vpmg_fillco:  xmin = 2.665, xmax = 511.865
Vpmg_fillco:  ymin = -64.315, ymax = 461.985
Vpmg_fillco:  zmin = -136.31, zmax = 380.39
Vpmg_fillco:  Atom #647455 at (2.320, 30.060, 3.820) is off the mesh (ignoring):
Vpmg_fillco:  xmin = 2.665, xmax = 511.865
Vpmg_fillco:  ymin = -64.315, ymax = 461.985
Vpmg_fillco:  zmin = -136.31, zmax = 380.39
Vpmg_fillco:  Atom #546059 at (515.830, 40.290, 231.550) is off the mesh (ignoring):
Vpmg_fillco:  xmin = 2.665, xmax = 511.865
Vpmg_fillco:  ymin = -64.315, ymax = 461.985
Vpmg_fillco:  zmin = -136.31, zmax = 380.39
Vpmg_fillco:  Atom #561392 at (515.800, 291.420, 245.030) is off the mesh (ignoring):
Vpmg_fillco:  xmin = 2.665, xmax = 511.865
Vpmg_fillco:  ymin = -64.315, ymax = 461.985
Vpmg_fillco:  zmin = -136.31, zmax = 380.39
Vpmg_fillco:  Atom #561396 at (516.520, 291.810, 242.680) is off the mesh (ignoring):
Vpmg_fillco:  xmin = 2.665, xmax = 511.865
Vpmg_fillco:  ymin = -64.315, ymax = 461.985
Vpmg_fillco:  zmin = -136.31, zmax = 380.39
Vpmg_fillco:  Atom #561399 at (516.130, 290.510, 240.470) is off the mesh (ignoring):
Vpmg_fillco:  xmin = 2.665, xmax = 511.865
Vpmg_fillco:  ymin = -64.315, ymax = 461.985
Vpmg_fillco:  zmin = -136.31, zmax = 380.39
Vpmg_fillco:  Atom #561400 at (515.240, 292.080, 240.370) is off the mesh (ignoring):
Vpmg_fillco:  xmin = 2.665, xmax = 511.865
Vpmg_fillco:  ymin = -64.315, ymax = 461.985
Vpmg_fillco:  zmin = -136.31, zmax = 380.39
Vpmg_fillco:  Atom #561403 at (516.590, 289.500, 243.430) is off the mesh (ignoring):
Vpmg_fillco:  xmin = 2.665, xmax = 511.865
Vpmg_fillco:  ymin = -64.315, ymax = 461.985
Vpmg_fillco:  zmin = -136.31, zmax = 380.39
Vpmg_fillco:  Atom #561404 at (516.510, 288.710, 242.890) is off the mesh (ignoring):
Vpmg_fillco:  xmin = 2.665, xmax = 511.865
Vpmg_fillco:  ymin = -64.315, ymax = 461.985
Vpmg_fillco:  zmin = -136.31, zmax = 380.39
Vpmg_fillco:  Atom #567121 at (514.250, 199.510, 231.270) is off the mesh (ignoring):
Vpmg_fillco:  xmin = 2.665, xmax = 511.865
Vpmg_fillco:  ymin = -64.315, ymax = 461.985
Vpmg_fillco:  zmin = -136.31, zmax = 380.39
Vpmg_fillco:  Atom #573414 at (515.410, 154.160, 237.650) is off the mesh (ignoring):
Vpmg_fillco:  xmin = 2.665, xmax = 511.865
Vpmg_fillco:  ymin = -64.315, ymax = 461.985
Vpmg_fillco:  zmin = -136.31, zmax = 380.39
Vpmg_fillco:  Atom #573417 at (514.840, 154.360, 239.940) is off the mesh (ignoring):
Vpmg_fillco:  xmin = 2.665, xmax = 511.865
Vpmg_fillco:  ymin = -64.315, ymax = 461.985
Vpmg_fillco:  zmin = -136.31, zmax = 380.39
Vpmg_fillco:  Atom #647432 at (-1.030, 23.160, 1.340) is off the mesh (ignoring):
Vpmg_fillco:  xmin = 2.665, xmax = 511.865
Vpmg_fillco:  ymin = -64.315, ymax = 461.985
Vpmg_fillco:  zmin = -136.31, zmax = 380.39
Vpmg_fillco:  Atom #647445 at (-1.210, 24.360, -0.270) is off the mesh (ignoring):
Vpmg_fillco:  xmin = 2.665, xmax = 511.865
Vpmg_fillco:  ymin = -64.315, ymax = 461.985
Vpmg_fillco:  zmin = -136.31, zmax = 380.39
Vpmg_fillco:  Atom #647446 at (-2.060, 23.920, -0.240) is off the mesh (ignoring):
Vpmg_fillco:  xmin = 2.665, xmax = 511.865
Vpmg_fillco:  ymin = -64.315, ymax = 461.985
Vpmg_fillco:  zmin = -136.31, zmax = 380.39
Vpmg_fillco:  Atom #647449 at (-1.190, 24.700, 3.240) is off the mesh (ignoring):
Vpmg_fillco:  xmin = 2.665, xmax = 511.865
Vpmg_fillco:  ymin = -64.315, ymax = 461.985
Vpmg_fillco:  zmin = -136.31, zmax = 380.39
Vpmg_fillco:  Atom #647450 at (-1.880, 26.410, 2.330) is off the mesh (ignoring):
Vpmg_fillco:  xmin = 2.665, xmax = 511.865
Vpmg_fillco:  ymin = -64.315, ymax = 461.985
Vpmg_fillco:  zmin = -136.31, zmax = 380.39
Vpmg_fillco:  Atom #647451 at (-1.570, 27.320, 2.290) is off the mesh (ignoring):
Vpmg_fillco:  xmin = 2.665, xmax = 511.865
Vpmg_fillco:  ymin = -64.315, ymax = 461.985
Vpmg_fillco:  zmin = -136.31, zmax = 380.39
Vpmg_fillco:  Atom #647453 at (-0.240, 29.800, 0.640) is off the mesh (ignoring):
Vpmg_fillco:  xmin = 2.665, xmax = 511.865
Vpmg_fillco:  ymin = -64.315, ymax = 461.985
Vpmg_fillco:  zmin = -136.31, zmax = 380.39
[focusFillBound()]: WARNING:
    Unusually large potential values
    detected on the focusing boundary!
    Convergence not guaranteed for NPBE/NRPBE calculations!

