==========================================================
PIC calculation (per-residue): 
Job: 487   Node: mem-queue-multi-az-dy-r8i-24xl-1   Started: Mon Jul 20 11:23:39 PM EDT 2026
GRO: 
XTC: 
Radius:  A   Bin width:  A   Charge: 
MPI ranks: 48   CPUs/task: 1
==========================================================
23:23:44 INFO no bonds in topology (bare .gro) -- guessing bonds by distance ...
23:28:52 INFO guessed 504652 bonds
23:28:52 INFO protein 478908 atoms | SUC 16560 atoms | 1001 frames
23:28:52 INFO resid-reset signal found 60 protein chains
23:28:54 INFO donor-hydrogens: 58852 atoms | acceptors: 93568 atoms
23:33:09 INFO region join: 0.00% unmatched
23:33:09 INFO outer-only: 24530 H-bonds retained
23:33:09 INFO done -> hbond/10ns_aav1ph6salt30suc1
23:33:17 INFO no bonds in topology (bare .gro) -- guessing bonds by distance ...
23:38:25 INFO guessed 503582 bonds
23:38:25 INFO protein 471540 atoms | SUC 16560 atoms | 1001 frames
23:38:25 INFO resid-reset signal found 60 protein chains
23:38:27 INFO donor-hydrogens: 56884 atoms | acceptors: 92668 atoms
23:42:33 INFO region join: 0.00% unmatched
23:42:33 INFO outer-only: 19369 H-bonds retained
23:42:33 INFO done -> hbond/10ns_aav1ph8salt30suc1
23:42:41 INFO no bonds in topology (bare .gro) -- guessing bonds by distance ...
23:49:17 INFO guessed 657186 bonds
23:49:17 INFO protein 478908 atoms | SUC 165780 atoms | 1001 frames
23:49:17 INFO resid-reset signal found 60 protein chains
23:49:21 INFO donor-hydrogens: 85380 atoms | acceptors: 130044 atoms
23:55:08 INFO region join: 0.00% unmatched
23:55:08 INFO outer-only: 177097 H-bonds retained
23:55:09 INFO done -> hbond/10ns_aav1ph6salt30suc10
23:55:17 INFO no bonds in topology (bare .gro) -- guessing bonds by distance ...
00:02:02 INFO guessed 656122 bonds
00:02:02 INFO protein 471540 atoms | SUC 165780 atoms | 1001 frames
00:02:02 INFO resid-reset signal found 60 protein chains
00:02:06 INFO donor-hydrogens: 83412 atoms | acceptors: 129144 atoms
00:07:44 INFO region join: 0.00% unmatched
00:07:44 INFO outer-only: 155672 H-bonds retained
00:07:45 INFO done -> hbond/10ns_aav1ph8salt30suc10
00:07:52 INFO no bonds in topology (bare .gro) -- guessing bonds by distance ...
00:13:04 INFO guessed 504650 bonds
00:13:04 INFO protein 478908 atoms | SUC 16560 atoms | 1001 frames
00:13:04 INFO resid-reset signal found 60 protein chains
00:13:06 INFO donor-hydrogens: 58852 atoms | acceptors: 93568 atoms
00:17:21 INFO region join: 0.00% unmatched
00:17:21 INFO outer-only: 20620 H-bonds retained
00:17:21 INFO done -> hbond/10ns_aav1ph6salt200suc1
00:17:29 INFO no bonds in topology (bare .gro) -- guessing bonds by distance ...
00:22:43 INFO guessed 503584 bonds
00:22:43 INFO protein 471540 atoms | SUC 16560 atoms | 1001 frames
00:22:43 INFO resid-reset signal found 60 protein chains
00:22:45 INFO donor-hydrogens: 56884 atoms | acceptors: 92668 atoms
00:26:52 INFO region join: 0.00% unmatched
00:26:52 INFO outer-only: 15726 H-bonds retained
00:26:52 INFO done -> hbond/10ns_aav1ph8salt200suc1
00:27:00 INFO no bonds in topology (bare .gro) -- guessing bonds by distance ...
00:33:44 INFO guessed 657190 bonds
00:33:44 INFO protein 478908 atoms | SUC 165780 atoms | 1001 frames
00:33:44 INFO resid-reset signal found 60 protein chains
00:33:47 INFO donor-hydrogens: 85380 atoms | acceptors: 130044 atoms
00:39:39 INFO region join: 0.00% unmatched
00:39:39 INFO outer-only: 196149 H-bonds retained
00:39:39 INFO done -> hbond/10ns_aav1ph6salt200suc10
00:39:48 INFO no bonds in topology (bare .gro) -- guessing bonds by distance ...
00:46:35 INFO guessed 656125 bonds
00:46:35 INFO protein 471540 atoms | SUC 165780 atoms | 1001 frames
00:46:35 INFO resid-reset signal found 60 protein chains
00:46:38 INFO donor-hydrogens: 83412 atoms | acceptors: 129144 atoms
00:52:17 INFO region join: 0.00% unmatched
00:52:17 INFO outer-only: 156650 H-bonds retained
00:52:17 INFO done -> hbond/10ns_aav1ph8salt200suc10
00:52:26 INFO no bonds in topology (bare .gro) -- guessing bonds by distance ...
00:58:49 INFO guessed 623288 bonds
00:58:49 INFO protein 478908 atoms | SUC 132615 atoms | 1001 frames
00:58:49 INFO resid-reset signal found 60 protein chains
00:58:52 INFO donor-hydrogens: 79484 atoms | acceptors: 121937 atoms
01:04:22 INFO region join: 0.00% unmatched
01:04:22 INFO outer-only: 163107 H-bonds retained
01:04:23 INFO done -> hbond/10ns_aav1ph6salt110suc8
01:04:30 INFO no bonds in topology (bare .gro) -- guessing bonds by distance ...
01:10:13 INFO guessed 571663 bonds
01:10:13 INFO protein 474960 atoms | SUC 82890 atoms | 1001 frames
01:10:13 INFO resid-reset signal found 60 protein chains
01:10:16 INFO donor-hydrogens: 69396 atoms | acceptors: 109332 atoms
01:15:06 INFO region join: 0.00% unmatched
01:15:06 INFO outer-only: 92110 H-bonds retained
01:15:06 INFO done -> hbond/10ns_aav1ph73salt170suc5
01:15:14 INFO no bonds in topology (bare .gro) -- guessing bonds by distance ...
01:22:26 INFO guessed 690292 bonds
01:22:26 INFO protein 474960 atoms | SUC 198945 atoms | 1001 frames
01:22:26 INFO resid-reset signal found 60 protein chains
01:22:30 INFO donor-hydrogens: 90028 atoms | acceptors: 137701 atoms
01:28:37 INFO region join: 0.00% unmatched
01:28:37 INFO outer-only: 188020 H-bonds retained
01:28:37 INFO done -> hbond/10ns_aav1ph73salt30suc12
01:28:45 INFO no bonds in topology (bare .gro) -- guessing bonds by distance ...
01:36:03 INFO guessed 691088 bonds
01:36:03 INFO protein 478908 atoms | SUC 198945 atoms | 1001 frames
01:36:03 INFO resid-reset signal found 60 protein chains
01:36:07 INFO donor-hydrogens: 91276 atoms | acceptors: 138151 atoms
01:42:19 INFO region join: 0.00% unmatched
01:42:19 INFO outer-only: 210926 H-bonds retained
01:42:20 INFO done -> hbond/10ns_aav1ph6salt30suc12
==========================================================
Finished: Tue Jul 21 01:42:22 AM EDT 2026   Exit code: 0
Results in: /
  pic_.pkl                 -- full per-residue + whole-molecule arrays
  pic__per_residue.csv     -- resid, resname, Gamma_23, SEM, r* per residue
  pic__vs_r.csv            -- whole-molecule r-profile (validation)
  pic__summary.png         -- whole-molecule r-profile + per-residue bar plot
  pic__bfactor.pdb         -- structure with B-factor = per-residue Gamma_23
==========================================================
REMINDER: auto-detected r* (whole-molecule and per-residue) is a
starting estimate only -- confirm the plateau visually in the .png
before trusting Gamma_23.
