itp template: 45 atoms, net charge -0.0000 e
Traceback (most recent call last):
  File "/home/s.maximilian.wang2/aav/build_suc_pqr.py", line 136, in <module>
    main()
  File "/home/s.maximilian.wang2/aav/build_suc_pqr.py", line 90, in main
    u = mda.Universe(args.gro)   # MDAnalysis loads coords in Angstrom
  File "/home/s.maximilian.wang2/.conda/envs/apbs_env/lib/python3.9/site-packages/MDAnalysis/core/universe.py", line 356, in __init__
    topology = _topology_from_file_like(self.filename,
  File "/home/s.maximilian.wang2/.conda/envs/apbs_env/lib/python3.9/site-packages/MDAnalysis/core/universe.py", line 118, in _topology_from_file_like
    raise sys.exc_info()[1] from err
  File "/home/s.maximilian.wang2/.conda/envs/apbs_env/lib/python3.9/site-packages/MDAnalysis/core/universe.py", line 110, in _topology_from_file_like
    topology = p.parse(**kwargs)
  File "/home/s.maximilian.wang2/.conda/envs/apbs_env/lib/python3.9/site-packages/MDAnalysis/topology/GROParser.py", line 84, in parse
    with openany(self.filename) as inf:
  File "/home/s.maximilian.wang2/.conda/envs/apbs_env/lib/python3.9/contextlib.py", line 119, in __enter__
    return next(self.gen)
  File "/home/s.maximilian.wang2/.conda/envs/apbs_env/lib/python3.9/site-packages/MDAnalysis/lib/util.py", line 318, in openany
    stream = anyopen(datasource, mode=mode, reset=reset)
  File "/home/s.maximilian.wang2/.conda/envs/apbs_env/lib/python3.9/site-packages/MDAnalysis/lib/util.py", line 397, in anyopen
    stream = _get_stream(datasource, openfunc, mode=mode)
  File "/home/s.maximilian.wang2/.conda/envs/apbs_env/lib/python3.9/site-packages/MDAnalysis/lib/util.py", line 439, in _get_stream
    raise sys.exc_info()[1] from err
  File "/home/s.maximilian.wang2/.conda/envs/apbs_env/lib/python3.9/site-packages/MDAnalysis/lib/util.py", line 433, in _get_stream
    stream = openfunction(filename, mode=mode)
  File "/home/s.maximilian.wang2/.conda/envs/apbs_env/lib/python3.9/site-packages/MDAnalysis/lib/picklable_file_io.py", line 478, in bz2_pickle_open
    binary_file = BZ2Picklable(name, bz_mode)
  File "/home/s.maximilian.wang2/.conda/envs/apbs_env/lib/python3.9/site-packages/MDAnalysis/lib/picklable_file_io.py", line 266, in __init__
    super().__init__(name, mode)
  File "/home/s.maximilian.wang2/.conda/envs/apbs_env/lib/python3.9/bz2.py", line 85, in __init__
    self._fp = _builtin_open(filename, mode)
FileNotFoundError: [Errno 2] No such file or directory: 'aav1/DIR/md.gro'
