python3: can't open file '/home/s.maximilian.wang2/aav/pic_calcuation_exterior.py': [Errno 2] No such file or directory
python3: can't open file '/home/s.maximilian.wang2/aav/pic_calcuation_exterior.py': [Errno 2] No such file or directory
python3: can't open file '/home/s.maximilian.wang2/aav/pic_calcuation_exterior.py': [Errno 2] No such file or directory
python3: can't open file '/home/s.maximilian.wang2/aav/pic_calcuation_exterior.py': [Errno 2] No such file or directory
python3: can't open file '/home/s.maximilian.wang2/aav/pic_calcuation_exterior.py': [Errno 2] No such file or directory
python3: can't open file '/home/s.maximilian.wang2/aav/pic_calcuation_exterior.py': [Errno 2] No such file or directory
python3: can't open file '/home/s.maximilian.wang2/aav/pic_calcuation_exterior.py': [Errno 2] No such file or directory
python3: can't open file '/home/s.maximilian.wang2/aav/pic_calcuation_exterior.py': [Errno 2] No such file or directory
python3: can't open file '/home/s.maximilian.wang2/aav/pic_calcuation_exterior.py': [Errno 2] No such file or directory
python3: can't open file '/home/s.maximilian.wang2/aav/pic_calcuation_exterior.py': [Errno 2] No such file or directory
python3: can't open file '/home/s.maximilian.wang2/aav/pic_calcuation_exterior.py': [Errno 2] No such file or directory
python3: can't open file '/home/s.maximilian.wang2/aav/pic_calcuation_exterior.py': [Errno 2] No such file or directory
python3: can't open file '/home/s.maximilian.wang2/aav/pic_calcuation_exterior.py': [Errno 2] No such file or directory
python3: can't open file '/home/s.maximilian.wang2/aav/pic_calcuation_exterior.py': [Errno 2] No such file or directory
python3: can't open file '/home/s.maximilian.wang2/aav/pic_calcuation_exterior.py': [Errno 2] No such file or directory
python3: can't open file '/home/s.maximilian.wang2/aav/pic_calcuation_exterior.py': [Errno 2] No such file or directory
python3: can't open file '/home/s.maximilian.wang2/aav/pic_calcuation_exterior.py': [Errno 2] No such file or directory
python3: can't open file '/home/s.maximilian.wang2/aav/pic_calcuation_exterior.py': [Errno 2] No such file or directory
python3: can't open file '/home/s.maximilian.wang2/aav/pic_calcuation_exterior.py': [Errno 2] No such file or directory
python3: can't open file '/home/s.maximilian.wang2/aav/pic_calcuation_exterior.py': [Errno 2] No such file or directory
python3: can't open file '/home/s.maximilian.wang2/aav/pic_calcuation_exterior.py': [Errno 2] No such file or directory
python3: can't open file '/home/s.maximilian.wang2/aav/pic_calcuation_exterior.py': [Errno 2] No such file or directory
python3: can't open file '/home/s.maximilian.wang2/aav/pic_calcuation_exterior.py': [Errno 2] No such file or directory
python3: can't open file '/home/s.maximilian.wang2/aav/pic_calcuation_exterior.py': [Errno 2] No such file or directory
python3: can't open file '/home/s.maximilian.wang2/aav/pic_calcuation_exterior.py': [Errno 2] No such file or directory
python3: can't open file '/home/s.maximilian.wang2/aav/pic_calcuation_exterior.py': [Errno 2] No such file or directory
python3: can't open file '/home/s.maximilian.wang2/aav/pic_calcuation_exterior.py': [Errno 2] No such file or directory
python3: can't open file '/home/s.maximilian.wang2/aav/pic_calcuation_exterior.py': [Errno 2] No such file or directory
python3: can't open file '/home/s.maximilian.wang2/aav/pic_calcuation_exterior.py': [Errno 2] No such file or directory
python3: can't open file '/home/s.maximilian.wang2/aav/pic_calcuation_exterior.py': [Errno 2] No such file or directory
python3: can't open file '/home/s.maximilian.wang2/aav/pic_calcuation_exterior.py': [Errno 2] No such file or directory
python3: can't open file '/home/s.maximilian.wang2/aav/pic_calcuation_exterior.py': [Errno 2] No such file or directory
python3: can't open file '/home/s.maximilian.wang2/aav/pic_calcuation_exterior.py': [Errno 2] No such file or directory
python3: can't open file '/home/s.maximilian.wang2/aav/pic_calcuation_exterior.py': [Errno 2] No such file or directory
python3: can't open file '/home/s.maximilian.wang2/aav/pic_calcuation_exterior.py': [Errno 2] No such file or directory
python3: can't open file '/home/s.maximilian.wang2/aav/pic_calcuation_exterior.py': [Errno 2] No such file or directory
python3: can't open file '/home/s.maximilian.wang2/aav/pic_calcuation_exterior.py': [Errno 2] No such file or directory
python3: can't open file '/home/s.maximilian.wang2/aav/pic_calcuation_exterior.py': [Errno 2] No such file or directory
python3: can't open file '/home/s.maximilian.wang2/aav/pic_calcuation_exterior.py': [Errno 2] No such file or directory
python3: can't open file '/home/s.maximilian.wang2/aav/pic_calcuation_exterior.py': [Errno 2] No such file or directory
python3: can't open file '/home/s.maximilian.wang2/aav/pic_calcuation_exterior.py': [Errno 2] No such file or directory
python3: can't open file '/home/s.maximilian.wang2/aav/pic_calcuation_exterior.py': [Errno 2] No such file or directory
python3: can't open file '/home/s.maximilian.wang2/aav/pic_calcuation_exterior.py': [Errno 2] No such file or directory
--------------------------------------------------------------------------
Primary job  terminated normally, but 1 process returned
a non-zero exit code. Per user-direction, the job has been aborted.
--------------------------------------------------------------------------
python3: can't open file '/home/s.maximilian.wang2/aav/pic_calcuation_exterior.py': [Errno 2] No such file or directory
python3: can't open file '/home/s.maximilian.wang2/aav/pic_calcuation_exterior.py': [Errno 2] No such file or directory
python3: can't open file '/home/s.maximilian.wang2/aav/pic_calcuation_exterior.py': [Errno 2] No such file or directory
python3: can't open file '/home/s.maximilian.wang2/aav/pic_calcuation_exterior.py': [Errno 2] No such file or directory
python3: can't open file '/home/s.maximilian.wang2/aav/pic_calcuation_exterior.py': [Errno 2] No such file or directory
python3: can't open file '/home/s.maximilian.wang2/aav/pic_calcuation_exterior.py': [Errno 2] No such file or directory
python3: can't open file '/home/s.maximilian.wang2/aav/pic_calcuation_exterior.py': [Errno 2] No such file or directory
python3: can't open file '/home/s.maximilian.wang2/aav/pic_calcuation_exterior.py': [Errno 2] No such file or directory
python3: can't open file '/home/s.maximilian.wang2/aav/pic_calcuation_exterior.py': [Errno 2] No such file or directory
python3: can't open file '/home/s.maximilian.wang2/aav/pic_calcuation_exterior.py': [Errno 2] No such file or directory
python3: can't open file '/home/s.maximilian.wang2/aav/pic_calcuation_exterior.py': [Errno 2] No such file or directory
python3: can't open file '/home/s.maximilian.wang2/aav/pic_calcuation_exterior.py': [Errno 2] No such file or directory
python3: can't open file '/home/s.maximilian.wang2/aav/pic_calcuation_exterior.py': [Errno 2] No such file or directory
python3: can't open file '/home/s.maximilian.wang2/aav/pic_calcuation_exterior.py': [Errno 2] No such file or directory
python3: can't open file '/home/s.maximilian.wang2/aav/pic_calcuation_exterior.py': [Errno 2] No such file or directory
python3: can't open file '/home/s.maximilian.wang2/aav/pic_calcuation_exterior.py': [Errno 2] No such file or directory
python3: can't open file '/home/s.maximilian.wang2/aav/pic_calcuation_exterior.py': [Errno 2] No such file or directory
python3: can't open file '/home/s.maximilian.wang2/aav/pic_calcuation_exterior.py': [Errno 2] No such file or directory
python3: can't open file '/home/s.maximilian.wang2/aav/pic_calcuation_exterior.py': [Errno 2] No such file or directory
python3: can't open file '/home/s.maximilian.wang2/aav/pic_calcuation_exterior.py': [Errno 2] No such file or directory
python3: can't open file '/home/s.maximilian.wang2/aav/pic_calcuation_exterior.py': [Errno 2] No such file or directory
--------------------------------------------------------------------------
mpirun detected that one or more processes exited with non-zero status, thus causing
the job to be terminated. The first process to do so was:

  Process name: [[26169,1],3]
  Exit code:    2
--------------------------------------------------------------------------
