==========================================================
PIC calculation (per-residue): SUC
Job: 504   Node: mem-queue-multi-az-dy-r8i-24xl-1   Started: Wed Jul 22 11:50:34 AM EDT 2026
GRO: 
XTC: 
Radius: 10 A   Bin width: 0.1 A   Charge: 0.0
MPI ranks: 48   CPUs/task: 1
==========================================================
11:50:39 INFO === SUC ===
11:50:39 INFO [pic/10ns_aav1ph6salt30suc1/pic_SUC_exterior.pkl] 31020 residues, 60 chains, 15510 surface-exposed (facing_outer)
11:50:39 INFO [SUC] radial bands (absolute, from shell_outer_radius=103.0 A): 5F=(107.5, 133.0)  3F=(123.0, 148.0)
11:50:51 INFO [protein-residue] 478908 atoms grouped into 31020 residues/molecules
11:50:51 INFO [5-fold] resolved 60 chains into 12 groups of 5 (OK)
11:50:51 INFO [3-fold] resolved 60 chains into 20 groups of 3 (OK)
11:50:51 INFO [SUC] surface-exposed residues assigned: 5F=1008, 3F=4991 (of 15510 surface-exposed, max-axis-angle: 5F=12.0 deg, 3F=20.0 deg)
11:50:52 INFO 478908 atoms exceeds the classic PDB 99999-atom limit -- writing hybrid-36 serial numbers (read natively by PyMOL/ChimeraX/Phenix; tools that only understand plain-decimal PDB will misparse rows beyond atom 99999, same as they would for any oversized PDB file).
11:50:54 INFO wrote region-selection B-factor PDB (-1=5F, 0=neither, +1=3F) -> /home/s.maximilian.wang2/aav/pic/10ns_aav1ph6salt30suc1/pic_symmetry_regions/regions_bfactor.pdb
11:50:54 INFO [SUC] wrote outputs to /home/s.maximilian.wang2/aav/pic/10ns_aav1ph6salt30suc1/pic_symmetry_regions
11:50:54 INFO done.
11:50:56 INFO === SUC ===
11:50:56 INFO [pic/10ns_aav1ph6salt30suc1_rerun/pic_SUC_exterior.pkl] 31020 residues, 60 chains, 15510 surface-exposed (facing_outer)
11:50:56 INFO [SUC] radial bands (absolute, from shell_outer_radius=103.0 A): 5F=(107.5, 133.0)  3F=(123.0, 148.0)
11:51:09 INFO [protein-residue] 478908 atoms grouped into 31020 residues/molecules
11:51:09 INFO [5-fold] resolved 60 chains into 12 groups of 5 (OK)
11:51:09 INFO [3-fold] resolved 60 chains into 20 groups of 3 (OK)
11:51:09 INFO [SUC] surface-exposed residues assigned: 5F=993, 3F=4982 (of 15510 surface-exposed, max-axis-angle: 5F=12.0 deg, 3F=20.0 deg)
11:51:10 INFO 478908 atoms exceeds the classic PDB 99999-atom limit -- writing hybrid-36 serial numbers (read natively by PyMOL/ChimeraX/Phenix; tools that only understand plain-decimal PDB will misparse rows beyond atom 99999, same as they would for any oversized PDB file).
11:51:12 INFO wrote region-selection B-factor PDB (-1=5F, 0=neither, +1=3F) -> /home/s.maximilian.wang2/aav/pic/10ns_aav1ph6salt30suc1_rerun/pic_symmetry_regions/regions_bfactor.pdb
11:51:12 INFO [SUC] wrote outputs to /home/s.maximilian.wang2/aav/pic/10ns_aav1ph6salt30suc1_rerun/pic_symmetry_regions
11:51:12 INFO done.
11:51:14 INFO === SUC ===
11:51:14 INFO [pic/10ns_aav1ph6salt30suc1_rerun2/pic_SUC_exterior.pkl] 31020 residues, 60 chains, 15510 surface-exposed (facing_outer)
11:51:14 INFO [SUC] radial bands (absolute, from shell_outer_radius=103.0 A): 5F=(107.5, 133.0)  3F=(123.0, 148.0)
11:51:27 INFO [protein-residue] 478908 atoms grouped into 31020 residues/molecules
11:51:28 INFO [5-fold] resolved 60 chains into 12 groups of 5 (OK)
11:51:28 INFO [3-fold] resolved 60 chains into 20 groups of 3 (OK)
11:51:28 INFO [SUC] surface-exposed residues assigned: 5F=990, 3F=4958 (of 15510 surface-exposed, max-axis-angle: 5F=12.0 deg, 3F=20.0 deg)
11:51:28 INFO 478908 atoms exceeds the classic PDB 99999-atom limit -- writing hybrid-36 serial numbers (read natively by PyMOL/ChimeraX/Phenix; tools that only understand plain-decimal PDB will misparse rows beyond atom 99999, same as they would for any oversized PDB file).
11:51:30 INFO wrote region-selection B-factor PDB (-1=5F, 0=neither, +1=3F) -> /home/s.maximilian.wang2/aav/pic/10ns_aav1ph6salt30suc1_rerun2/pic_symmetry_regions/regions_bfactor.pdb
11:51:30 INFO [SUC] wrote outputs to /home/s.maximilian.wang2/aav/pic/10ns_aav1ph6salt30suc1_rerun2/pic_symmetry_regions
11:51:30 INFO done.
11:51:32 INFO === SUC ===
11:51:32 INFO [pic/10ns_aav1ph6salt30suc10/pic_SUC_exterior.pkl] 31020 residues, 60 chains, 15510 surface-exposed (facing_outer)
11:51:32 INFO [SUC] radial bands (absolute, from shell_outer_radius=103.0 A): 5F=(107.5, 133.0)  3F=(123.0, 148.0)
11:51:45 INFO [protein-residue] 478908 atoms grouped into 31020 residues/molecules
11:51:46 INFO [5-fold] resolved 60 chains into 12 groups of 5 (OK)
11:51:46 INFO [3-fold] resolved 60 chains into 20 groups of 3 (OK)
11:51:46 INFO [SUC] surface-exposed residues assigned: 5F=996, 3F=4950 (of 15510 surface-exposed, max-axis-angle: 5F=12.0 deg, 3F=20.0 deg)
11:51:47 INFO 478908 atoms exceeds the classic PDB 99999-atom limit -- writing hybrid-36 serial numbers (read natively by PyMOL/ChimeraX/Phenix; tools that only understand plain-decimal PDB will misparse rows beyond atom 99999, same as they would for any oversized PDB file).
11:51:48 INFO wrote region-selection B-factor PDB (-1=5F, 0=neither, +1=3F) -> /home/s.maximilian.wang2/aav/pic/10ns_aav1ph6salt30suc10/pic_symmetry_regions/regions_bfactor.pdb
11:51:48 INFO [SUC] wrote outputs to /home/s.maximilian.wang2/aav/pic/10ns_aav1ph6salt30suc10/pic_symmetry_regions
11:51:48 INFO done.
11:51:51 INFO === SUC ===
11:51:51 INFO [pic/10ns_aav1ph6salt30suc12/pic_SUC_exterior.pkl] 31020 residues, 60 chains, 15510 surface-exposed (facing_outer)
11:51:51 INFO [SUC] radial bands (absolute, from shell_outer_radius=103.0 A): 5F=(107.5, 133.0)  3F=(123.0, 148.0)
11:52:03 INFO [protein-residue] 478908 atoms grouped into 31020 residues/molecules
11:52:04 INFO [5-fold] resolved 60 chains into 12 groups of 5 (OK)
11:52:04 INFO [3-fold] resolved 60 chains into 20 groups of 3 (OK)
11:52:04 INFO [SUC] surface-exposed residues assigned: 5F=993, 3F=4962 (of 15510 surface-exposed, max-axis-angle: 5F=12.0 deg, 3F=20.0 deg)
11:52:04 INFO 478908 atoms exceeds the classic PDB 99999-atom limit -- writing hybrid-36 serial numbers (read natively by PyMOL/ChimeraX/Phenix; tools that only understand plain-decimal PDB will misparse rows beyond atom 99999, same as they would for any oversized PDB file).
11:52:06 INFO wrote region-selection B-factor PDB (-1=5F, 0=neither, +1=3F) -> /home/s.maximilian.wang2/aav/pic/10ns_aav1ph6salt30suc12/pic_symmetry_regions/regions_bfactor.pdb
11:52:06 INFO [SUC] wrote outputs to /home/s.maximilian.wang2/aav/pic/10ns_aav1ph6salt30suc12/pic_symmetry_regions
11:52:06 INFO done.
11:52:09 INFO === SUC ===
11:52:09 INFO [pic/10ns_aav1ph6salt110suc8/pic_SUC_exterior.pkl] 31020 residues, 60 chains, 15510 surface-exposed (facing_outer)
11:52:09 INFO [SUC] radial bands (absolute, from shell_outer_radius=103.0 A): 5F=(107.5, 133.0)  3F=(123.0, 148.0)
11:52:21 INFO [protein-residue] 478908 atoms grouped into 31020 residues/molecules
11:52:22 INFO [5-fold] resolved 60 chains into 12 groups of 5 (OK)
11:52:22 INFO [3-fold] resolved 60 chains into 20 groups of 3 (OK)
11:52:22 INFO [SUC] surface-exposed residues assigned: 5F=998, 3F=4893 (of 15510 surface-exposed, max-axis-angle: 5F=12.0 deg, 3F=20.0 deg)
11:52:23 INFO 478908 atoms exceeds the classic PDB 99999-atom limit -- writing hybrid-36 serial numbers (read natively by PyMOL/ChimeraX/Phenix; tools that only understand plain-decimal PDB will misparse rows beyond atom 99999, same as they would for any oversized PDB file).
11:52:24 INFO wrote region-selection B-factor PDB (-1=5F, 0=neither, +1=3F) -> /home/s.maximilian.wang2/aav/pic/10ns_aav1ph6salt110suc8/pic_symmetry_regions/regions_bfactor.pdb
11:52:24 INFO [SUC] wrote outputs to /home/s.maximilian.wang2/aav/pic/10ns_aav1ph6salt110suc8/pic_symmetry_regions
11:52:24 INFO done.
11:52:27 INFO === SUC ===
11:52:28 INFO [pic/10ns_aav1ph6salt200suc1/pic_SUC_exterior.pkl] 31020 residues, 60 chains, 15510 surface-exposed (facing_outer)
11:52:28 INFO [SUC] radial bands (absolute, from shell_outer_radius=103.0 A): 5F=(107.5, 133.0)  3F=(123.0, 148.0)
11:52:40 INFO [protein-residue] 478908 atoms grouped into 31020 residues/molecules
11:52:40 INFO [5-fold] resolved 60 chains into 12 groups of 5 (OK)
11:52:40 INFO [3-fold] resolved 60 chains into 20 groups of 3 (OK)
11:52:40 INFO [SUC] surface-exposed residues assigned: 5F=996, 3F=4888 (of 15510 surface-exposed, max-axis-angle: 5F=12.0 deg, 3F=20.0 deg)
11:52:41 INFO 478908 atoms exceeds the classic PDB 99999-atom limit -- writing hybrid-36 serial numbers (read natively by PyMOL/ChimeraX/Phenix; tools that only understand plain-decimal PDB will misparse rows beyond atom 99999, same as they would for any oversized PDB file).
11:52:43 INFO wrote region-selection B-factor PDB (-1=5F, 0=neither, +1=3F) -> /home/s.maximilian.wang2/aav/pic/10ns_aav1ph6salt200suc1/pic_symmetry_regions/regions_bfactor.pdb
11:52:43 INFO [SUC] wrote outputs to /home/s.maximilian.wang2/aav/pic/10ns_aav1ph6salt200suc1/pic_symmetry_regions
11:52:43 INFO done.
11:52:46 INFO === SUC ===
11:52:46 INFO [pic/10ns_aav1ph6salt200suc10/pic_SUC_exterior.pkl] 31020 residues, 60 chains, 15510 surface-exposed (facing_outer)
11:52:46 INFO [SUC] radial bands (absolute, from shell_outer_radius=103.0 A): 5F=(107.5, 133.0)  3F=(123.0, 148.0)
11:52:58 INFO [protein-residue] 478908 atoms grouped into 31020 residues/molecules
11:52:59 INFO [5-fold] resolved 60 chains into 12 groups of 5 (OK)
11:52:59 INFO [3-fold] resolved 60 chains into 20 groups of 3 (OK)
11:52:59 INFO [SUC] surface-exposed residues assigned: 5F=1001, 3F=4799 (of 15510 surface-exposed, max-axis-angle: 5F=12.0 deg, 3F=20.0 deg)
11:53:00 INFO 478908 atoms exceeds the classic PDB 99999-atom limit -- writing hybrid-36 serial numbers (read natively by PyMOL/ChimeraX/Phenix; tools that only understand plain-decimal PDB will misparse rows beyond atom 99999, same as they would for any oversized PDB file).
11:53:01 INFO wrote region-selection B-factor PDB (-1=5F, 0=neither, +1=3F) -> /home/s.maximilian.wang2/aav/pic/10ns_aav1ph6salt200suc10/pic_symmetry_regions/regions_bfactor.pdb
11:53:01 INFO [SUC] wrote outputs to /home/s.maximilian.wang2/aav/pic/10ns_aav1ph6salt200suc10/pic_symmetry_regions
11:53:01 INFO done.
11:53:05 INFO === SUC ===
11:53:05 INFO [pic/10ns_aav1ph8salt30suc1/pic_SUC_exterior.pkl] 30720 residues, 60 chains, 15360 surface-exposed (facing_outer)
11:53:05 INFO [SUC] radial bands (absolute, from shell_outer_radius=103.0 A): 5F=(107.5, 133.0)  3F=(123.0, 148.0)
11:53:17 INFO [protein-residue] 471540 atoms grouped into 30720 residues/molecules
11:53:18 INFO [5-fold] resolved 60 chains into 12 groups of 5 (OK)
11:53:18 INFO [3-fold] resolved 60 chains into 20 groups of 3 (OK)
11:53:18 INFO [SUC] surface-exposed residues assigned: 5F=1018, 3F=4845 (of 15360 surface-exposed, max-axis-angle: 5F=12.0 deg, 3F=20.0 deg)
11:53:19 INFO 471540 atoms exceeds the classic PDB 99999-atom limit -- writing hybrid-36 serial numbers (read natively by PyMOL/ChimeraX/Phenix; tools that only understand plain-decimal PDB will misparse rows beyond atom 99999, same as they would for any oversized PDB file).
11:53:20 INFO wrote region-selection B-factor PDB (-1=5F, 0=neither, +1=3F) -> /home/s.maximilian.wang2/aav/pic/10ns_aav1ph8salt30suc1/pic_symmetry_regions/regions_bfactor.pdb
11:53:20 INFO [SUC] wrote outputs to /home/s.maximilian.wang2/aav/pic/10ns_aav1ph8salt30suc1/pic_symmetry_regions
11:53:20 INFO done.
11:53:23 INFO === SUC ===
11:53:24 INFO [pic/10ns_aav1ph8salt30suc10/pic_SUC_exterior.pkl] 30720 residues, 60 chains, 15360 surface-exposed (facing_outer)
11:53:24 INFO [SUC] radial bands (absolute, from shell_outer_radius=103.0 A): 5F=(107.5, 133.0)  3F=(123.0, 148.0)
11:53:36 INFO [protein-residue] 471540 atoms grouped into 30720 residues/molecules
11:53:37 INFO [5-fold] resolved 60 chains into 12 groups of 5 (OK)
11:53:37 INFO [3-fold] resolved 60 chains into 20 groups of 3 (OK)
11:53:37 INFO [SUC] surface-exposed residues assigned: 5F=1014, 3F=4752 (of 15360 surface-exposed, max-axis-angle: 5F=12.0 deg, 3F=20.0 deg)
11:53:37 INFO 471540 atoms exceeds the classic PDB 99999-atom limit -- writing hybrid-36 serial numbers (read natively by PyMOL/ChimeraX/Phenix; tools that only understand plain-decimal PDB will misparse rows beyond atom 99999, same as they would for any oversized PDB file).
11:53:39 INFO wrote region-selection B-factor PDB (-1=5F, 0=neither, +1=3F) -> /home/s.maximilian.wang2/aav/pic/10ns_aav1ph8salt30suc10/pic_symmetry_regions/regions_bfactor.pdb
11:53:39 INFO [SUC] wrote outputs to /home/s.maximilian.wang2/aav/pic/10ns_aav1ph8salt30suc10/pic_symmetry_regions
11:53:39 INFO done.
11:53:42 INFO === SUC ===
11:53:42 INFO [pic/10ns_aav1ph8salt200suc1/pic_SUC_exterior.pkl] 30720 residues, 60 chains, 15360 surface-exposed (facing_outer)
11:53:42 INFO [SUC] radial bands (absolute, from shell_outer_radius=103.0 A): 5F=(107.5, 133.0)  3F=(123.0, 148.0)
11:53:54 INFO [protein-residue] 471540 atoms grouped into 30720 residues/molecules
11:53:55 INFO [5-fold] resolved 60 chains into 12 groups of 5 (OK)
11:53:55 INFO [3-fold] resolved 60 chains into 20 groups of 3 (OK)
11:53:55 INFO [SUC] surface-exposed residues assigned: 5F=999, 3F=4856 (of 15360 surface-exposed, max-axis-angle: 5F=12.0 deg, 3F=20.0 deg)
11:53:56 INFO 471540 atoms exceeds the classic PDB 99999-atom limit -- writing hybrid-36 serial numbers (read natively by PyMOL/ChimeraX/Phenix; tools that only understand plain-decimal PDB will misparse rows beyond atom 99999, same as they would for any oversized PDB file).
11:53:57 INFO wrote region-selection B-factor PDB (-1=5F, 0=neither, +1=3F) -> /home/s.maximilian.wang2/aav/pic/10ns_aav1ph8salt200suc1/pic_symmetry_regions/regions_bfactor.pdb
11:53:57 INFO [SUC] wrote outputs to /home/s.maximilian.wang2/aav/pic/10ns_aav1ph8salt200suc1/pic_symmetry_regions
11:53:57 INFO done.
11:54:00 INFO === SUC ===
11:54:01 INFO [pic/10ns_aav1ph8salt200suc10/pic_SUC_exterior.pkl] 30720 residues, 60 chains, 15360 surface-exposed (facing_outer)
11:54:01 INFO [SUC] radial bands (absolute, from shell_outer_radius=103.0 A): 5F=(107.5, 133.0)  3F=(123.0, 148.0)
11:54:12 INFO [protein-residue] 471540 atoms grouped into 30720 residues/molecules
11:54:13 INFO [5-fold] resolved 60 chains into 12 groups of 5 (OK)
11:54:13 INFO [3-fold] resolved 60 chains into 20 groups of 3 (OK)
11:54:13 INFO [SUC] surface-exposed residues assigned: 5F=1007, 3F=4728 (of 15360 surface-exposed, max-axis-angle: 5F=12.0 deg, 3F=20.0 deg)
11:54:14 INFO 471540 atoms exceeds the classic PDB 99999-atom limit -- writing hybrid-36 serial numbers (read natively by PyMOL/ChimeraX/Phenix; tools that only understand plain-decimal PDB will misparse rows beyond atom 99999, same as they would for any oversized PDB file).
11:54:15 INFO wrote region-selection B-factor PDB (-1=5F, 0=neither, +1=3F) -> /home/s.maximilian.wang2/aav/pic/10ns_aav1ph8salt200suc10/pic_symmetry_regions/regions_bfactor.pdb
11:54:15 INFO [SUC] wrote outputs to /home/s.maximilian.wang2/aav/pic/10ns_aav1ph8salt200suc10/pic_symmetry_regions
11:54:15 INFO done.
11:54:19 INFO === SUC ===
11:54:19 INFO [pic/10ns_aav1ph73salt30suc12/pic_SUC_exterior.pkl] 30870 residues, 60 chains, 15435 surface-exposed (facing_outer)
11:54:19 INFO [SUC] radial bands (absolute, from shell_outer_radius=103.0 A): 5F=(107.5, 133.0)  3F=(123.0, 148.0)
11:54:31 INFO [protein-residue] 474960 atoms grouped into 30870 residues/molecules
11:54:31 WARNING chains have unequal CA counts [514, 515] -- 1 resid(s) not common to all 60 chains ([567]); using the 514-residue common subset for pairwise axis-finding alignment only. Per-residue Gamma_23/region assignment is computed on the full residue set and is unaffected.
11:54:32 INFO [5-fold] resolved 60 chains into 12 groups of 5 (OK)
11:54:32 INFO [3-fold] resolved 60 chains into 20 groups of 3 (OK)
11:54:32 INFO [SUC] surface-exposed residues assigned: 5F=1019, 3F=4703 (of 15435 surface-exposed, max-axis-angle: 5F=12.0 deg, 3F=20.0 deg)
11:54:33 INFO 474960 atoms exceeds the classic PDB 99999-atom limit -- writing hybrid-36 serial numbers (read natively by PyMOL/ChimeraX/Phenix; tools that only understand plain-decimal PDB will misparse rows beyond atom 99999, same as they would for any oversized PDB file).
11:54:34 INFO wrote region-selection B-factor PDB (-1=5F, 0=neither, +1=3F) -> /home/s.maximilian.wang2/aav/pic/10ns_aav1ph73salt30suc12/pic_symmetry_regions/regions_bfactor.pdb
11:54:34 INFO [SUC] wrote outputs to /home/s.maximilian.wang2/aav/pic/10ns_aav1ph73salt30suc12/pic_symmetry_regions
11:54:34 INFO done.
11:54:37 INFO === SUC ===
11:54:38 INFO [pic/10ns_aav1ph73salt170suc5/pic_SUC_exterior.pkl] 30870 residues, 60 chains, 15435 surface-exposed (facing_outer)
11:54:38 INFO [SUC] radial bands (absolute, from shell_outer_radius=103.0 A): 5F=(107.5, 133.0)  3F=(123.0, 148.0)
11:54:49 INFO [protein-residue] 474960 atoms grouped into 30870 residues/molecules
11:54:50 WARNING chains have unequal CA counts [514, 515] -- 1 resid(s) not common to all 60 chains ([567]); using the 514-residue common subset for pairwise axis-finding alignment only. Per-residue Gamma_23/region assignment is computed on the full residue set and is unaffected.
11:54:50 INFO [5-fold] resolved 60 chains into 12 groups of 5 (OK)
11:54:50 INFO [3-fold] resolved 60 chains into 20 groups of 3 (OK)
11:54:50 INFO [SUC] surface-exposed residues assigned: 5F=1020, 3F=4711 (of 15435 surface-exposed, max-axis-angle: 5F=12.0 deg, 3F=20.0 deg)
11:54:51 INFO 474960 atoms exceeds the classic PDB 99999-atom limit -- writing hybrid-36 serial numbers (read natively by PyMOL/ChimeraX/Phenix; tools that only understand plain-decimal PDB will misparse rows beyond atom 99999, same as they would for any oversized PDB file).
11:54:52 INFO wrote region-selection B-factor PDB (-1=5F, 0=neither, +1=3F) -> /home/s.maximilian.wang2/aav/pic/10ns_aav1ph73salt170suc5/pic_symmetry_regions/regions_bfactor.pdb
11:54:52 INFO [SUC] wrote outputs to /home/s.maximilian.wang2/aav/pic/10ns_aav1ph73salt170suc5/pic_symmetry_regions
11:54:52 INFO done.
==========================================================
Finished: Wed Jul 22 11:54:53 AM EDT 2026   Exit code: 0
Results in: pic/10ns_aav1ph73salt170suc5/
  pic_SUC.pkl                 -- full per-residue + whole-molecule arrays
  pic_SUC_per_residue.csv     -- resid, resname, Gamma_23, SEM, r* per residue
  pic_SUC_vs_r.csv            -- whole-molecule r-profile (validation)
  pic_SUC_summary.png         -- whole-molecule r-profile + per-residue bar plot
  pic_SUC_bfactor.pdb         -- structure with B-factor = per-residue Gamma_23
==========================================================
