==========================================================
PIC calculation (per-residue): SUC
Job: 304   Node: mem-queue-multi-az-dy-r8i-32xl-2   Started: Wed Jul  8 10:36:42 AM EDT 2026
GRO: aav1/aav1ph6salt30suc10/md.gro
XTC: aav1/aav1ph6salt30suc10/md_whole.xtc
Radius: 15.0 A   Bin width: 0.1 A   Charge: 0.0
MPI ranks: 64   CPUs/task: 1
==========================================================
no change     /apps/miniconda3/condabin/conda
no change     /apps/miniconda3/bin/conda
no change     /apps/miniconda3/bin/conda-env
no change     /apps/miniconda3/bin/activate
no change     /apps/miniconda3/bin/deactivate
no change     /apps/miniconda3/etc/profile.d/conda.sh
no change     /apps/miniconda3/etc/fish/conf.d/conda.fish
no change     /apps/miniconda3/shell/condabin/Conda.psm1
no change     /apps/miniconda3/shell/condabin/conda-hook.ps1
no change     /apps/miniconda3/lib/python3.13/site-packages/xontrib/conda.xsh
no change     /apps/miniconda3/etc/profile.d/conda.csh
no change     /home/s.maximilian.wang2/.bashrc
No action taken.
