==========================================================
PIC calculation (per-residue): SUC
Job: 243   Node: mem-queue-multi-az-dy-r8i-32xl-2   Started: Tue Jul  7 12:31:08 PM EDT 2026
GRO: aav1/md_aav1_ph6/md.gro
XTC: aav1/md_aav1_ph6/md_nojump.xtc
Radius: 30.0 A   Bin width: 0.1 A   Charge: 0.0
MPI ranks: 64   CPUs/task: 1
==========================================================
12:31:44 [rank   0] INFO ======================================================================
12:31:44 [rank   0] INFO PIC (Gamma_23) calculation, per-residue, EXTERIOR SOLVENT ONLY
12:31:44 [rank   0] INFO gro=aav1/md_aav1_ph6/md.gro xtc=aav1/md_aav1_ph6/md_nojump.xtc excipient=SUC radius=30.00 A charge=0.000
12:31:44 [rank   0] INFO shell-margin=5.0 A  inner/outer percentile=2.0/98.0  calib-frames=20
12:31:44 [rank   0] INFO MPI ranks: 64
12:31:52 [rank  46] INFO [protein] 478908 atoms, mass range 1.008-32.060 amu (OK)
12:31:52 [rank  14] INFO [protein] 478908 atoms, mass range 1.008-32.060 amu (OK)
12:31:52 [rank  46] INFO [water] 2331522 atoms, mass range 1.008-15.999 amu (OK)
12:31:52 [rank  46] INFO [excipient] 165780 atoms, mass range 1.008-15.999 amu (OK)
12:31:52 [rank  14] INFO [water] 2331522 atoms, mass range 1.008-15.999 amu (OK)
12:31:52 [rank  14] INFO [excipient] 165780 atoms, mass range 1.008-15.999 amu (OK)
12:31:53 [rank  63] INFO [protein] 478908 atoms, mass range 1.008-32.060 amu (OK)
12:31:53 [rank  11] INFO [protein] 478908 atoms, mass range 1.008-32.060 amu (OK)
12:31:53 [rank   0] INFO [protein] 478908 atoms, mass range 1.008-32.060 amu (OK)
12:31:53 [rank  63] INFO [water] 2331522 atoms, mass range 1.008-15.999 amu (OK)
12:31:53 [rank  63] INFO [excipient] 165780 atoms, mass range 1.008-15.999 amu (OK)
12:31:53 [rank  11] INFO [water] 2331522 atoms, mass range 1.008-15.999 amu (OK)
12:31:53 [rank  11] INFO [excipient] 165780 atoms, mass range 1.008-15.999 amu (OK)
12:31:53 [rank   0] INFO [water] 2331522 atoms, mass range 1.008-15.999 amu (OK)
12:31:53 [rank   0] INFO [excipient] 165780 atoms, mass range 1.008-15.999 amu (OK)
12:31:53 [rank  14] INFO [protein] 478908 atoms grouped into 31020 residues/molecules
12:31:53 [rank  46] INFO [protein] 478908 atoms grouped into 31020 residues/molecules
12:31:53 [rank  10] INFO [protein] 478908 atoms, mass range 1.008-32.060 amu (OK)
12:31:53 [rank  23] INFO [protein] 478908 atoms, mass range 1.008-32.060 amu (OK)
12:31:53 [rank  10] INFO [water] 2331522 atoms, mass range 1.008-15.999 amu (OK)
12:31:53 [rank  10] INFO [excipient] 165780 atoms, mass range 1.008-15.999 amu (OK)
12:31:53 [rank  18] INFO [protein] 478908 atoms, mass range 1.008-32.060 amu (OK)
12:31:53 [rank  23] INFO [water] 2331522 atoms, mass range 1.008-15.999 amu (OK)
12:31:53 [rank  23] INFO [excipient] 165780 atoms, mass range 1.008-15.999 amu (OK)
12:31:53 [rank  18] INFO [water] 2331522 atoms, mass range 1.008-15.999 amu (OK)
12:31:53 [rank  18] INFO [excipient] 165780 atoms, mass range 1.008-15.999 amu (OK)
12:31:53 [rank   3] INFO [protein] 478908 atoms, mass range 1.008-32.060 amu (OK)
12:31:53 [rank  14] INFO [water] 2331522 atoms grouped into 777174 residues/molecules
12:31:53 [rank  14] INFO [excipient] 165780 atoms grouped into 3684 residues/molecules
12:31:53 [rank  46] INFO [water] 2331522 atoms grouped into 777174 residues/molecules
12:31:53 [rank  46] INFO [excipient] 165780 atoms grouped into 3684 residues/molecules
12:31:53 [rank   3] INFO [water] 2331522 atoms, mass range 1.008-15.999 amu (OK)
12:31:53 [rank   3] INFO [excipient] 165780 atoms, mass range 1.008-15.999 amu (OK)
12:31:53 [rank  63] INFO [protein] 478908 atoms grouped into 31020 residues/molecules
12:31:53 [rank  11] INFO [protein] 478908 atoms grouped into 31020 residues/molecules
12:31:53 [rank   0] INFO [protein] 478908 atoms grouped into 31020 residues/molecules
12:31:53 [rank  31] INFO [protein] 478908 atoms, mass range 1.008-32.060 amu (OK)
12:31:53 [rank  20] INFO [protein] 478908 atoms, mass range 1.008-32.060 amu (OK)
12:31:53 [rank  33] INFO [protein] 478908 atoms, mass range 1.008-32.060 amu (OK)
12:31:53 [rank  46] INFO [protein-chain] 478908 atoms grouped into 60 residues/molecules
12:31:53 [rank  14] INFO [protein-chain] 478908 atoms grouped into 60 residues/molecules
12:31:53 [rank  31] INFO [water] 2331522 atoms, mass range 1.008-15.999 amu (OK)
12:31:53 [rank  31] INFO [excipient] 165780 atoms, mass range 1.008-15.999 amu (OK)
12:31:53 [rank  20] INFO [water] 2331522 atoms, mass range 1.008-15.999 amu (OK)
12:31:53 [rank  20] INFO [excipient] 165780 atoms, mass range 1.008-15.999 amu (OK)
12:31:53 [rank  33] INFO [water] 2331522 atoms, mass range 1.008-15.999 amu (OK)
12:31:53 [rank  33] INFO [excipient] 165780 atoms, mass range 1.008-15.999 amu (OK)
12:31:53 [rank  10] INFO [protein] 478908 atoms grouped into 31020 residues/molecules
12:31:53 [rank  49] INFO [protein] 478908 atoms, mass range 1.008-32.060 amu (OK)
12:31:53 [rank  18] INFO [protein] 478908 atoms grouped into 31020 residues/molecules
12:31:53 [rank   6] INFO [protein] 478908 atoms, mass range 1.008-32.060 amu (OK)
12:31:53 [rank  49] INFO [water] 2331522 atoms, mass range 1.008-15.999 amu (OK)
12:31:53 [rank  49] INFO [excipient] 165780 atoms, mass range 1.008-15.999 amu (OK)
12:31:53 [rank  23] INFO [protein] 478908 atoms grouped into 31020 residues/molecules
12:31:53 [rank   6] INFO [water] 2331522 atoms, mass range 1.008-15.999 amu (OK)
12:31:53 [rank   6] INFO [excipient] 165780 atoms, mass range 1.008-15.999 amu (OK)
12:31:53 [rank  39] INFO [protein] 478908 atoms, mass range 1.008-32.060 amu (OK)
12:31:53 [rank  25] INFO [protein] 478908 atoms, mass range 1.008-32.060 amu (OK)
12:31:53 [rank   0] INFO [water] 2331522 atoms grouped into 777174 residues/molecules
12:31:53 [rank   0] INFO [excipient] 165780 atoms grouped into 3684 residues/molecules
12:31:53 [rank  39] INFO [water] 2331522 atoms, mass range 1.008-15.999 amu (OK)
12:31:53 [rank  39] INFO [excipient] 165780 atoms, mass range 1.008-15.999 amu (OK)
12:31:53 [rank  25] INFO [water] 2331522 atoms, mass range 1.008-15.999 amu (OK)
12:31:53 [rank  25] INFO [excipient] 165780 atoms, mass range 1.008-15.999 amu (OK)
12:31:53 [rank   0] INFO [protein] chain-grouping candidate 'segindices': 1 distinct groups, member counts min=478908 max=478908 mean=478908.0 (uniform sizes are a good sign for a multi-copy assembly like a capsid)
12:31:53 [rank   0] INFO [protein] chain-grouping candidate 'resid-reset': 60 distinct groups, member counts min=7981 max=7982 mean=7981.8 (uniform sizes are a good sign for a multi-copy assembly like a capsid)
12:31:53 [rank   0] INFO [protein] using 'resid-reset' for chain-level PBC realignment (60 distinct chains/segments)
12:31:53 [rank   0] INFO [protein-chain] 478908 atoms grouped into 60 residues/molecules
12:31:53 [rank   0] INFO protein atoms=478908 residues=31020  water molecules=777174 (topology total)  SUC molecules=3684 (topology total)
12:31:53 [rank   3] INFO [protein] 478908 atoms grouped into 31020 residues/molecules
12:31:53 [rank  21] INFO [protein] 478908 atoms, mass range 1.008-32.060 amu (OK)
12:31:53 [rank  11] INFO [water] 2331522 atoms grouped into 777174 residues/molecules
12:31:53 [rank  63] INFO [water] 2331522 atoms grouped into 777174 residues/molecules
12:31:53 [rank  11] INFO [excipient] 165780 atoms grouped into 3684 residues/molecules
12:31:53 [rank  63] INFO [excipient] 165780 atoms grouped into 3684 residues/molecules
12:31:53 [rank  21] INFO [water] 2331522 atoms, mass range 1.008-15.999 amu (OK)
12:31:53 [rank  21] INFO [excipient] 165780 atoms, mass range 1.008-15.999 amu (OK)
12:31:53 [rank  20] INFO [protein] 478908 atoms grouped into 31020 residues/molecules
12:31:53 [rank  13] INFO [protein] 478908 atoms, mass range 1.008-32.060 amu (OK)
12:31:53 [rank  10] INFO [water] 2331522 atoms grouped into 777174 residues/molecules
12:31:53 [rank  31] INFO [protein] 478908 atoms grouped into 31020 residues/molecules
12:31:53 [rank  11] INFO [protein-chain] 478908 atoms grouped into 60 residues/molecules
12:31:53 [rank  10] INFO [excipient] 165780 atoms grouped into 3684 residues/molecules
12:31:53 [rank  63] INFO [protein-chain] 478908 atoms grouped into 60 residues/molecules
12:31:53 [rank  13] INFO [water] 2331522 atoms, mass range 1.008-15.999 amu (OK)
12:31:53 [rank  33] INFO [protein] 478908 atoms grouped into 31020 residues/molecules
12:31:53 [rank  13] INFO [excipient] 165780 atoms, mass range 1.008-15.999 amu (OK)
12:31:53 [rank  18] INFO [water] 2331522 atoms grouped into 777174 residues/molecules
12:31:53 [rank  18] INFO [excipient] 165780 atoms grouped into 3684 residues/molecules
12:31:53 [rank  10] INFO [protein-chain] 478908 atoms grouped into 60 residues/molecules
12:31:53 [rank  27] INFO [protein] 478908 atoms, mass range 1.008-32.060 amu (OK)
12:31:53 [rank  22] INFO [protein] 478908 atoms, mass range 1.008-32.060 amu (OK)
12:31:53 [rank  38] INFO [protein] 478908 atoms, mass range 1.008-32.060 amu (OK)
12:31:53 [rank  17] INFO [protein] 478908 atoms, mass range 1.008-32.060 amu (OK)
12:31:53 [rank  15] INFO [protein] 478908 atoms, mass range 1.008-32.060 amu (OK)
12:31:53 [rank  45] INFO [protein] 478908 atoms, mass range 1.008-32.060 amu (OK)
12:31:53 [rank  47] INFO [protein] 478908 atoms, mass range 1.008-32.060 amu (OK)
12:31:53 [rank  18] INFO [protein-chain] 478908 atoms grouped into 60 residues/molecules
12:31:53 [rank  22] INFO [water] 2331522 atoms, mass range 1.008-15.999 amu (OK)
12:31:53 [rank  22] INFO [excipient] 165780 atoms, mass range 1.008-15.999 amu (OK)
12:31:53 [rank  38] INFO [water] 2331522 atoms, mass range 1.008-15.999 amu (OK)
12:31:53 [rank  38] INFO [excipient] 165780 atoms, mass range 1.008-15.999 amu (OK)
12:31:53 [rank  27] INFO [water] 2331522 atoms, mass range 1.008-15.999 amu (OK)
12:31:53 [rank   6] INFO [protein] 478908 atoms grouped into 31020 residues/molecules
12:31:53 [rank  49] INFO [protein] 478908 atoms grouped into 31020 residues/molecules
12:31:53 [rank  27] INFO [excipient] 165780 atoms, mass range 1.008-15.999 amu (OK)
12:31:53 [rank  23] INFO [water] 2331522 atoms grouped into 777174 residues/molecules
12:31:53 [rank  17] INFO [water] 2331522 atoms, mass range 1.008-15.999 amu (OK)
12:31:53 [rank  17] INFO [excipient] 165780 atoms, mass range 1.008-15.999 amu (OK)
12:31:53 [rank  15] INFO [water] 2331522 atoms, mass range 1.008-15.999 amu (OK)
12:31:53 [rank  15] INFO [excipient] 165780 atoms, mass range 1.008-15.999 amu (OK)
12:31:53 [rank  23] INFO [excipient] 165780 atoms grouped into 3684 residues/molecules
12:31:53 [rank  45] INFO [water] 2331522 atoms, mass range 1.008-15.999 amu (OK)
12:31:53 [rank  45] INFO [excipient] 165780 atoms, mass range 1.008-15.999 amu (OK)
12:31:53 [rank  47] INFO [water] 2331522 atoms, mass range 1.008-15.999 amu (OK)
12:31:53 [rank  47] INFO [excipient] 165780 atoms, mass range 1.008-15.999 amu (OK)
12:31:53 [rank  37] INFO [protein] 478908 atoms, mass range 1.008-32.060 amu (OK)
12:31:53 [rank   9] INFO [protein] 478908 atoms, mass range 1.008-32.060 amu (OK)
12:31:53 [rank  39] INFO [protein] 478908 atoms grouped into 31020 residues/molecules
12:31:53 [rank  23] INFO [protein-chain] 478908 atoms grouped into 60 residues/molecules
12:31:53 [rank   9] INFO [water] 2331522 atoms, mass range 1.008-15.999 amu (OK)
12:31:53 [rank   9] INFO [excipient] 165780 atoms, mass range 1.008-15.999 amu (OK)
12:31:53 [rank  25] INFO [protein] 478908 atoms grouped into 31020 residues/molecules
12:31:53 [rank  36] INFO [protein] 478908 atoms, mass range 1.008-32.060 amu (OK)
12:31:53 [rank  37] INFO [water] 2331522 atoms, mass range 1.008-15.999 amu (OK)
12:31:53 [rank  37] INFO [excipient] 165780 atoms, mass range 1.008-15.999 amu (OK)
12:31:53 [rank  48] INFO [protein] 478908 atoms, mass range 1.008-32.060 amu (OK)
12:31:53 [rank  50] INFO [protein] 478908 atoms, mass range 1.008-32.060 amu (OK)
12:31:53 [rank  36] INFO [water] 2331522 atoms, mass range 1.008-15.999 amu (OK)
12:31:53 [rank  36] INFO [excipient] 165780 atoms, mass range 1.008-15.999 amu (OK)
12:31:53 [rank   3] INFO [water] 2331522 atoms grouped into 777174 residues/molecules
12:31:53 [rank  48] INFO [water] 2331522 atoms, mass range 1.008-15.999 amu (OK)
12:31:53 [rank  48] INFO [excipient] 165780 atoms, mass range 1.008-15.999 amu (OK)
12:31:53 [rank  50] INFO [water] 2331522 atoms, mass range 1.008-15.999 amu (OK)
12:31:53 [rank  50] INFO [excipient] 165780 atoms, mass range 1.008-15.999 amu (OK)
12:31:53 [rank   3] INFO [excipient] 165780 atoms grouped into 3684 residues/molecules
12:31:53 [rank  56] INFO [protein] 478908 atoms, mass range 1.008-32.060 amu (OK)
12:31:53 [rank  20] INFO [water] 2331522 atoms grouped into 777174 residues/molecules
12:31:53 [rank  20] INFO [excipient] 165780 atoms grouped into 3684 residues/molecules
12:31:53 [rank  21] INFO [protein] 478908 atoms grouped into 31020 residues/molecules
12:31:53 [rank  56] INFO [water] 2331522 atoms, mass range 1.008-15.999 amu (OK)
12:31:53 [rank  56] INFO [excipient] 165780 atoms, mass range 1.008-15.999 amu (OK)
12:31:53 [rank   3] INFO [protein-chain] 478908 atoms grouped into 60 residues/molecules
12:31:53 [rank  40] INFO [protein] 478908 atoms, mass range 1.008-32.060 amu (OK)
12:31:53 [rank  54] INFO [protein] 478908 atoms, mass range 1.008-32.060 amu (OK)
12:31:53 [rank   4] INFO [protein] 478908 atoms, mass range 1.008-32.060 amu (OK)
12:31:53 [rank  31] INFO [water] 2331522 atoms grouped into 777174 residues/molecules
12:31:53 [rank  20] INFO [protein-chain] 478908 atoms grouped into 60 residues/molecules
12:31:53 [rank  31] INFO [excipient] 165780 atoms grouped into 3684 residues/molecules
12:31:53 [rank  40] INFO [water] 2331522 atoms, mass range 1.008-15.999 amu (OK)
12:31:53 [rank  40] INFO [excipient] 165780 atoms, mass range 1.008-15.999 amu (OK)
12:31:53 [rank  13] INFO [protein] 478908 atoms grouped into 31020 residues/molecules
12:31:53 [rank  54] INFO [water] 2331522 atoms, mass range 1.008-15.999 amu (OK)
12:31:53 [rank   4] INFO [water] 2331522 atoms, mass range 1.008-15.999 amu (OK)
12:31:53 [rank  54] INFO [excipient] 165780 atoms, mass range 1.008-15.999 amu (OK)
12:31:53 [rank  33] INFO [water] 2331522 atoms grouped into 777174 residues/molecules
12:31:53 [rank   4] INFO [excipient] 165780 atoms, mass range 1.008-15.999 amu (OK)
12:31:53 [rank  33] INFO [excipient] 165780 atoms grouped into 3684 residues/molecules
12:31:53 [rank  61] INFO [protein] 478908 atoms, mass range 1.008-32.060 amu (OK)
12:31:53 [rank  22] INFO [protein] 478908 atoms grouped into 31020 residues/molecules
12:31:53 [rank   6] INFO [water] 2331522 atoms grouped into 777174 residues/molecules
12:31:53 [rank  31] INFO [protein-chain] 478908 atoms grouped into 60 residues/molecules
12:31:53 [rank   6] INFO [excipient] 165780 atoms grouped into 3684 residues/molecules
12:31:53 [rank  38] INFO [protein] 478908 atoms grouped into 31020 residues/molecules
12:31:53 [rank  61] INFO [water] 2331522 atoms, mass range 1.008-15.999 amu (OK)
12:31:53 [rank  33] INFO [protein-chain] 478908 atoms grouped into 60 residues/molecules
12:31:53 [rank  61] INFO [excipient] 165780 atoms, mass range 1.008-15.999 amu (OK)
12:31:53 [rank   6] INFO [protein-chain] 478908 atoms grouped into 60 residues/molecules
12:31:53 [rank  27] INFO [protein] 478908 atoms grouped into 31020 residues/molecules
12:31:53 [rank  49] INFO [water] 2331522 atoms grouped into 777174 residues/molecules
12:31:53 [rank  17] INFO [protein] 478908 atoms grouped into 31020 residues/molecules
12:31:53 [rank  15] INFO [protein] 478908 atoms grouped into 31020 residues/molecules
12:31:53 [rank  49] INFO [excipient] 165780 atoms grouped into 3684 residues/molecules
12:31:53 [rank  34] INFO [protein] 478908 atoms, mass range 1.008-32.060 amu (OK)
12:31:53 [rank   7] INFO [protein] 478908 atoms, mass range 1.008-32.060 amu (OK)
12:31:53 [rank  45] INFO [protein] 478908 atoms grouped into 31020 residues/molecules
12:31:53 [rank  47] INFO [protein] 478908 atoms grouped into 31020 residues/molecules
12:31:53 [rank  26] INFO [protein] 478908 atoms, mass range 1.008-32.060 amu (OK)
12:31:53 [rank  34] INFO [water] 2331522 atoms, mass range 1.008-15.999 amu (OK)
12:31:53 [rank  34] INFO [excipient] 165780 atoms, mass range 1.008-15.999 amu (OK)
12:31:53 [rank  29] INFO [protein] 478908 atoms, mass range 1.008-32.060 amu (OK)
12:31:53 [rank   7] INFO [water] 2331522 atoms, mass range 1.008-15.999 amu (OK)
12:31:53 [rank  49] INFO [protein-chain] 478908 atoms grouped into 60 residues/molecules
12:31:53 [rank   7] INFO [excipient] 165780 atoms, mass range 1.008-15.999 amu (OK)
12:31:53 [rank   9] INFO [protein] 478908 atoms grouped into 31020 residues/molecules
12:31:53 [rank  37] INFO [protein] 478908 atoms grouped into 31020 residues/molecules
12:31:53 [rank  36] INFO [protein] 478908 atoms grouped into 31020 residues/molecules
12:31:53 [rank  24] INFO [protein] 478908 atoms, mass range 1.008-32.060 amu (OK)
12:31:53 [rank  39] INFO [water] 2331522 atoms grouped into 777174 residues/molecules
12:31:53 [rank  26] INFO [water] 2331522 atoms, mass range 1.008-15.999 amu (OK)
12:31:53 [rank  25] INFO [water] 2331522 atoms grouped into 777174 residues/molecules
12:31:53 [rank  26] INFO [excipient] 165780 atoms, mass range 1.008-15.999 amu (OK)
12:31:53 [rank  50] INFO [protein] 478908 atoms grouped into 31020 residues/molecules
12:31:53 [rank  48] INFO [protein] 478908 atoms grouped into 31020 residues/molecules
12:31:53 [rank  39] INFO [excipient] 165780 atoms grouped into 3684 residues/molecules
12:31:53 [rank  25] INFO [excipient] 165780 atoms grouped into 3684 residues/molecules
12:31:53 [rank  29] INFO [water] 2331522 atoms, mass range 1.008-15.999 amu (OK)
12:31:53 [rank  29] INFO [excipient] 165780 atoms, mass range 1.008-15.999 amu (OK)
12:31:53 [rank  24] INFO [water] 2331522 atoms, mass range 1.008-15.999 amu (OK)
12:31:53 [rank  24] INFO [excipient] 165780 atoms, mass range 1.008-15.999 amu (OK)
12:31:53 [rank  53] INFO [protein] 478908 atoms, mass range 1.008-32.060 amu (OK)
12:31:53 [rank  56] INFO [protein] 478908 atoms grouped into 31020 residues/molecules
12:31:53 [rank  51] INFO [protein] 478908 atoms, mass range 1.008-32.060 amu (OK)
12:31:53 [rank  43] INFO [protein] 478908 atoms, mass range 1.008-32.060 amu (OK)
12:31:53 [rank  39] INFO [protein-chain] 478908 atoms grouped into 60 residues/molecules
12:31:53 [rank  25] INFO [protein-chain] 478908 atoms grouped into 60 residues/molecules
12:31:53 [rank  21] INFO [water] 2331522 atoms grouped into 777174 residues/molecules
12:31:53 [rank  21] INFO [excipient] 165780 atoms grouped into 3684 residues/molecules
12:31:53 [rank  53] INFO [water] 2331522 atoms, mass range 1.008-15.999 amu (OK)
12:31:53 [rank  53] INFO [excipient] 165780 atoms, mass range 1.008-15.999 amu (OK)
12:31:53 [rank  51] INFO [water] 2331522 atoms, mass range 1.008-15.999 amu (OK)
12:31:53 [rank  43] INFO [water] 2331522 atoms, mass range 1.008-15.999 amu (OK)
12:31:53 [rank  51] INFO [excipient] 165780 atoms, mass range 1.008-15.999 amu (OK)
12:31:53 [rank  43] INFO [excipient] 165780 atoms, mass range 1.008-15.999 amu (OK)
12:31:53 [rank   4] INFO [protein] 478908 atoms grouped into 31020 residues/molecules
12:31:53 [rank  40] INFO [protein] 478908 atoms grouped into 31020 residues/molecules
12:31:53 [rank  54] INFO [protein] 478908 atoms grouped into 31020 residues/molecules
12:31:53 [rank  28] INFO [protein] 478908 atoms, mass range 1.008-32.060 amu (OK)
12:31:53 [rank  21] INFO [protein-chain] 478908 atoms grouped into 60 residues/molecules
12:31:53 [rank  13] INFO [water] 2331522 atoms grouped into 777174 residues/molecules
12:31:53 [rank  22] INFO [water] 2331522 atoms grouped into 777174 residues/molecules
12:31:53 [rank  13] INFO [excipient] 165780 atoms grouped into 3684 residues/molecules
12:31:53 [rank  22] INFO [excipient] 165780 atoms grouped into 3684 residues/molecules
12:31:53 [rank  38] INFO [water] 2331522 atoms grouped into 777174 residues/molecules
12:31:53 [rank  42] INFO [protein] 478908 atoms, mass range 1.008-32.060 amu (OK)
12:31:53 [rank  38] INFO [excipient] 165780 atoms grouped into 3684 residues/molecules
12:31:53 [rank  28] INFO [water] 2331522 atoms, mass range 1.008-15.999 amu (OK)
12:31:53 [rank  28] INFO [excipient] 165780 atoms, mass range 1.008-15.999 amu (OK)
12:31:53 [rank  61] INFO [protein] 478908 atoms grouped into 31020 residues/molecules
12:31:53 [rank  42] INFO [water] 2331522 atoms, mass range 1.008-15.999 amu (OK)
12:31:53 [rank  42] INFO [excipient] 165780 atoms, mass range 1.008-15.999 amu (OK)
12:31:53 [rank  22] INFO [protein-chain] 478908 atoms grouped into 60 residues/molecules
12:31:53 [rank  13] INFO [protein-chain] 478908 atoms grouped into 60 residues/molecules
12:31:53 [rank  27] INFO [water] 2331522 atoms grouped into 777174 residues/molecules
12:31:53 [rank  38] INFO [protein-chain] 478908 atoms grouped into 60 residues/molecules
12:31:53 [rank  27] INFO [excipient] 165780 atoms grouped into 3684 residues/molecules
12:31:53 [rank  17] INFO [water] 2331522 atoms grouped into 777174 residues/molecules
12:31:53 [rank  17] INFO [excipient] 165780 atoms grouped into 3684 residues/molecules
12:31:53 [rank  15] INFO [water] 2331522 atoms grouped into 777174 residues/molecules
12:31:53 [rank  15] INFO [excipient] 165780 atoms grouped into 3684 residues/molecules
12:31:53 [rank  45] INFO [water] 2331522 atoms grouped into 777174 residues/molecules
12:31:53 [rank  47] INFO [water] 2331522 atoms grouped into 777174 residues/molecules
12:31:53 [rank  19] INFO [protein] 478908 atoms, mass range 1.008-32.060 amu (OK)
12:31:53 [rank   7] INFO [protein] 478908 atoms grouped into 31020 residues/molecules
12:31:53 [rank  34] INFO [protein] 478908 atoms grouped into 31020 residues/molecules
12:31:53 [rank  45] INFO [excipient] 165780 atoms grouped into 3684 residues/molecules
12:31:53 [rank  47] INFO [excipient] 165780 atoms grouped into 3684 residues/molecules
12:31:53 [rank  27] INFO [protein-chain] 478908 atoms grouped into 60 residues/molecules
12:31:53 [rank  17] INFO [protein-chain] 478908 atoms grouped into 60 residues/molecules
12:31:53 [rank   9] INFO [water] 2331522 atoms grouped into 777174 residues/molecules
12:31:53 [rank  37] INFO [water] 2331522 atoms grouped into 777174 residues/molecules
12:31:53 [rank  58] INFO [protein] 478908 atoms, mass range 1.008-32.060 amu (OK)
12:31:53 [rank  36] INFO [water] 2331522 atoms grouped into 777174 residues/molecules
12:31:53 [rank   2] INFO [protein] 478908 atoms, mass range 1.008-32.060 amu (OK)
12:31:53 [rank  32] INFO [protein] 478908 atoms, mass range 1.008-32.060 amu (OK)
12:31:53 [rank   9] INFO [excipient] 165780 atoms grouped into 3684 residues/molecules
12:31:53 [rank  37] INFO [excipient] 165780 atoms grouped into 3684 residues/molecules
12:31:53 [rank  36] INFO [excipient] 165780 atoms grouped into 3684 residues/molecules
12:31:53 [rank  15] INFO [protein-chain] 478908 atoms grouped into 60 residues/molecules
12:31:53 [rank  26] INFO [protein] 478908 atoms grouped into 31020 residues/molecules
12:31:53 [rank  19] INFO [water] 2331522 atoms, mass range 1.008-15.999 amu (OK)
12:31:53 [rank  19] INFO [excipient] 165780 atoms, mass range 1.008-15.999 amu (OK)
12:31:53 [rank  29] INFO [protein] 478908 atoms grouped into 31020 residues/molecules
12:31:53 [rank  48] INFO [water] 2331522 atoms grouped into 777174 residues/molecules
12:31:53 [rank  50] INFO [water] 2331522 atoms grouped into 777174 residues/molecules
12:31:53 [rank  45] INFO [protein-chain] 478908 atoms grouped into 60 residues/molecules
12:31:53 [rank  47] INFO [protein-chain] 478908 atoms grouped into 60 residues/molecules
12:31:53 [rank  24] INFO [protein] 478908 atoms grouped into 31020 residues/molecules
12:31:53 [rank  48] INFO [excipient] 165780 atoms grouped into 3684 residues/molecules
12:31:53 [rank  12] INFO [protein] 478908 atoms, mass range 1.008-32.060 amu (OK)
12:31:53 [rank  50] INFO [excipient] 165780 atoms grouped into 3684 residues/molecules
12:31:53 [rank  58] INFO [water] 2331522 atoms, mass range 1.008-15.999 amu (OK)
12:31:53 [rank  58] INFO [excipient] 165780 atoms, mass range 1.008-15.999 amu (OK)
12:31:53 [rank   2] INFO [water] 2331522 atoms, mass range 1.008-15.999 amu (OK)
12:31:53 [rank  32] INFO [water] 2331522 atoms, mass range 1.008-15.999 amu (OK)
12:31:53 [rank   2] INFO [excipient] 165780 atoms, mass range 1.008-15.999 amu (OK)
12:31:53 [rank  32] INFO [excipient] 165780 atoms, mass range 1.008-15.999 amu (OK)
12:31:53 [rank   9] INFO [protein-chain] 478908 atoms grouped into 60 residues/molecules
12:31:53 [rank  37] INFO [protein-chain] 478908 atoms grouped into 60 residues/molecules
12:31:53 [rank   1] INFO [protein] 478908 atoms, mass range 1.008-32.060 amu (OK)
12:31:53 [rank  36] INFO [protein-chain] 478908 atoms grouped into 60 residues/molecules
12:31:53 [rank  41] INFO [protein] 478908 atoms, mass range 1.008-32.060 amu (OK)
12:31:53 [rank  12] INFO [water] 2331522 atoms, mass range 1.008-15.999 amu (OK)
12:31:53 [rank  12] INFO [excipient] 165780 atoms, mass range 1.008-15.999 amu (OK)
12:31:53 [rank  56] INFO [water] 2331522 atoms grouped into 777174 residues/molecules
12:31:53 [rank  56] INFO [excipient] 165780 atoms grouped into 3684 residues/molecules
12:31:53 [rank  48] INFO [protein-chain] 478908 atoms grouped into 60 residues/molecules
12:31:53 [rank  50] INFO [protein-chain] 478908 atoms grouped into 60 residues/molecules
12:31:53 [rank  53] INFO [protein] 478908 atoms grouped into 31020 residues/molecules
12:31:53 [rank   1] INFO [water] 2331522 atoms, mass range 1.008-15.999 amu (OK)
12:31:53 [rank  51] INFO [protein] 478908 atoms grouped into 31020 residues/molecules
12:31:53 [rank   1] INFO [excipient] 165780 atoms, mass range 1.008-15.999 amu (OK)
12:31:53 [rank  43] INFO [protein] 478908 atoms grouped into 31020 residues/molecules
12:31:53 [rank  41] INFO [water] 2331522 atoms, mass range 1.008-15.999 amu (OK)
12:31:53 [rank  41] INFO [excipient] 165780 atoms, mass range 1.008-15.999 amu (OK)
12:31:53 [rank  16] INFO [protein] 478908 atoms, mass range 1.008-32.060 amu (OK)
12:31:53 [rank   4] INFO [water] 2331522 atoms grouped into 777174 residues/molecules
12:31:53 [rank   4] INFO [excipient] 165780 atoms grouped into 3684 residues/molecules
12:31:53 [rank  54] INFO [water] 2331522 atoms grouped into 777174 residues/molecules
12:31:53 [rank  40] INFO [water] 2331522 atoms grouped into 777174 residues/molecules
12:31:53 [rank  52] INFO [protein] 478908 atoms, mass range 1.008-32.060 amu (OK)
12:31:53 [rank  56] INFO [protein-chain] 478908 atoms grouped into 60 residues/molecules
12:31:53 [rank  54] INFO [excipient] 165780 atoms grouped into 3684 residues/molecules
12:31:53 [rank  40] INFO [excipient] 165780 atoms grouped into 3684 residues/molecules
12:31:53 [rank  55] INFO [protein] 478908 atoms, mass range 1.008-32.060 amu (OK)
12:31:53 [rank  16] INFO [water] 2331522 atoms, mass range 1.008-15.999 amu (OK)
12:31:53 [rank  16] INFO [excipient] 165780 atoms, mass range 1.008-15.999 amu (OK)
12:31:53 [rank  61] INFO [water] 2331522 atoms grouped into 777174 residues/molecules
12:31:53 [rank  28] INFO [protein] 478908 atoms grouped into 31020 residues/molecules
12:31:53 [rank  52] INFO [water] 2331522 atoms, mass range 1.008-15.999 amu (OK)
12:31:53 [rank  61] INFO [excipient] 165780 atoms grouped into 3684 residues/molecules
12:31:53 [rank  52] INFO [excipient] 165780 atoms, mass range 1.008-15.999 amu (OK)
12:31:53 [rank   4] INFO [protein-chain] 478908 atoms grouped into 60 residues/molecules
12:31:53 [rank  55] INFO [water] 2331522 atoms, mass range 1.008-15.999 amu (OK)
12:31:53 [rank  55] INFO [excipient] 165780 atoms, mass range 1.008-15.999 amu (OK)
12:31:53 [rank  54] INFO [protein-chain] 478908 atoms grouped into 60 residues/molecules
12:31:53 [rank  40] INFO [protein-chain] 478908 atoms grouped into 60 residues/molecules
12:31:53 [rank  42] INFO [protein] 478908 atoms grouped into 31020 residues/molecules
12:31:53 [rank  61] INFO [protein-chain] 478908 atoms grouped into 60 residues/molecules
12:31:53 [rank  30] INFO [protein] 478908 atoms, mass range 1.008-32.060 amu (OK)
12:31:53 [rank   7] INFO [water] 2331522 atoms grouped into 777174 residues/molecules
12:31:53 [rank   7] INFO [excipient] 165780 atoms grouped into 3684 residues/molecules
12:31:53 [rank  30] INFO [water] 2331522 atoms, mass range 1.008-15.999 amu (OK)
12:31:53 [rank  30] INFO [excipient] 165780 atoms, mass range 1.008-15.999 amu (OK)
12:31:53 [rank  35] INFO [protein] 478908 atoms, mass range 1.008-32.060 amu (OK)
12:31:53 [rank  29] INFO [water] 2331522 atoms grouped into 777174 residues/molecules
12:31:53 [rank  34] INFO [water] 2331522 atoms grouped into 777174 residues/molecules
12:31:53 [rank  29] INFO [excipient] 165780 atoms grouped into 3684 residues/molecules
12:31:53 [rank  19] INFO [protein] 478908 atoms grouped into 31020 residues/molecules
12:31:53 [rank  34] INFO [excipient] 165780 atoms grouped into 3684 residues/molecules
12:31:53 [rank  35] INFO [water] 2331522 atoms, mass range 1.008-15.999 amu (OK)
12:31:53 [rank   7] INFO [protein-chain] 478908 atoms grouped into 60 residues/molecules
12:31:53 [rank  35] INFO [excipient] 165780 atoms, mass range 1.008-15.999 amu (OK)
12:31:53 [rank  26] INFO [water] 2331522 atoms grouped into 777174 residues/molecules
12:31:53 [rank  26] INFO [excipient] 165780 atoms grouped into 3684 residues/molecules
12:31:53 [rank  24] INFO [water] 2331522 atoms grouped into 777174 residues/molecules
12:31:53 [rank  24] INFO [excipient] 165780 atoms grouped into 3684 residues/molecules
12:31:53 [rank  29] INFO [protein-chain] 478908 atoms grouped into 60 residues/molecules
12:31:53 [rank  53] INFO [water] 2331522 atoms grouped into 777174 residues/molecules
12:31:53 [rank  51] INFO [water] 2331522 atoms grouped into 777174 residues/molecules
12:31:53 [rank  53] INFO [excipient] 165780 atoms grouped into 3684 residues/molecules
12:31:53 [rank  34] INFO [protein-chain] 478908 atoms grouped into 60 residues/molecules
12:31:53 [rank  51] INFO [excipient] 165780 atoms grouped into 3684 residues/molecules
12:31:53 [rank  58] INFO [protein] 478908 atoms grouped into 31020 residues/molecules
12:31:53 [rank  32] INFO [protein] 478908 atoms grouped into 31020 residues/molecules
12:31:53 [rank  43] INFO [water] 2331522 atoms grouped into 777174 residues/molecules
12:31:53 [rank   8] INFO [protein] 478908 atoms, mass range 1.008-32.060 amu (OK)
12:31:53 [rank   2] INFO [protein] 478908 atoms grouped into 31020 residues/molecules
12:31:53 [rank  43] INFO [excipient] 165780 atoms grouped into 3684 residues/molecules
12:31:53 [rank   1] INFO [protein] 478908 atoms grouped into 31020 residues/molecules
12:31:53 [rank  26] INFO [protein-chain] 478908 atoms grouped into 60 residues/molecules
12:31:53 [rank  12] INFO [protein] 478908 atoms grouped into 31020 residues/molecules
12:31:53 [rank  41] INFO [protein] 478908 atoms grouped into 31020 residues/molecules
12:31:53 [rank  24] INFO [protein-chain] 478908 atoms grouped into 60 residues/molecules
12:31:53 [rank  53] INFO [protein-chain] 478908 atoms grouped into 60 residues/molecules
12:31:53 [rank  51] INFO [protein-chain] 478908 atoms grouped into 60 residues/molecules
12:31:53 [rank   8] INFO [water] 2331522 atoms, mass range 1.008-15.999 amu (OK)
12:31:53 [rank   8] INFO [excipient] 165780 atoms, mass range 1.008-15.999 amu (OK)
12:31:53 [rank  43] INFO [protein-chain] 478908 atoms grouped into 60 residues/molecules
12:31:53 [rank  44] INFO [protein] 478908 atoms, mass range 1.008-32.060 amu (OK)
12:31:53 [rank  55] INFO [protein] 478908 atoms grouped into 31020 residues/molecules
12:31:53 [rank  62] INFO [protein] 478908 atoms, mass range 1.008-32.060 amu (OK)
12:31:53 [rank  16] INFO [protein] 478908 atoms grouped into 31020 residues/molecules
12:31:53 [rank  44] INFO [water] 2331522 atoms, mass range 1.008-15.999 amu (OK)
12:31:53 [rank  44] INFO [excipient] 165780 atoms, mass range 1.008-15.999 amu (OK)
12:31:54 [rank  52] INFO [protein] 478908 atoms grouped into 31020 residues/molecules
12:31:54 [rank  42] INFO [water] 2331522 atoms grouped into 777174 residues/molecules
12:31:54 [rank  62] INFO [water] 2331522 atoms, mass range 1.008-15.999 amu (OK)
12:31:54 [rank  62] INFO [excipient] 165780 atoms, mass range 1.008-15.999 amu (OK)
12:31:54 [rank  42] INFO [excipient] 165780 atoms grouped into 3684 residues/molecules
12:31:54 [rank  19] INFO [water] 2331522 atoms grouped into 777174 residues/molecules
12:31:54 [rank  28] INFO [water] 2331522 atoms grouped into 777174 residues/molecules
12:31:54 [rank  19] INFO [excipient] 165780 atoms grouped into 3684 residues/molecules
12:31:54 [rank  28] INFO [excipient] 165780 atoms grouped into 3684 residues/molecules
12:31:54 [rank  19] INFO [protein-chain] 478908 atoms grouped into 60 residues/molecules
12:31:54 [rank  42] INFO [protein-chain] 478908 atoms grouped into 60 residues/molecules
12:31:54 [rank  28] INFO [protein-chain] 478908 atoms grouped into 60 residues/molecules
12:31:54 [rank  30] INFO [protein] 478908 atoms grouped into 31020 residues/molecules
12:31:54 [rank  35] INFO [protein] 478908 atoms grouped into 31020 residues/molecules
12:31:54 [rank  60] INFO [protein] 478908 atoms, mass range 1.008-32.060 amu (OK)
12:31:54 [rank   1] INFO [water] 2331522 atoms grouped into 777174 residues/molecules
12:31:54 [rank   1] INFO [excipient] 165780 atoms grouped into 3684 residues/molecules
12:31:54 [rank  41] INFO [water] 2331522 atoms grouped into 777174 residues/molecules
12:31:54 [rank  60] INFO [water] 2331522 atoms, mass range 1.008-15.999 amu (OK)
12:31:54 [rank  60] INFO [excipient] 165780 atoms, mass range 1.008-15.999 amu (OK)
12:31:54 [rank  41] INFO [excipient] 165780 atoms grouped into 3684 residues/molecules
12:31:54 [rank   1] INFO [protein-chain] 478908 atoms grouped into 60 residues/molecules
12:31:54 [rank  58] INFO [water] 2331522 atoms grouped into 777174 residues/molecules
12:31:54 [rank  32] INFO [water] 2331522 atoms grouped into 777174 residues/molecules
12:31:54 [rank  55] INFO [water] 2331522 atoms grouped into 777174 residues/molecules
12:31:54 [rank  58] INFO [excipient] 165780 atoms grouped into 3684 residues/molecules
12:31:54 [rank  32] INFO [excipient] 165780 atoms grouped into 3684 residues/molecules
12:31:54 [rank  55] INFO [excipient] 165780 atoms grouped into 3684 residues/molecules
12:31:54 [rank  12] INFO [water] 2331522 atoms grouped into 777174 residues/molecules
12:31:54 [rank   2] INFO [water] 2331522 atoms grouped into 777174 residues/molecules
12:31:54 [rank  41] INFO [protein-chain] 478908 atoms grouped into 60 residues/molecules
12:31:54 [rank  12] INFO [excipient] 165780 atoms grouped into 3684 residues/molecules
12:31:54 [rank   2] INFO [excipient] 165780 atoms grouped into 3684 residues/molecules
12:31:54 [rank   8] INFO [protein] 478908 atoms grouped into 31020 residues/molecules
12:31:54 [rank  55] INFO [protein-chain] 478908 atoms grouped into 60 residues/molecules
12:31:54 [rank  58] INFO [protein-chain] 478908 atoms grouped into 60 residues/molecules
12:31:54 [rank  32] INFO [protein-chain] 478908 atoms grouped into 60 residues/molecules
12:31:54 [rank  12] INFO [protein-chain] 478908 atoms grouped into 60 residues/molecules
12:31:54 [rank   2] INFO [protein-chain] 478908 atoms grouped into 60 residues/molecules
12:31:54 [rank  16] INFO [water] 2331522 atoms grouped into 777174 residues/molecules
12:31:54 [rank  16] INFO [excipient] 165780 atoms grouped into 3684 residues/molecules
12:31:54 [rank  52] INFO [water] 2331522 atoms grouped into 777174 residues/molecules
12:31:54 [rank  44] INFO [protein] 478908 atoms grouped into 31020 residues/molecules
12:31:54 [rank  52] INFO [excipient] 165780 atoms grouped into 3684 residues/molecules
12:31:54 [rank  35] INFO [water] 2331522 atoms grouped into 777174 residues/molecules
12:31:54 [rank  35] INFO [excipient] 165780 atoms grouped into 3684 residues/molecules
12:31:54 [rank  62] INFO [protein] 478908 atoms grouped into 31020 residues/molecules
12:31:54 [rank  16] INFO [protein-chain] 478908 atoms grouped into 60 residues/molecules
12:31:54 [rank  30] INFO [water] 2331522 atoms grouped into 777174 residues/molecules
12:31:54 [rank  52] INFO [protein-chain] 478908 atoms grouped into 60 residues/molecules
12:31:54 [rank  30] INFO [excipient] 165780 atoms grouped into 3684 residues/molecules
12:31:54 [rank  35] INFO [protein-chain] 478908 atoms grouped into 60 residues/molecules
12:31:54 [rank  30] INFO [protein-chain] 478908 atoms grouped into 60 residues/molecules
12:31:54 [rank  60] INFO [protein] 478908 atoms grouped into 31020 residues/molecules
12:31:54 [rank   8] INFO [water] 2331522 atoms grouped into 777174 residues/molecules
12:31:54 [rank   5] INFO [protein] 478908 atoms, mass range 1.008-32.060 amu (OK)
12:31:54 [rank   8] INFO [excipient] 165780 atoms grouped into 3684 residues/molecules
12:31:54 [rank   5] INFO [water] 2331522 atoms, mass range 1.008-15.999 amu (OK)
12:31:54 [rank   5] INFO [excipient] 165780 atoms, mass range 1.008-15.999 amu (OK)
12:31:54 [rank   8] INFO [protein-chain] 478908 atoms grouped into 60 residues/molecules
12:31:54 [rank  44] INFO [water] 2331522 atoms grouped into 777174 residues/molecules
12:31:54 [rank  57] INFO [protein] 478908 atoms, mass range 1.008-32.060 amu (OK)
12:31:54 [rank  44] INFO [excipient] 165780 atoms grouped into 3684 residues/molecules
12:31:54 [rank  62] INFO [water] 2331522 atoms grouped into 777174 residues/molecules
12:31:54 [rank  57] INFO [water] 2331522 atoms, mass range 1.008-15.999 amu (OK)
12:31:54 [rank  57] INFO [excipient] 165780 atoms, mass range 1.008-15.999 amu (OK)
12:31:54 [rank  62] INFO [excipient] 165780 atoms grouped into 3684 residues/molecules
12:31:54 [rank  44] INFO [protein-chain] 478908 atoms grouped into 60 residues/molecules
12:31:54 [rank  62] INFO [protein-chain] 478908 atoms grouped into 60 residues/molecules
12:31:54 [rank  60] INFO [water] 2331522 atoms grouped into 777174 residues/molecules
12:31:54 [rank  60] INFO [excipient] 165780 atoms grouped into 3684 residues/molecules
12:31:54 [rank  60] INFO [protein-chain] 478908 atoms grouped into 60 residues/molecules
12:31:54 [rank  59] INFO [protein] 478908 atoms, mass range 1.008-32.060 amu (OK)
12:31:54 [rank  59] INFO [water] 2331522 atoms, mass range 1.008-15.999 amu (OK)
12:31:54 [rank  59] INFO [excipient] 165780 atoms, mass range 1.008-15.999 amu (OK)
12:31:54 [rank   5] INFO [protein] 478908 atoms grouped into 31020 residues/molecules
12:31:54 [rank  57] INFO [protein] 478908 atoms grouped into 31020 residues/molecules
12:31:54 [rank   5] INFO [water] 2331522 atoms grouped into 777174 residues/molecules
12:31:54 [rank   5] INFO [excipient] 165780 atoms grouped into 3684 residues/molecules
12:31:54 [rank   5] INFO [protein-chain] 478908 atoms grouped into 60 residues/molecules
12:31:54 [rank  57] INFO [water] 2331522 atoms grouped into 777174 residues/molecules
12:31:54 [rank  59] INFO [protein] 478908 atoms grouped into 31020 residues/molecules
12:31:54 [rank  57] INFO [excipient] 165780 atoms grouped into 3684 residues/molecules
12:31:54 [rank  57] INFO [protein-chain] 478908 atoms grouped into 60 residues/molecules
12:31:54 [rank  59] INFO [water] 2331522 atoms grouped into 777174 residues/molecules
12:31:54 [rank  59] INFO [excipient] 165780 atoms grouped into 3684 residues/molecules
12:31:54 [rank  59] INFO [protein-chain] 478908 atoms grouped into 60 residues/molecules
12:32:01 [rank  18] INFO assigned 16 frames (local index 288:304)
12:32:01 [rank  54] INFO assigned 15 frames (local index 851:866)
12:32:01 [rank  24] INFO assigned 16 frames (local index 384:400)
12:32:01 [rank  12] INFO assigned 16 frames (local index 192:208)
12:32:01 [rank   6] INFO assigned 16 frames (local index 96:112)
12:32:01 [rank  40] INFO assigned 16 frames (local index 640:656)
12:32:01 [rank  60] INFO assigned 15 frames (local index 941:956)
12:32:01 [rank  58] INFO assigned 15 frames (local index 911:926)
12:32:01 [rank  28] INFO assigned 16 frames (local index 448:464)
12:32:01 [rank  26] INFO assigned 16 frames (local index 416:432)
12:32:01 [rank  46] INFO assigned 15 frames (local index 731:746)
12:32:01 [rank  52] INFO assigned 15 frames (local index 821:836)
12:32:01 [rank  20] INFO assigned 16 frames (local index 320:336)
12:32:01 [rank  36] INFO assigned 16 frames (local index 576:592)
12:32:01 [rank  14] INFO assigned 16 frames (local index 224:240)
12:32:01 [rank  22] INFO assigned 16 frames (local index 352:368)
12:32:01 [rank  48] INFO assigned 15 frames (local index 761:776)
12:32:01 [rank  50] INFO assigned 15 frames (local index 791:806)
12:32:01 [rank  44] INFO assigned 15 frames (local index 701:716)
12:32:01 [rank   4] INFO assigned 16 frames (local index 64:80)
12:32:01 [rank  42] INFO assigned 15 frames (local index 671:686)
12:32:01 [rank  62] INFO assigned 15 frames (local index 971:986)
12:32:01 [rank  38] INFO assigned 16 frames (local index 608:624)
12:32:01 [rank  45] INFO assigned 15 frames (local index 716:731)
12:32:01 [rank  10] INFO assigned 16 frames (local index 160:176)
12:32:01 [rank  32] INFO assigned 16 frames (local index 512:528)
12:32:01 [rank  21] INFO assigned 16 frames (local index 336:352)
12:32:01 [rank  30] INFO assigned 16 frames (local index 480:496)
12:32:01 [rank  56] INFO assigned 15 frames (local index 881:896)
12:32:01 [rank  53] INFO assigned 15 frames (local index 836:851)
12:32:01 [rank  34] INFO assigned 16 frames (local index 544:560)
12:32:01 [rank   9] INFO assigned 16 frames (local index 144:160)
12:32:01 [rank  49] INFO assigned 15 frames (local index 776:791)
12:32:01 [rank  11] INFO assigned 16 frames (local index 176:192)
12:32:01 [rank  15] INFO assigned 16 frames (local index 240:256)
12:32:01 [rank  33] INFO assigned 16 frames (local index 528:544)
12:32:01 [rank  55] INFO assigned 15 frames (local index 866:881)
12:32:01 [rank  19] INFO assigned 16 frames (local index 304:320)
12:32:01 [rank  29] INFO assigned 16 frames (local index 464:480)
12:32:01 [rank  43] INFO assigned 15 frames (local index 686:701)
12:32:01 [rank  31] INFO assigned 16 frames (local index 496:512)
12:32:01 [rank  59] INFO assigned 15 frames (local index 926:941)
12:32:01 [rank  57] INFO assigned 15 frames (local index 896:911)
12:32:01 [rank  41] INFO assigned 15 frames (local index 656:671)
12:32:01 [rank   5] INFO assigned 16 frames (local index 80:96)
12:32:01 [rank   1] INFO assigned 16 frames (local index 16:32)
12:32:01 [rank  37] INFO assigned 16 frames (local index 592:608)
12:32:01 [rank   3] INFO assigned 16 frames (local index 48:64)
12:32:01 [rank  17] INFO assigned 16 frames (local index 272:288)
12:32:01 [rank  61] INFO assigned 15 frames (local index 956:971)
12:32:01 [rank  47] INFO assigned 15 frames (local index 746:761)
12:32:01 [rank  27] INFO assigned 16 frames (local index 432:448)
12:32:01 [rank  13] INFO assigned 16 frames (local index 208:224)
12:32:01 [rank  35] INFO assigned 16 frames (local index 560:576)
12:32:01 [rank  51] INFO assigned 15 frames (local index 806:821)
12:32:01 [rank  25] INFO assigned 16 frames (local index 400:416)
12:32:01 [rank  16] INFO assigned 16 frames (local index 256:272)
12:32:01 [rank   8] INFO assigned 16 frames (local index 128:144)
12:32:01 [rank  39] INFO assigned 16 frames (local index 624:640)
12:32:01 [rank  63] INFO assigned 15 frames (local index 986:1001)
12:32:01 [rank  23] INFO assigned 16 frames (local index 368:384)
12:32:01 [rank   7] INFO assigned 16 frames (local index 112:128)
12:32:01 [rank   2] INFO assigned 16 frames (local index 32:48)
12:32:01 [rank   0] INFO [shell calibration] 20 frames sampled (of 1001 total), 620400 pooled residue radii -- P2.0=65.19 A (inner), P98.0=227.73 A (outer), median=112.54 A, range=[16.11, 286.62] A
12:32:01 [rank   0] INFO Exterior classification cutoff: radial distance > 232.73 A (outer radius 227.73 + margin 5.00)
12:32:01 [rank   0] INFO Interior classification cutoff: radial distance < 60.19 A (inner radius 65.19 - margin 5.00)
12:32:01 [rank   0] INFO Per-residue facing (median split at 112.55 A): 15510 outer-facing, 15510 inner-facing
12:32:01 [rank   0] INFO trajectory frames: 1001 total, 1001 selected (stride=1, max_frames=None)
12:32:01 [rank   0] WARNING Only 15.6 frames/rank at 64 ranks for this 1001-frame run -- per-rank fixed cost (Universe/topology load, MPI startup, shell calibration) will dominate over actual compute (~0.25s/frame). For a run this size, --ntasks=51 (or fewer) would likely finish just as fast while using less of the allocation.
12:32:01 [rank   0] INFO assigned 16 frames (local index 0:16)
12:32:02 [rank   0] WARNING Residue sphere radius 321.53 A is unusually large (>15 A) -- check for a chain break or a non-protein atom leaking into the protein selection (should be rare now that positions are PBC-unwrapped per residue before this check).
12:32:02 [rank  23] WARNING Residue sphere radius 321.29 A is unusually large (>15 A) -- check for a chain break or a non-protein atom leaking into the protein selection (should be rare now that positions are PBC-unwrapped per residue before this check).
12:32:05 [rank  18] WARNING Residue sphere radius 321.50 A is unusually large (>15 A) -- check for a chain break or a non-protein atom leaking into the protein selection (should be rare now that positions are PBC-unwrapped per residue before this check).
12:32:06 [rank  39] WARNING Residue sphere radius 321.40 A is unusually large (>15 A) -- check for a chain break or a non-protein atom leaking into the protein selection (should be rare now that positions are PBC-unwrapped per residue before this check).
12:32:06 [rank  28] WARNING Residue sphere radius 321.25 A is unusually large (>15 A) -- check for a chain break or a non-protein atom leaking into the protein selection (should be rare now that positions are PBC-unwrapped per residue before this check).
12:32:06 [rank  61] WARNING Residue sphere radius 321.49 A is unusually large (>15 A) -- check for a chain break or a non-protein atom leaking into the protein selection (should be rare now that positions are PBC-unwrapped per residue before this check).
12:32:06 [rank  41] WARNING Residue sphere radius 321.27 A is unusually large (>15 A) -- check for a chain break or a non-protein atom leaking into the protein selection (should be rare now that positions are PBC-unwrapped per residue before this check).
12:32:06 [rank   8] WARNING Residue sphere radius 321.47 A is unusually large (>15 A) -- check for a chain break or a non-protein atom leaking into the protein selection (should be rare now that positions are PBC-unwrapped per residue before this check).
12:32:06 [rank  12] WARNING Residue sphere radius 321.21 A is unusually large (>15 A) -- check for a chain break or a non-protein atom leaking into the protein selection (should be rare now that positions are PBC-unwrapped per residue before this check).
12:32:06 [rank  59] WARNING Residue sphere radius 321.18 A is unusually large (>15 A) -- check for a chain break or a non-protein atom leaking into the protein selection (should be rare now that positions are PBC-unwrapped per residue before this check).
12:32:06 [rank  21] WARNING Residue sphere radius 321.40 A is unusually large (>15 A) -- check for a chain break or a non-protein atom leaking into the protein selection (should be rare now that positions are PBC-unwrapped per residue before this check).
12:32:06 [rank  26] WARNING Residue sphere radius 321.35 A is unusually large (>15 A) -- check for a chain break or a non-protein atom leaking into the protein selection (should be rare now that positions are PBC-unwrapped per residue before this check).
12:32:06 [rank   4] WARNING Residue sphere radius 321.66 A is unusually large (>15 A) -- check for a chain break or a non-protein atom leaking into the protein selection (should be rare now that positions are PBC-unwrapped per residue before this check).
12:32:06 [rank  51] WARNING Residue sphere radius 321.60 A is unusually large (>15 A) -- check for a chain break or a non-protein atom leaking into the protein selection (should be rare now that positions are PBC-unwrapped per residue before this check).
12:32:06 [rank  30] WARNING Residue sphere radius 321.12 A is unusually large (>15 A) -- check for a chain break or a non-protein atom leaking into the protein selection (should be rare now that positions are PBC-unwrapped per residue before this check).
12:32:06 [rank  14] WARNING Residue sphere radius 321.20 A is unusually large (>15 A) -- check for a chain break or a non-protein atom leaking into the protein selection (should be rare now that positions are PBC-unwrapped per residue before this check).
12:32:06 [rank  22] WARNING Residue sphere radius 321.68 A is unusually large (>15 A) -- check for a chain break or a non-protein atom leaking into the protein selection (should be rare now that positions are PBC-unwrapped per residue before this check).
12:32:05 [rank  55] WARNING Residue sphere radius 321.25 A is unusually large (>15 A) -- check for a chain break or a non-protein atom leaking into the protein selection (should be rare now that positions are PBC-unwrapped per residue before this check).
12:32:06 [rank  45] WARNING Residue sphere radius 321.17 A is unusually large (>15 A) -- check for a chain break or a non-protein atom leaking into the protein selection (should be rare now that positions are PBC-unwrapped per residue before this check).
12:32:06 [rank  16] WARNING Residue sphere radius 321.51 A is unusually large (>15 A) -- check for a chain break or a non-protein atom leaking into the protein selection (should be rare now that positions are PBC-unwrapped per residue before this check).
12:32:06 [rank  63] WARNING Residue sphere radius 321.12 A is unusually large (>15 A) -- check for a chain break or a non-protein atom leaking into the protein selection (should be rare now that positions are PBC-unwrapped per residue before this check).
12:32:06 [rank  53] WARNING Residue sphere radius 321.46 A is unusually large (>15 A) -- check for a chain break or a non-protein atom leaking into the protein selection (should be rare now that positions are PBC-unwrapped per residue before this check).
12:32:06 [rank  20] WARNING Residue sphere radius 321.05 A is unusually large (>15 A) -- check for a chain break or a non-protein atom leaking into the protein selection (should be rare now that positions are PBC-unwrapped per residue before this check).
12:32:06 [rank  47] WARNING Residue sphere radius 321.18 A is unusually large (>15 A) -- check for a chain break or a non-protein atom leaking into the protein selection (should be rare now that positions are PBC-unwrapped per residue before this check).
12:32:06 [rank   2] WARNING Residue sphere radius 321.45 A is unusually large (>15 A) -- check for a chain break or a non-protein atom leaking into the protein selection (should be rare now that positions are PBC-unwrapped per residue before this check).
12:32:06 [rank  10] WARNING Residue sphere radius 321.81 A is unusually large (>15 A) -- check for a chain break or a non-protein atom leaking into the protein selection (should be rare now that positions are PBC-unwrapped per residue before this check).
12:32:07 [rank  42] WARNING Residue sphere radius 321.35 A is unusually large (>15 A) -- check for a chain break or a non-protein atom leaking into the protein selection (should be rare now that positions are PBC-unwrapped per residue before this check).
12:32:07 [rank  49] WARNING Residue sphere radius 321.52 A is unusually large (>15 A) -- check for a chain break or a non-protein atom leaking into the protein selection (should be rare now that positions are PBC-unwrapped per residue before this check).
12:32:07 [rank  57] WARNING Residue sphere radius 321.35 A is unusually large (>15 A) -- check for a chain break or a non-protein atom leaking into the protein selection (should be rare now that positions are PBC-unwrapped per residue before this check).
12:32:07 [rank  33] WARNING Residue sphere radius 321.23 A is unusually large (>15 A) -- check for a chain break or a non-protein atom leaking into the protein selection (should be rare now that positions are PBC-unwrapped per residue before this check).
12:32:07 [rank  37] WARNING Residue sphere radius 321.54 A is unusually large (>15 A) -- check for a chain break or a non-protein atom leaking into the protein selection (should be rare now that positions are PBC-unwrapped per residue before this check).
12:32:07 [rank  58] WARNING Residue sphere radius 321.28 A is unusually large (>15 A) -- check for a chain break or a non-protein atom leaking into the protein selection (should be rare now that positions are PBC-unwrapped per residue before this check).
12:32:07 [rank  29] WARNING Residue sphere radius 321.48 A is unusually large (>15 A) -- check for a chain break or a non-protein atom leaking into the protein selection (should be rare now that positions are PBC-unwrapped per residue before this check).
12:32:07 [rank  56] WARNING Residue sphere radius 321.51 A is unusually large (>15 A) -- check for a chain break or a non-protein atom leaking into the protein selection (should be rare now that positions are PBC-unwrapped per residue before this check).
12:32:07 [rank   6] WARNING Residue sphere radius 321.49 A is unusually large (>15 A) -- check for a chain break or a non-protein atom leaking into the protein selection (should be rare now that positions are PBC-unwrapped per residue before this check).
12:32:07 [rank  34] WARNING Residue sphere radius 321.20 A is unusually large (>15 A) -- check for a chain break or a non-protein atom leaking into the protein selection (should be rare now that positions are PBC-unwrapped per residue before this check).
12:32:07 [rank  46] WARNING Residue sphere radius 321.35 A is unusually large (>15 A) -- check for a chain break or a non-protein atom leaking into the protein selection (should be rare now that positions are PBC-unwrapped per residue before this check).
12:32:07 [rank  44] WARNING Residue sphere radius 321.98 A is unusually large (>15 A) -- check for a chain break or a non-protein atom leaking into the protein selection (should be rare now that positions are PBC-unwrapped per residue before this check).
12:32:07 [rank  24] WARNING Residue sphere radius 321.37 A is unusually large (>15 A) -- check for a chain break or a non-protein atom leaking into the protein selection (should be rare now that positions are PBC-unwrapped per residue before this check).
12:32:07 [rank  52] WARNING Residue sphere radius 321.19 A is unusually large (>15 A) -- check for a chain break or a non-protein atom leaking into the protein selection (should be rare now that positions are PBC-unwrapped per residue before this check).
12:32:07 [rank  50] WARNING Residue sphere radius 321.17 A is unusually large (>15 A) -- check for a chain break or a non-protein atom leaking into the protein selection (should be rare now that positions are PBC-unwrapped per residue before this check).
12:32:07 [rank  54] WARNING Residue sphere radius 321.71 A is unusually large (>15 A) -- check for a chain break or a non-protein atom leaking into the protein selection (should be rare now that positions are PBC-unwrapped per residue before this check).
12:32:07 [rank   5] WARNING Residue sphere radius 321.81 A is unusually large (>15 A) -- check for a chain break or a non-protein atom leaking into the protein selection (should be rare now that positions are PBC-unwrapped per residue before this check).
12:32:07 [rank  48] WARNING Residue sphere radius 321.60 A is unusually large (>15 A) -- check for a chain break or a non-protein atom leaking into the protein selection (should be rare now that positions are PBC-unwrapped per residue before this check).
12:32:07 [rank  62] WARNING Residue sphere radius 321.45 A is unusually large (>15 A) -- check for a chain break or a non-protein atom leaking into the protein selection (should be rare now that positions are PBC-unwrapped per residue before this check).
12:32:07 [rank  60] WARNING Residue sphere radius 321.19 A is unusually large (>15 A) -- check for a chain break or a non-protein atom leaking into the protein selection (should be rare now that positions are PBC-unwrapped per residue before this check).
12:32:07 [rank  13] WARNING Residue sphere radius 321.39 A is unusually large (>15 A) -- check for a chain break or a non-protein atom leaking into the protein selection (should be rare now that positions are PBC-unwrapped per residue before this check).
12:32:07 [rank  40] WARNING Residue sphere radius 321.37 A is unusually large (>15 A) -- check for a chain break or a non-protein atom leaking into the protein selection (should be rare now that positions are PBC-unwrapped per residue before this check).
12:32:07 [rank   9] WARNING Residue sphere radius 321.32 A is unusually large (>15 A) -- check for a chain break or a non-protein atom leaking into the protein selection (should be rare now that positions are PBC-unwrapped per residue before this check).
12:32:07 [rank  32] WARNING Residue sphere radius 321.27 A is unusually large (>15 A) -- check for a chain break or a non-protein atom leaking into the protein selection (should be rare now that positions are PBC-unwrapped per residue before this check).
12:32:07 [rank  36] WARNING Residue sphere radius 321.61 A is unusually large (>15 A) -- check for a chain break or a non-protein atom leaking into the protein selection (should be rare now that positions are PBC-unwrapped per residue before this check).
12:32:07 [rank  43] WARNING Residue sphere radius 321.48 A is unusually large (>15 A) -- check for a chain break or a non-protein atom leaking into the protein selection (should be rare now that positions are PBC-unwrapped per residue before this check).
12:32:07 [rank  15] WARNING Residue sphere radius 321.73 A is unusually large (>15 A) -- check for a chain break or a non-protein atom leaking into the protein selection (should be rare now that positions are PBC-unwrapped per residue before this check).
12:32:07 [rank   3] WARNING Residue sphere radius 322.36 A is unusually large (>15 A) -- check for a chain break or a non-protein atom leaking into the protein selection (should be rare now that positions are PBC-unwrapped per residue before this check).
12:32:07 [rank  11] WARNING Residue sphere radius 322.18 A is unusually large (>15 A) -- check for a chain break or a non-protein atom leaking into the protein selection (should be rare now that positions are PBC-unwrapped per residue before this check).
12:32:07 [rank   1] WARNING Residue sphere radius 321.15 A is unusually large (>15 A) -- check for a chain break or a non-protein atom leaking into the protein selection (should be rare now that positions are PBC-unwrapped per residue before this check).
12:32:07 [rank  17] WARNING Residue sphere radius 321.37 A is unusually large (>15 A) -- check for a chain break or a non-protein atom leaking into the protein selection (should be rare now that positions are PBC-unwrapped per residue before this check).
12:32:07 [rank  38] WARNING Residue sphere radius 321.08 A is unusually large (>15 A) -- check for a chain break or a non-protein atom leaking into the protein selection (should be rare now that positions are PBC-unwrapped per residue before this check).
12:32:07 [rank  27] WARNING Residue sphere radius 321.11 A is unusually large (>15 A) -- check for a chain break or a non-protein atom leaking into the protein selection (should be rare now that positions are PBC-unwrapped per residue before this check).
12:32:07 [rank  35] WARNING Residue sphere radius 321.48 A is unusually large (>15 A) -- check for a chain break or a non-protein atom leaking into the protein selection (should be rare now that positions are PBC-unwrapped per residue before this check).
12:32:07 [rank  31] WARNING Residue sphere radius 321.55 A is unusually large (>15 A) -- check for a chain break or a non-protein atom leaking into the protein selection (should be rare now that positions are PBC-unwrapped per residue before this check).
12:32:07 [rank   7] WARNING Residue sphere radius 321.22 A is unusually large (>15 A) -- check for a chain break or a non-protein atom leaking into the protein selection (should be rare now that positions are PBC-unwrapped per residue before this check).
12:32:07 [rank  19] WARNING Residue sphere radius 321.28 A is unusually large (>15 A) -- check for a chain break or a non-protein atom leaking into the protein selection (should be rare now that positions are PBC-unwrapped per residue before this check).
12:32:07 [rank  25] WARNING Residue sphere radius 321.91 A is unusually large (>15 A) -- check for a chain break or a non-protein atom leaking into the protein selection (should be rare now that positions are PBC-unwrapped per residue before this check).
