==========================================================
PIC calculation: SUC
Job: 149   Node: gen-queue-spot-dy-m8i-96xl-1   Started: Wed Jul  1 10:54:20 AM EDT 2026
GRO: aav1/md/md.gro
XTC: aav1/md/md_noPBC.xtc
Radius: 20.0 A   Bin width: 0.1 A   Charge: 0.0
MPI ranks: 48   CPUs/task: 4
==========================================================
10:54:46 [rank   0] INFO ======================================================================
10:54:46 [rank   0] INFO PIC (Gamma_23) calculation -- Shukla et al. 2009 method
10:54:46 [rank   0] INFO gro=aav1/md/md.gro xtc=aav1/md/md_noPBC.xtc excipient=SUC radius=20.00 A charge=0.000
10:54:46 [rank   0] INFO MPI ranks: 48
10:54:51 [rank   1] INFO [protein] 479460 atoms, mass range 1.008-32.060 amu (OK)
10:54:51 [rank   1] INFO [water] 1434384 atoms, mass range 1.008-15.999 amu (OK)
10:54:51 [rank   1] INFO [excipient] 165780 atoms, mass range 1.008-15.999 amu (OK)
10:54:51 [rank  35] INFO [protein] 479460 atoms, mass range 1.008-32.060 amu (OK)
10:54:51 [rank  22] INFO [protein] 479460 atoms, mass range 1.008-32.060 amu (OK)
10:54:51 [rank  35] INFO [water] 1434384 atoms, mass range 1.008-15.999 amu (OK)
10:54:51 [rank  35] INFO [excipient] 165780 atoms, mass range 1.008-15.999 amu (OK)
10:54:51 [rank  16] INFO [protein] 479460 atoms, mass range 1.008-32.060 amu (OK)
10:54:51 [rank  22] INFO [water] 1434384 atoms, mass range 1.008-15.999 amu (OK)
10:54:51 [rank  22] INFO [excipient] 165780 atoms, mass range 1.008-15.999 amu (OK)
10:54:51 [rank  16] INFO [water] 1434384 atoms, mass range 1.008-15.999 amu (OK)
10:54:51 [rank  16] INFO [excipient] 165780 atoms, mass range 1.008-15.999 amu (OK)
10:54:51 [rank  46] INFO [protein] 479460 atoms, mass range 1.008-32.060 amu (OK)
10:54:51 [rank  46] INFO [water] 1434384 atoms, mass range 1.008-15.999 amu (OK)
10:54:51 [rank  46] INFO [excipient] 165780 atoms, mass range 1.008-15.999 amu (OK)
10:54:52 [rank  47] INFO [protein] 479460 atoms, mass range 1.008-32.060 amu (OK)
10:54:52 [rank  47] INFO [water] 1434384 atoms, mass range 1.008-15.999 amu (OK)
10:54:52 [rank  47] INFO [excipient] 165780 atoms, mass range 1.008-15.999 amu (OK)
10:54:52 [rank   3] INFO [protein] 479460 atoms, mass range 1.008-32.060 amu (OK)
10:54:52 [rank   3] INFO [water] 1434384 atoms, mass range 1.008-15.999 amu (OK)
10:54:52 [rank   3] INFO [excipient] 165780 atoms, mass range 1.008-15.999 amu (OK)
10:54:52 [rank  23] INFO [protein] 479460 atoms, mass range 1.008-32.060 amu (OK)
10:54:52 [rank  23] INFO [water] 1434384 atoms, mass range 1.008-15.999 amu (OK)
10:54:52 [rank  23] INFO [excipient] 165780 atoms, mass range 1.008-15.999 amu (OK)
10:54:52 [rank  45] INFO [protein] 479460 atoms, mass range 1.008-32.060 amu (OK)
10:54:52 [rank   1] INFO assigned 1 frames (local index 1:2)
10:54:52 [rank  45] INFO [water] 1434384 atoms, mass range 1.008-15.999 amu (OK)
10:54:52 [rank  45] INFO [excipient] 165780 atoms, mass range 1.008-15.999 amu (OK)
10:54:52 [rank  20] INFO [protein] 479460 atoms, mass range 1.008-32.060 amu (OK)
10:54:52 [rank  35] INFO assigned 0 frames (local index 21:21)
10:54:52 [rank  22] INFO assigned 0 frames (local index 21:21)
10:54:52 [rank  20] INFO [water] 1434384 atoms, mass range 1.008-15.999 amu (OK)
10:54:52 [rank  20] INFO [excipient] 165780 atoms, mass range 1.008-15.999 amu (OK)
10:54:52 [rank  16] INFO assigned 1 frames (local index 16:17)
10:54:52 [rank  13] INFO [protein] 479460 atoms, mass range 1.008-32.060 amu (OK)
10:54:52 [rank  13] INFO [water] 1434384 atoms, mass range 1.008-15.999 amu (OK)
10:54:52 [rank  46] INFO assigned 0 frames (local index 21:21)
10:54:52 [rank  13] INFO [excipient] 165780 atoms, mass range 1.008-15.999 amu (OK)
10:54:52 [rank  36] INFO [protein] 479460 atoms, mass range 1.008-32.060 amu (OK)
10:54:52 [rank  24] INFO [protein] 479460 atoms, mass range 1.008-32.060 amu (OK)
10:54:52 [rank  36] INFO [water] 1434384 atoms, mass range 1.008-15.999 amu (OK)
10:54:52 [rank  36] INFO [excipient] 165780 atoms, mass range 1.008-15.999 amu (OK)
10:54:52 [rank   8] INFO [protein] 479460 atoms, mass range 1.008-32.060 amu (OK)
10:54:52 [rank  47] INFO assigned 0 frames (local index 21:21)
10:54:52 [rank  24] INFO [water] 1434384 atoms, mass range 1.008-15.999 amu (OK)
10:54:52 [rank  24] INFO [excipient] 165780 atoms, mass range 1.008-15.999 amu (OK)
10:54:52 [rank   8] INFO [water] 1434384 atoms, mass range 1.008-15.999 amu (OK)
10:54:52 [rank   8] INFO [excipient] 165780 atoms, mass range 1.008-15.999 amu (OK)
10:54:52 [rank  27] INFO [protein] 479460 atoms, mass range 1.008-32.060 amu (OK)
10:54:52 [rank  27] INFO [water] 1434384 atoms, mass range 1.008-15.999 amu (OK)
10:54:52 [rank  27] INFO [excipient] 165780 atoms, mass range 1.008-15.999 amu (OK)
10:54:52 [rank   3] INFO assigned 1 frames (local index 3:4)
10:54:52 [rank  23] INFO assigned 0 frames (local index 21:21)
10:54:52 [rank  45] INFO assigned 0 frames (local index 21:21)
10:54:52 [rank  28] INFO [protein] 479460 atoms, mass range 1.008-32.060 amu (OK)
10:54:52 [rank  41] INFO [protein] 479460 atoms, mass range 1.008-32.060 amu (OK)
10:54:52 [rank  20] INFO assigned 1 frames (local index 20:21)
10:54:52 [rank  41] INFO [water] 1434384 atoms, mass range 1.008-15.999 amu (OK)
10:54:52 [rank  28] INFO [water] 1434384 atoms, mass range 1.008-15.999 amu (OK)
10:54:52 [rank  41] INFO [excipient] 165780 atoms, mass range 1.008-15.999 amu (OK)
10:54:52 [rank  28] INFO [excipient] 165780 atoms, mass range 1.008-15.999 amu (OK)
10:54:52 [rank  13] INFO assigned 1 frames (local index 13:14)
10:54:52 [rank  38] INFO [protein] 479460 atoms, mass range 1.008-32.060 amu (OK)
10:54:52 [rank  38] INFO [water] 1434384 atoms, mass range 1.008-15.999 amu (OK)
10:54:52 [rank  38] INFO [excipient] 165780 atoms, mass range 1.008-15.999 amu (OK)
10:54:52 [rank  12] INFO [protein] 479460 atoms, mass range 1.008-32.060 amu (OK)
10:54:52 [rank  12] INFO [water] 1434384 atoms, mass range 1.008-15.999 amu (OK)
10:54:52 [rank  34] INFO [protein] 479460 atoms, mass range 1.008-32.060 amu (OK)
10:54:52 [rank  12] INFO [excipient] 165780 atoms, mass range 1.008-15.999 amu (OK)
10:54:52 [rank  31] INFO [protein] 479460 atoms, mass range 1.008-32.060 amu (OK)
10:54:52 [rank  29] INFO [protein] 479460 atoms, mass range 1.008-32.060 amu (OK)
10:54:52 [rank  34] INFO [water] 1434384 atoms, mass range 1.008-15.999 amu (OK)
10:54:52 [rank  34] INFO [excipient] 165780 atoms, mass range 1.008-15.999 amu (OK)
10:54:52 [rank  31] INFO [water] 1434384 atoms, mass range 1.008-15.999 amu (OK)
10:54:52 [rank  36] INFO assigned 0 frames (local index 21:21)
10:54:52 [rank  31] INFO [excipient] 165780 atoms, mass range 1.008-15.999 amu (OK)
10:54:52 [rank  24] INFO assigned 0 frames (local index 21:21)
10:54:52 [rank  29] INFO [water] 1434384 atoms, mass range 1.008-15.999 amu (OK)
10:54:52 [rank  44] INFO [protein] 479460 atoms, mass range 1.008-32.060 amu (OK)
10:54:52 [rank  29] INFO [excipient] 165780 atoms, mass range 1.008-15.999 amu (OK)
10:54:52 [rank   8] INFO assigned 1 frames (local index 8:9)
10:54:52 [rank  44] INFO [water] 1434384 atoms, mass range 1.008-15.999 amu (OK)
10:54:52 [rank  44] INFO [excipient] 165780 atoms, mass range 1.008-15.999 amu (OK)
10:54:52 [rank  10] INFO [protein] 479460 atoms, mass range 1.008-32.060 amu (OK)
10:54:52 [rank  14] INFO [protein] 479460 atoms, mass range 1.008-32.060 amu (OK)
10:54:52 [rank  10] INFO [water] 1434384 atoms, mass range 1.008-15.999 amu (OK)
10:54:52 [rank  10] INFO [excipient] 165780 atoms, mass range 1.008-15.999 amu (OK)
10:54:52 [rank  27] INFO assigned 0 frames (local index 21:21)
10:54:52 [rank  14] INFO [water] 1434384 atoms, mass range 1.008-15.999 amu (OK)
10:54:52 [rank  14] INFO [excipient] 165780 atoms, mass range 1.008-15.999 amu (OK)
10:54:52 [rank  17] INFO [protein] 479460 atoms, mass range 1.008-32.060 amu (OK)
10:54:52 [rank  17] INFO [water] 1434384 atoms, mass range 1.008-15.999 amu (OK)
10:54:52 [rank   6] INFO [protein] 479460 atoms, mass range 1.008-32.060 amu (OK)
10:54:52 [rank  17] INFO [excipient] 165780 atoms, mass range 1.008-15.999 amu (OK)
10:54:52 [rank   6] INFO [water] 1434384 atoms, mass range 1.008-15.999 amu (OK)
10:54:52 [rank   6] INFO [excipient] 165780 atoms, mass range 1.008-15.999 amu (OK)
10:54:52 [rank  37] INFO [protein] 479460 atoms, mass range 1.008-32.060 amu (OK)
10:54:52 [rank   5] INFO [protein] 479460 atoms, mass range 1.008-32.060 amu (OK)
10:54:52 [rank  28] INFO assigned 0 frames (local index 21:21)
10:54:52 [rank  37] INFO [water] 1434384 atoms, mass range 1.008-15.999 amu (OK)
10:54:52 [rank  37] INFO [excipient] 165780 atoms, mass range 1.008-15.999 amu (OK)
10:54:52 [rank  41] INFO assigned 0 frames (local index 21:21)
10:54:52 [rank   5] INFO [water] 1434384 atoms, mass range 1.008-15.999 amu (OK)
10:54:52 [rank   5] INFO [excipient] 165780 atoms, mass range 1.008-15.999 amu (OK)
10:54:52 [rank   0] INFO [protein] 479460 atoms, mass range 1.008-32.060 amu (OK)
10:54:52 [rank  43] INFO [protein] 479460 atoms, mass range 1.008-32.060 amu (OK)
10:54:52 [rank  15] INFO [protein] 479460 atoms, mass range 1.008-32.060 amu (OK)
10:54:52 [rank   4] INFO [protein] 479460 atoms, mass range 1.008-32.060 amu (OK)
10:54:52 [rank  43] INFO [water] 1434384 atoms, mass range 1.008-15.999 amu (OK)
10:54:52 [rank  43] INFO [excipient] 165780 atoms, mass range 1.008-15.999 amu (OK)
10:54:52 [rank   0] INFO [water] 1434384 atoms, mass range 1.008-15.999 amu (OK)
10:54:52 [rank  15] INFO [water] 1434384 atoms, mass range 1.008-15.999 amu (OK)
10:54:52 [rank   7] INFO [protein] 479460 atoms, mass range 1.008-32.060 amu (OK)
10:54:52 [rank   0] INFO [excipient] 165780 atoms, mass range 1.008-15.999 amu (OK)
10:54:52 [rank  15] INFO [excipient] 165780 atoms, mass range 1.008-15.999 amu (OK)
10:54:52 [rank   4] INFO [water] 1434384 atoms, mass range 1.008-15.999 amu (OK)
10:54:52 [rank   4] INFO [excipient] 165780 atoms, mass range 1.008-15.999 amu (OK)
10:54:52 [rank   7] INFO [water] 1434384 atoms, mass range 1.008-15.999 amu (OK)
10:54:52 [rank   7] INFO [excipient] 165780 atoms, mass range 1.008-15.999 amu (OK)
10:54:52 [rank  38] INFO assigned 0 frames (local index 21:21)
10:54:52 [rank  12] INFO assigned 1 frames (local index 12:13)
10:54:52 [rank  31] INFO assigned 0 frames (local index 21:21)
10:54:52 [rank  34] INFO assigned 0 frames (local index 21:21)
10:54:52 [rank  29] INFO assigned 0 frames (local index 21:21)
10:54:52 [rank  19] INFO [protein] 479460 atoms, mass range 1.008-32.060 amu (OK)
10:54:52 [rank  44] INFO assigned 0 frames (local index 21:21)
10:54:52 [rank  19] INFO [water] 1434384 atoms, mass range 1.008-15.999 amu (OK)
10:54:52 [rank  19] INFO [excipient] 165780 atoms, mass range 1.008-15.999 amu (OK)
10:54:52 [rank  10] INFO assigned 1 frames (local index 10:11)
10:54:52 [rank  14] INFO assigned 1 frames (local index 14:15)
10:54:52 [rank   9] INFO [protein] 479460 atoms, mass range 1.008-32.060 amu (OK)
10:54:52 [rank   9] INFO [water] 1434384 atoms, mass range 1.008-15.999 amu (OK)
10:54:52 [rank   9] INFO [excipient] 165780 atoms, mass range 1.008-15.999 amu (OK)
10:54:52 [rank  17] INFO assigned 1 frames (local index 17:18)
10:54:52 [rank  26] INFO [protein] 479460 atoms, mass range 1.008-32.060 amu (OK)
10:54:52 [rank   6] INFO assigned 1 frames (local index 6:7)
10:54:52 [rank  26] INFO [water] 1434384 atoms, mass range 1.008-15.999 amu (OK)
10:54:52 [rank  26] INFO [excipient] 165780 atoms, mass range 1.008-15.999 amu (OK)
10:54:52 [rank  42] INFO [protein] 479460 atoms, mass range 1.008-32.060 amu (OK)
10:54:52 [rank  39] INFO [protein] 479460 atoms, mass range 1.008-32.060 amu (OK)
10:54:52 [rank  42] INFO [water] 1434384 atoms, mass range 1.008-15.999 amu (OK)
10:54:52 [rank  42] INFO [excipient] 165780 atoms, mass range 1.008-15.999 amu (OK)
10:54:52 [rank  33] INFO [protein] 479460 atoms, mass range 1.008-32.060 amu (OK)
10:54:52 [rank  37] INFO assigned 0 frames (local index 21:21)
10:54:52 [rank  39] INFO [water] 1434384 atoms, mass range 1.008-15.999 amu (OK)
10:54:52 [rank   5] INFO assigned 1 frames (local index 5:6)
10:54:52 [rank  39] INFO [excipient] 165780 atoms, mass range 1.008-15.999 amu (OK)
10:54:52 [rank  21] INFO [protein] 479460 atoms, mass range 1.008-32.060 amu (OK)
10:54:52 [rank  33] INFO [water] 1434384 atoms, mass range 1.008-15.999 amu (OK)
10:54:52 [rank  33] INFO [excipient] 165780 atoms, mass range 1.008-15.999 amu (OK)
10:54:52 [rank  21] INFO [water] 1434384 atoms, mass range 1.008-15.999 amu (OK)
10:54:52 [rank  21] INFO [excipient] 165780 atoms, mass range 1.008-15.999 amu (OK)
10:54:52 [rank  43] INFO assigned 0 frames (local index 21:21)
10:54:52 [rank   0] INFO protein atoms=479460  water molecules=478128  SUC molecules=3684
10:54:52 [rank  32] INFO [protein] 479460 atoms, mass range 1.008-32.060 amu (OK)
10:54:52 [rank   0] INFO trajectory frames: 21 total, 21 selected (stride=1, max_frames=None)
10:54:52 [rank   0] INFO assigned 1 frames (local index 0:1)
10:54:52 [rank  15] INFO assigned 1 frames (local index 15:16)
10:54:52 [rank   4] INFO assigned 1 frames (local index 4:5)
10:54:52 [rank  32] INFO [water] 1434384 atoms, mass range 1.008-15.999 amu (OK)
10:54:52 [rank   7] INFO assigned 1 frames (local index 7:8)
10:54:52 [rank  32] INFO [excipient] 165780 atoms, mass range 1.008-15.999 amu (OK)
10:54:52 [rank  19] INFO assigned 1 frames (local index 19:20)
10:54:52 [rank  11] INFO [protein] 479460 atoms, mass range 1.008-32.060 amu (OK)
10:54:52 [rank   2] INFO [protein] 479460 atoms, mass range 1.008-32.060 amu (OK)
10:54:52 [rank  11] INFO [water] 1434384 atoms, mass range 1.008-15.999 amu (OK)
10:54:52 [rank  11] INFO [excipient] 165780 atoms, mass range 1.008-15.999 amu (OK)
10:54:52 [rank   2] INFO [water] 1434384 atoms, mass range 1.008-15.999 amu (OK)
10:54:52 [rank   2] INFO [excipient] 165780 atoms, mass range 1.008-15.999 amu (OK)
10:54:52 [rank   9] INFO assigned 1 frames (local index 9:10)
10:54:52 [rank  26] INFO assigned 0 frames (local index 21:21)
10:54:52 [rank  42] INFO assigned 0 frames (local index 21:21)
10:54:52 [rank  39] INFO assigned 0 frames (local index 21:21)
10:54:52 [rank  33] INFO assigned 0 frames (local index 21:21)
10:54:52 [rank  21] INFO assigned 0 frames (local index 21:21)
10:54:52 [rank  40] INFO [protein] 479460 atoms, mass range 1.008-32.060 amu (OK)
10:54:52 [rank  32] INFO assigned 0 frames (local index 21:21)
10:54:52 [rank  40] INFO [water] 1434384 atoms, mass range 1.008-15.999 amu (OK)
10:54:52 [rank  40] INFO [excipient] 165780 atoms, mass range 1.008-15.999 amu (OK)
10:54:52 [rank  11] INFO assigned 1 frames (local index 11:12)
10:54:52 [rank   2] INFO assigned 1 frames (local index 2:3)
10:54:52 [rank  30] INFO [protein] 479460 atoms, mass range 1.008-32.060 amu (OK)
10:54:52 [rank  30] INFO [water] 1434384 atoms, mass range 1.008-15.999 amu (OK)
10:54:52 [rank  30] INFO [excipient] 165780 atoms, mass range 1.008-15.999 amu (OK)
10:54:52 [rank  40] INFO assigned 0 frames (local index 21:21)
10:54:52 [rank  25] INFO [protein] 479460 atoms, mass range 1.008-32.060 amu (OK)
10:54:52 [rank  25] INFO [water] 1434384 atoms, mass range 1.008-15.999 amu (OK)
10:54:52 [rank  25] INFO [excipient] 165780 atoms, mass range 1.008-15.999 amu (OK)
10:54:52 [rank  30] INFO assigned 0 frames (local index 21:21)
10:54:52 [rank  25] INFO assigned 0 frames (local index 21:21)
10:54:52 [rank  18] INFO [protein] 479460 atoms, mass range 1.008-32.060 amu (OK)
10:54:52 [rank  18] INFO [water] 1434384 atoms, mass range 1.008-15.999 amu (OK)
10:54:52 [rank  18] INFO [excipient] 165780 atoms, mass range 1.008-15.999 amu (OK)
10:54:52 [rank  18] INFO assigned 1 frames (local index 18:19)
10:57:31 [rank  14] INFO processed 1/1 local frames (global frame 14)
10:57:33 [rank   2] INFO processed 1/1 local frames (global frame 2)
10:57:37 [rank   0] INFO processed 1/1 local frames (global frame 0)
10:57:44 [rank   3] INFO processed 1/1 local frames (global frame 3)
10:57:45 [rank   1] INFO processed 1/1 local frames (global frame 1)
10:57:45 [rank   4] INFO processed 1/1 local frames (global frame 4)
10:57:46 [rank  10] INFO processed 1/1 local frames (global frame 10)
10:57:46 [rank   5] INFO processed 1/1 local frames (global frame 5)
10:57:47 [rank  12] INFO processed 1/1 local frames (global frame 12)
10:57:47 [rank  11] INFO processed 1/1 local frames (global frame 11)
10:57:47 [rank  16] INFO processed 1/1 local frames (global frame 16)
10:57:47 [rank  17] INFO processed 1/1 local frames (global frame 17)
10:57:47 [rank  13] INFO processed 1/1 local frames (global frame 13)
10:57:47 [rank   6] INFO processed 1/1 local frames (global frame 6)
10:57:48 [rank  18] INFO processed 1/1 local frames (global frame 18)
10:57:48 [rank   8] INFO processed 1/1 local frames (global frame 8)
10:57:48 [rank  20] INFO processed 1/1 local frames (global frame 20)
10:57:48 [rank   7] INFO processed 1/1 local frames (global frame 7)
10:57:48 [rank  19] INFO processed 1/1 local frames (global frame 19)
10:57:49 [rank   9] INFO processed 1/1 local frames (global frame 9)
10:57:50 [rank  15] INFO processed 1/1 local frames (global frame 15)
10:57:50 [rank   0] INFO gathered Gamma_23(r,t): shape (21, 200)
10:57:50 [rank   0] INFO AUTO-DETECTED r* = 13.30 A (CONFIRM VISUALLY against the saved plot)
10:57:50 [rank   0] INFO Gamma_23 = -565.5924 +/- 9.4157
10:57:50 [rank   0] INFO saved raw data -> pic_results_SUC/pic_SUC.pkl
10:57:50 [rank   0] INFO saved r-profile -> pic_results_SUC/pic_SUC_vs_r.csv
10:57:50 [rank   0] INFO saved plot -> pic_results_SUC/pic_SUC_vs_r.png
10:57:50 [rank   0] INFO TOTAL RUNTIME: 184.6 s (0.11 frames/s aggregate)
10:57:50 [rank   0] INFO ======================================================================
10:57:50 [rank   0] INFO RESULT: Gamma_23(SUC) = -565.5924 +/- 9.4157  (r* = 13.30 A, auto-detected)
10:57:50 [rank   0] INFO ======================================================================
==========================================================
Finished: Wed Jul  1 10:57:50 AM EDT 2026   Exit code: 0
Results in: pic_results_SUC/
  pic_SUC.pkl          -- raw Gamma_23(r,t) array + metadata
  pic_SUC_vs_r.csv     -- r, mean, SEM
  pic_SUC_vs_r.png     -- plot with auto-detected r*
==========================================================
REMINDER: auto-detected r* is a starting estimate only --
confirm the plateau visually in the .png before trusting Gamma_23.
