==========================================================
PIC calculation: SUC
Job: 150   Node: gen-queue-spot-dy-m8i-96xl-1   Started: Wed Jul  1 11:10:10 AM EDT 2026
GRO: aav1/benchmark/md.gro
XTC: aav1/benchmark/md_noPBC.xtc
Radius: 20.0 A   Bin width: 0.1 A   Charge: 0.0
MPI ranks: 48   CPUs/task: 4
==========================================================
11:10:29 [rank   0] INFO ======================================================================
11:10:29 [rank   0] INFO PIC (Gamma_23) calculation -- Shukla et al. 2009 method
11:10:29 [rank   0] INFO gro=aav1/benchmark/md.gro xtc=aav1/benchmark/md_noPBC.xtc excipient=SUC radius=20.00 A charge=0.000
11:10:29 [rank   0] INFO MPI ranks: 48
11:10:38 [rank  11] INFO [protein] 479460 atoms, mass range 1.008-32.060 amu (OK)
11:10:38 [rank  11] INFO [water] 1434384 atoms, mass range 1.008-15.999 amu (OK)
11:10:38 [rank  11] INFO [excipient] 165780 atoms, mass range 1.008-15.999 amu (OK)
11:10:38 [rank  17] INFO [protein] 479460 atoms, mass range 1.008-32.060 amu (OK)
11:10:38 [rank  17] INFO [water] 1434384 atoms, mass range 1.008-15.999 amu (OK)
11:10:38 [rank  17] INFO [excipient] 165780 atoms, mass range 1.008-15.999 amu (OK)
11:10:38 [rank  11] INFO assigned 42 frames (local index 462:504)
11:10:38 [rank  30] INFO [protein] 479460 atoms, mass range 1.008-32.060 amu (OK)
11:10:38 [rank  30] INFO [water] 1434384 atoms, mass range 1.008-15.999 amu (OK)
11:10:38 [rank  30] INFO [excipient] 165780 atoms, mass range 1.008-15.999 amu (OK)
11:10:38 [rank  32] INFO [protein] 479460 atoms, mass range 1.008-32.060 amu (OK)
11:10:38 [rank  32] INFO [water] 1434384 atoms, mass range 1.008-15.999 amu (OK)
11:10:38 [rank  32] INFO [excipient] 165780 atoms, mass range 1.008-15.999 amu (OK)
11:10:38 [rank  39] INFO [protein] 479460 atoms, mass range 1.008-32.060 amu (OK)
11:10:38 [rank  39] INFO [water] 1434384 atoms, mass range 1.008-15.999 amu (OK)
11:10:38 [rank  39] INFO [excipient] 165780 atoms, mass range 1.008-15.999 amu (OK)
11:10:38 [rank  20] INFO [protein] 479460 atoms, mass range 1.008-32.060 amu (OK)
11:10:38 [rank   2] INFO [protein] 479460 atoms, mass range 1.008-32.060 amu (OK)
11:10:38 [rank  20] INFO [water] 1434384 atoms, mass range 1.008-15.999 amu (OK)
11:10:38 [rank  20] INFO [excipient] 165780 atoms, mass range 1.008-15.999 amu (OK)
11:10:38 [rank   2] INFO [water] 1434384 atoms, mass range 1.008-15.999 amu (OK)
11:10:38 [rank   2] INFO [excipient] 165780 atoms, mass range 1.008-15.999 amu (OK)
11:10:38 [rank  17] INFO assigned 42 frames (local index 714:756)
11:10:38 [rank  33] INFO [protein] 479460 atoms, mass range 1.008-32.060 amu (OK)
11:10:38 [rank   8] INFO [protein] 479460 atoms, mass range 1.008-32.060 amu (OK)
11:10:38 [rank  33] INFO [water] 1434384 atoms, mass range 1.008-15.999 amu (OK)
11:10:38 [rank  33] INFO [excipient] 165780 atoms, mass range 1.008-15.999 amu (OK)
11:10:38 [rank   8] INFO [water] 1434384 atoms, mass range 1.008-15.999 amu (OK)
11:10:38 [rank   8] INFO [excipient] 165780 atoms, mass range 1.008-15.999 amu (OK)
11:10:38 [rank  23] INFO [protein] 479460 atoms, mass range 1.008-32.060 amu (OK)
11:10:38 [rank  23] INFO [water] 1434384 atoms, mass range 1.008-15.999 amu (OK)
11:10:38 [rank  23] INFO [excipient] 165780 atoms, mass range 1.008-15.999 amu (OK)
11:10:38 [rank  30] INFO assigned 42 frames (local index 1260:1302)
11:10:38 [rank  32] INFO assigned 42 frames (local index 1344:1386)
11:10:38 [rank  18] INFO [protein] 479460 atoms, mass range 1.008-32.060 amu (OK)
11:10:38 [rank  35] INFO [protein] 479460 atoms, mass range 1.008-32.060 amu (OK)
11:10:38 [rank  18] INFO [water] 1434384 atoms, mass range 1.008-15.999 amu (OK)
11:10:38 [rank  18] INFO [excipient] 165780 atoms, mass range 1.008-15.999 amu (OK)
11:10:38 [rank  35] INFO [water] 1434384 atoms, mass range 1.008-15.999 amu (OK)
11:10:38 [rank  35] INFO [excipient] 165780 atoms, mass range 1.008-15.999 amu (OK)
11:10:38 [rank  39] INFO assigned 41 frames (local index 1632:1673)
11:10:38 [rank  10] INFO [protein] 479460 atoms, mass range 1.008-32.060 amu (OK)
11:10:38 [rank  40] INFO [protein] 479460 atoms, mass range 1.008-32.060 amu (OK)
11:10:38 [rank  40] INFO [water] 1434384 atoms, mass range 1.008-15.999 amu (OK)
11:10:38 [rank  10] INFO [water] 1434384 atoms, mass range 1.008-15.999 amu (OK)
11:10:38 [rank   2] INFO assigned 42 frames (local index 84:126)
11:10:38 [rank  40] INFO [excipient] 165780 atoms, mass range 1.008-15.999 amu (OK)
11:10:38 [rank  10] INFO [excipient] 165780 atoms, mass range 1.008-15.999 amu (OK)
11:10:38 [rank  16] INFO [protein] 479460 atoms, mass range 1.008-32.060 amu (OK)
11:10:38 [rank  20] INFO assigned 42 frames (local index 840:882)
11:10:38 [rank  16] INFO [water] 1434384 atoms, mass range 1.008-15.999 amu (OK)
11:10:38 [rank  16] INFO [excipient] 165780 atoms, mass range 1.008-15.999 amu (OK)
11:10:38 [rank  29] INFO [protein] 479460 atoms, mass range 1.008-32.060 amu (OK)
11:10:38 [rank  29] INFO [water] 1434384 atoms, mass range 1.008-15.999 amu (OK)
11:10:38 [rank  29] INFO [excipient] 165780 atoms, mass range 1.008-15.999 amu (OK)
11:10:38 [rank  13] INFO [protein] 479460 atoms, mass range 1.008-32.060 amu (OK)
11:10:38 [rank  43] INFO [protein] 479460 atoms, mass range 1.008-32.060 amu (OK)
11:10:38 [rank  33] INFO assigned 41 frames (local index 1386:1427)
11:10:38 [rank   8] INFO assigned 42 frames (local index 336:378)
11:10:38 [rank  43] INFO [water] 1434384 atoms, mass range 1.008-15.999 amu (OK)
11:10:38 [rank  13] INFO [water] 1434384 atoms, mass range 1.008-15.999 amu (OK)
11:10:38 [rank  43] INFO [excipient] 165780 atoms, mass range 1.008-15.999 amu (OK)
11:10:38 [rank  13] INFO [excipient] 165780 atoms, mass range 1.008-15.999 amu (OK)
11:10:38 [rank  31] INFO [protein] 479460 atoms, mass range 1.008-32.060 amu (OK)
11:10:38 [rank  23] INFO assigned 42 frames (local index 966:1008)
11:10:38 [rank  31] INFO [water] 1434384 atoms, mass range 1.008-15.999 amu (OK)
11:10:38 [rank  15] INFO [protein] 479460 atoms, mass range 1.008-32.060 amu (OK)
11:10:38 [rank  31] INFO [excipient] 165780 atoms, mass range 1.008-15.999 amu (OK)
11:10:38 [rank  15] INFO [water] 1434384 atoms, mass range 1.008-15.999 amu (OK)
11:10:38 [rank  15] INFO [excipient] 165780 atoms, mass range 1.008-15.999 amu (OK)
11:10:38 [rank  18] INFO assigned 42 frames (local index 756:798)
11:10:38 [rank  35] INFO assigned 41 frames (local index 1468:1509)
11:10:38 [rank  36] INFO [protein] 479460 atoms, mass range 1.008-32.060 amu (OK)
11:10:38 [rank  36] INFO [water] 1434384 atoms, mass range 1.008-15.999 amu (OK)
11:10:38 [rank  36] INFO [excipient] 165780 atoms, mass range 1.008-15.999 amu (OK)
11:10:38 [rank  10] INFO assigned 42 frames (local index 420:462)
11:10:38 [rank  40] INFO assigned 41 frames (local index 1673:1714)
11:10:38 [rank  47] INFO [protein] 479460 atoms, mass range 1.008-32.060 amu (OK)
11:10:38 [rank   7] INFO [protein] 479460 atoms, mass range 1.008-32.060 amu (OK)
11:10:38 [rank  16] INFO assigned 42 frames (local index 672:714)
11:10:38 [rank  47] INFO [water] 1434384 atoms, mass range 1.008-15.999 amu (OK)
11:10:38 [rank  47] INFO [excipient] 165780 atoms, mass range 1.008-15.999 amu (OK)
11:10:38 [rank   7] INFO [water] 1434384 atoms, mass range 1.008-15.999 amu (OK)
11:10:38 [rank   7] INFO [excipient] 165780 atoms, mass range 1.008-15.999 amu (OK)
11:10:38 [rank  29] INFO assigned 42 frames (local index 1218:1260)
11:10:38 [rank  25] INFO [protein] 479460 atoms, mass range 1.008-32.060 amu (OK)
11:10:38 [rank  24] INFO [protein] 479460 atoms, mass range 1.008-32.060 amu (OK)
11:10:38 [rank  13] INFO assigned 42 frames (local index 546:588)
11:10:38 [rank  25] INFO [water] 1434384 atoms, mass range 1.008-15.999 amu (OK)
11:10:38 [rank  25] INFO [excipient] 165780 atoms, mass range 1.008-15.999 amu (OK)
11:10:38 [rank  24] INFO [water] 1434384 atoms, mass range 1.008-15.999 amu (OK)
11:10:38 [rank  43] INFO assigned 41 frames (local index 1796:1837)
11:10:38 [rank  24] INFO [excipient] 165780 atoms, mass range 1.008-15.999 amu (OK)
11:10:38 [rank  22] INFO [protein] 479460 atoms, mass range 1.008-32.060 amu (OK)
11:10:38 [rank  21] INFO [protein] 479460 atoms, mass range 1.008-32.060 amu (OK)
11:10:38 [rank  22] INFO [water] 1434384 atoms, mass range 1.008-15.999 amu (OK)
11:10:38 [rank  22] INFO [excipient] 165780 atoms, mass range 1.008-15.999 amu (OK)
11:10:38 [rank  21] INFO [water] 1434384 atoms, mass range 1.008-15.999 amu (OK)
11:10:38 [rank  31] INFO assigned 42 frames (local index 1302:1344)
11:10:38 [rank  21] INFO [excipient] 165780 atoms, mass range 1.008-15.999 amu (OK)
11:10:38 [rank  15] INFO assigned 42 frames (local index 630:672)
11:10:38 [rank  19] INFO [protein] 479460 atoms, mass range 1.008-32.060 amu (OK)
11:10:38 [rank  19] INFO [water] 1434384 atoms, mass range 1.008-15.999 amu (OK)
11:10:38 [rank  19] INFO [excipient] 165780 atoms, mass range 1.008-15.999 amu (OK)
11:10:38 [rank   1] INFO [protein] 479460 atoms, mass range 1.008-32.060 amu (OK)
11:10:38 [rank   1] INFO [water] 1434384 atoms, mass range 1.008-15.999 amu (OK)
11:10:38 [rank   1] INFO [excipient] 165780 atoms, mass range 1.008-15.999 amu (OK)
11:10:38 [rank   9] INFO [protein] 479460 atoms, mass range 1.008-32.060 amu (OK)
11:10:38 [rank  42] INFO [protein] 479460 atoms, mass range 1.008-32.060 amu (OK)
11:10:38 [rank   9] INFO [water] 1434384 atoms, mass range 1.008-15.999 amu (OK)
11:10:38 [rank   9] INFO [excipient] 165780 atoms, mass range 1.008-15.999 amu (OK)
11:10:38 [rank   0] INFO [protein] 479460 atoms, mass range 1.008-32.060 amu (OK)
11:10:38 [rank  42] INFO [water] 1434384 atoms, mass range 1.008-15.999 amu (OK)
11:10:38 [rank  36] INFO assigned 41 frames (local index 1509:1550)
11:10:38 [rank  42] INFO [excipient] 165780 atoms, mass range 1.008-15.999 amu (OK)
11:10:38 [rank   0] INFO [water] 1434384 atoms, mass range 1.008-15.999 amu (OK)
11:10:38 [rank   0] INFO [excipient] 165780 atoms, mass range 1.008-15.999 amu (OK)
11:10:38 [rank  12] INFO [protein] 479460 atoms, mass range 1.008-32.060 amu (OK)
11:10:38 [rank  12] INFO [water] 1434384 atoms, mass range 1.008-15.999 amu (OK)
11:10:38 [rank  12] INFO [excipient] 165780 atoms, mass range 1.008-15.999 amu (OK)
11:10:38 [rank  47] INFO assigned 41 frames (local index 1960:2001)
11:10:38 [rank  44] INFO [protein] 479460 atoms, mass range 1.008-32.060 amu (OK)
11:10:38 [rank   7] INFO assigned 42 frames (local index 294:336)
11:10:38 [rank  44] INFO [water] 1434384 atoms, mass range 1.008-15.999 amu (OK)
11:10:38 [rank  44] INFO [excipient] 165780 atoms, mass range 1.008-15.999 amu (OK)
11:10:38 [rank  24] INFO assigned 42 frames (local index 1008:1050)
11:10:38 [rank  25] INFO assigned 42 frames (local index 1050:1092)
11:10:38 [rank  22] INFO assigned 42 frames (local index 924:966)
11:10:38 [rank  21] INFO assigned 42 frames (local index 882:924)
11:10:38 [rank  19] INFO assigned 42 frames (local index 798:840)
11:10:38 [rank   4] INFO [protein] 479460 atoms, mass range 1.008-32.060 amu (OK)
11:10:38 [rank   4] INFO [water] 1434384 atoms, mass range 1.008-15.999 amu (OK)
11:10:38 [rank   4] INFO [excipient] 165780 atoms, mass range 1.008-15.999 amu (OK)
11:10:38 [rank  38] INFO [protein] 479460 atoms, mass range 1.008-32.060 amu (OK)
11:10:38 [rank  38] INFO [water] 1434384 atoms, mass range 1.008-15.999 amu (OK)
11:10:38 [rank  38] INFO [excipient] 165780 atoms, mass range 1.008-15.999 amu (OK)
11:10:38 [rank   5] INFO [protein] 479460 atoms, mass range 1.008-32.060 amu (OK)
11:10:38 [rank  14] INFO [protein] 479460 atoms, mass range 1.008-32.060 amu (OK)
11:10:38 [rank   5] INFO [water] 1434384 atoms, mass range 1.008-15.999 amu (OK)
11:10:38 [rank  14] INFO [water] 1434384 atoms, mass range 1.008-15.999 amu (OK)
11:10:38 [rank   5] INFO [excipient] 165780 atoms, mass range 1.008-15.999 amu (OK)
11:10:38 [rank  14] INFO [excipient] 165780 atoms, mass range 1.008-15.999 amu (OK)
11:10:38 [rank   9] INFO assigned 42 frames (local index 378:420)
11:10:38 [rank  45] INFO [protein] 479460 atoms, mass range 1.008-32.060 amu (OK)
11:10:38 [rank   1] INFO assigned 42 frames (local index 42:84)
11:10:38 [rank  42] INFO assigned 41 frames (local index 1755:1796)
11:10:38 [rank  27] INFO [protein] 479460 atoms, mass range 1.008-32.060 amu (OK)
11:10:38 [rank  45] INFO [water] 1434384 atoms, mass range 1.008-15.999 amu (OK)
11:10:38 [rank  45] INFO [excipient] 165780 atoms, mass range 1.008-15.999 amu (OK)
11:10:38 [rank   0] INFO protein atoms=479460  water molecules=478128  SUC molecules=3684
11:10:38 [rank   0] INFO trajectory frames: 2001 total, 2001 selected (stride=1, max_frames=None)
11:10:38 [rank   0] INFO assigned 42 frames (local index 0:42)
11:10:38 [rank  27] INFO [water] 1434384 atoms, mass range 1.008-15.999 amu (OK)
11:10:38 [rank  27] INFO [excipient] 165780 atoms, mass range 1.008-15.999 amu (OK)
11:10:38 [rank  12] INFO assigned 42 frames (local index 504:546)
11:10:38 [rank  26] INFO [protein] 479460 atoms, mass range 1.008-32.060 amu (OK)
11:10:38 [rank  26] INFO [water] 1434384 atoms, mass range 1.008-15.999 amu (OK)
11:10:38 [rank  26] INFO [excipient] 165780 atoms, mass range 1.008-15.999 amu (OK)
11:10:38 [rank  41] INFO [protein] 479460 atoms, mass range 1.008-32.060 amu (OK)
11:10:38 [rank   3] INFO [protein] 479460 atoms, mass range 1.008-32.060 amu (OK)
11:10:38 [rank  44] INFO assigned 41 frames (local index 1837:1878)
11:10:38 [rank  41] INFO [water] 1434384 atoms, mass range 1.008-15.999 amu (OK)
11:10:38 [rank  41] INFO [excipient] 165780 atoms, mass range 1.008-15.999 amu (OK)
11:10:38 [rank   3] INFO [water] 1434384 atoms, mass range 1.008-15.999 amu (OK)
11:10:38 [rank   3] INFO [excipient] 165780 atoms, mass range 1.008-15.999 amu (OK)
11:10:38 [rank  34] INFO [protein] 479460 atoms, mass range 1.008-32.060 amu (OK)
11:10:38 [rank  34] INFO [water] 1434384 atoms, mass range 1.008-15.999 amu (OK)
11:10:38 [rank  34] INFO [excipient] 165780 atoms, mass range 1.008-15.999 amu (OK)
11:10:38 [rank  46] INFO [protein] 479460 atoms, mass range 1.008-32.060 amu (OK)
11:10:38 [rank  46] INFO [water] 1434384 atoms, mass range 1.008-15.999 amu (OK)
11:10:38 [rank  46] INFO [excipient] 165780 atoms, mass range 1.008-15.999 amu (OK)
11:10:38 [rank   4] INFO assigned 42 frames (local index 168:210)
11:10:38 [rank  38] INFO assigned 41 frames (local index 1591:1632)
11:10:38 [rank  14] INFO assigned 42 frames (local index 588:630)
11:10:38 [rank   5] INFO assigned 42 frames (local index 210:252)
11:10:38 [rank  45] INFO assigned 41 frames (local index 1878:1919)
11:10:38 [rank  27] INFO assigned 42 frames (local index 1134:1176)
11:10:38 [rank  28] INFO [protein] 479460 atoms, mass range 1.008-32.060 amu (OK)
11:10:38 [rank   6] INFO [protein] 479460 atoms, mass range 1.008-32.060 amu (OK)
11:10:38 [rank  28] INFO [water] 1434384 atoms, mass range 1.008-15.999 amu (OK)
11:10:38 [rank  28] INFO [excipient] 165780 atoms, mass range 1.008-15.999 amu (OK)
11:10:38 [rank  26] INFO assigned 42 frames (local index 1092:1134)
11:10:38 [rank   6] INFO [water] 1434384 atoms, mass range 1.008-15.999 amu (OK)
11:10:38 [rank   6] INFO [excipient] 165780 atoms, mass range 1.008-15.999 amu (OK)
11:10:38 [rank  41] INFO assigned 41 frames (local index 1714:1755)
11:10:38 [rank   3] INFO assigned 42 frames (local index 126:168)
11:10:38 [rank  34] INFO assigned 41 frames (local index 1427:1468)
11:10:38 [rank  37] INFO [protein] 479460 atoms, mass range 1.008-32.060 amu (OK)
11:10:38 [rank  37] INFO [water] 1434384 atoms, mass range 1.008-15.999 amu (OK)
11:10:38 [rank  37] INFO [excipient] 165780 atoms, mass range 1.008-15.999 amu (OK)
11:10:38 [rank  46] INFO assigned 41 frames (local index 1919:1960)
11:10:38 [rank  28] INFO assigned 42 frames (local index 1176:1218)
11:10:38 [rank   6] INFO assigned 42 frames (local index 252:294)
11:10:38 [rank  37] INFO assigned 41 frames (local index 1550:1591)
