Traceback (most recent call last):
  File "/home/s.maximilian.wang2/aav/pic_calculation_exterior.py", line 131, in <module>
Traceback (most recent call last):
  File "/home/s.maximilian.wang2/aav/pic_calculation_exterior.py", line 131, in <module>
    import matplotlib
ModuleNotFoundError: No module named 'matplotlib'
Traceback (most recent call last):
  File "/home/s.maximilian.wang2/aav/pic_calculation_exterior.py", line 131, in <module>
    import matplotlib
ModuleNotFoundError: No module named 'matplotlib'
Traceback (most recent call last):
  File "/home/s.maximilian.wang2/aav/pic_calculation_exterior.py", line 131, in <module>
    import matplotlib
ModuleNotFoundError: No module named 'matplotlib'
Traceback (most recent call last):
  File "/home/s.maximilian.wang2/aav/pic_calculation_exterior.py", line 131, in <module>
    import matplotlib
ModuleNotFoundError: No module named 'matplotlib'
Traceback (most recent call last):
  File "/home/s.maximilian.wang2/aav/pic_calculation_exterior.py", line 131, in <module>
Traceback (most recent call last):
  File "/home/s.maximilian.wang2/aav/pic_calculation_exterior.py", line 131, in <module>
Traceback (most recent call last):
  File "/home/s.maximilian.wang2/aav/pic_calculation_exterior.py", line 131, in <module>
    import matplotlib
ModuleNotFoundError: No module named 'matplotlib'
Traceback (most recent call last):
  File "/home/s.maximilian.wang2/aav/pic_calculation_exterior.py", line 131, in <module>
    import matplotlib
ModuleNotFoundError: No module named 'matplotlib'
Traceback (most recent call last):
  File "/home/s.maximilian.wang2/aav/pic_calculation_exterior.py", line 131, in <module>
Traceback (most recent call last):
  File "/home/s.maximilian.wang2/aav/pic_calculation_exterior.py", line 131, in <module>
    import matplotlib
ModuleNotFoundError: No module named 'matplotlib'
Traceback (most recent call last):
  File "/home/s.maximilian.wang2/aav/pic_calculation_exterior.py", line 131, in <module>
    import matplotlib
ModuleNotFoundError: No module named 'matplotlib'
Traceback (most recent call last):
  File "/home/s.maximilian.wang2/aav/pic_calculation_exterior.py", line 131, in <module>
Traceback (most recent call last):
  File "/home/s.maximilian.wang2/aav/pic_calculation_exterior.py", line 131, in <module>
    import matplotlib
ModuleNotFoundError: No module named 'matplotlib'
Traceback (most recent call last):
  File "/home/s.maximilian.wang2/aav/pic_calculation_exterior.py", line 131, in <module>
    import matplotlib
ModuleNotFoundError: No module named 'matplotlib'
Traceback (most recent call last):
  File "/home/s.maximilian.wang2/aav/pic_calculation_exterior.py", line 131, in <module>
    import matplotlib
ModuleNotFoundError: No module named 'matplotlib'
Traceback (most recent call last):
  File "/home/s.maximilian.wang2/aav/pic_calculation_exterior.py", line 131, in <module>
    import matplotlib
ModuleNotFoundError: No module named 'matplotlib'
Traceback (most recent call last):
  File "/home/s.maximilian.wang2/aav/pic_calculation_exterior.py", line 131, in <module>
Traceback (most recent call last):
  File "/home/s.maximilian.wang2/aav/pic_calculation_exterior.py", line 131, in <module>
    import matplotlib
ModuleNotFoundError: No module named 'matplotlib'
Traceback (most recent call last):
  File "/home/s.maximilian.wang2/aav/pic_calculation_exterior.py", line 131, in <module>
Traceback (most recent call last):
  File "/home/s.maximilian.wang2/aav/pic_calculation_exterior.py", line 131, in <module>
    import matplotlib
ModuleNotFoundError: No module named 'matplotlib'
Traceback (most recent call last):
  File "/home/s.maximilian.wang2/aav/pic_calculation_exterior.py", line 131, in <module>
    import matplotlib
Traceback (most recent call last):
  File "/home/s.maximilian.wang2/aav/pic_calculation_exterior.py", line 131, in <module>
    import matplotlib
ModuleNotFoundError: No module named 'matplotlib'
Traceback (most recent call last):
  File "/home/s.maximilian.wang2/aav/pic_calculation_exterior.py", line 131, in <module>
    import matplotlib
ModuleNotFoundError: No module named 'matplotlib'
Traceback (most recent call last):
  File "/home/s.maximilian.wang2/aav/pic_calculation_exterior.py", line 131, in <module>
    import matplotlib
ModuleNotFoundError: No module named 'matplotlib'
Traceback (most recent call last):
  File "/home/s.maximilian.wang2/aav/pic_calculation_exterior.py", line 131, in <module>
Traceback (most recent call last):
  File "/home/s.maximilian.wang2/aav/pic_calculation_exterior.py", line 131, in <module>
    import matplotlib
ModuleNotFoundError: No module named 'matplotlib'
Traceback (most recent call last):
  File "/home/s.maximilian.wang2/aav/pic_calculation_exterior.py", line 131, in <module>
    import matplotlib
ModuleNotFoundError: No module named 'matplotlib'
Traceback (most recent call last):
  File "/home/s.maximilian.wang2/aav/pic_calculation_exterior.py", line 131, in <module>
    import matplotlib
ModuleNotFoundError: No module named 'matplotlib'
Traceback (most recent call last):
  File "/home/s.maximilian.wang2/aav/pic_calculation_exterior.py", line 131, in <module>
Traceback (most recent call last):
  File "/home/s.maximilian.wang2/aav/pic_calculation_exterior.py", line 131, in <module>
    import matplotlib
ModuleNotFoundError: No module named 'matplotlib'
Traceback (most recent call last):
  File "/home/s.maximilian.wang2/aav/pic_calculation_exterior.py", line 131, in <module>
Traceback (most recent call last):
  File "/home/s.maximilian.wang2/aav/pic_calculation_exterior.py", line 131, in <module>
Traceback (most recent call last):
  File "/home/s.maximilian.wang2/aav/pic_calculation_exterior.py", line 131, in <module>
    import matplotlib
ModuleNotFoundError: No module named 'matplotlib'
Traceback (most recent call last):
  File "/home/s.maximilian.wang2/aav/pic_calculation_exterior.py", line 131, in <module>
    import matplotlib
ModuleNotFoundError: No module named 'matplotlib'
Traceback (most recent call last):
  File "/home/s.maximilian.wang2/aav/pic_calculation_exterior.py", line 131, in <module>
Traceback (most recent call last):
  File "/home/s.maximilian.wang2/aav/pic_calculation_exterior.py", line 131, in <module>
    import matplotlib
ModuleNotFoundError: No module named 'matplotlib'
Traceback (most recent call last):
  File "/home/s.maximilian.wang2/aav/pic_calculation_exterior.py", line 131, in <module>
    import matplotlib
ModuleNotFoundError: No module named 'matplotlib'
    import matplotlib
ModuleNotFoundError: No module named 'matplotlib'
Traceback (most recent call last):
  File "/home/s.maximilian.wang2/aav/pic_calculation_exterior.py", line 131, in <module>
Traceback (most recent call last):
  File "/home/s.maximilian.wang2/aav/pic_calculation_exterior.py", line 131, in <module>
    import matplotlib
ModuleNotFoundError: No module named 'matplotlib'
Traceback (most recent call last):
  File "/home/s.maximilian.wang2/aav/pic_calculation_exterior.py", line 131, in <module>
    import matplotlib
ModuleNotFoundError: No module named 'matplotlib'
    import matplotlib
ModuleNotFoundError: No module named 'matplotlib'
Traceback (most recent call last):
  File "/home/s.maximilian.wang2/aav/pic_calculation_exterior.py", line 131, in <module>
    import matplotlib
ModuleNotFoundError: No module named 'matplotlib'
Traceback (most recent call last):
  File "/home/s.maximilian.wang2/aav/pic_calculation_exterior.py", line 131, in <module>
    import matplotlib
ModuleNotFoundError: No module named 'matplotlib'
Traceback (most recent call last):
  File "/home/s.maximilian.wang2/aav/pic_calculation_exterior.py", line 131, in <module>
    import matplotlib
ModuleNotFoundError: No module named 'matplotlib'
Traceback (most recent call last):
  File "/home/s.maximilian.wang2/aav/pic_calculation_exterior.py", line 131, in <module>
    import matplotlib
ModuleNotFoundError: No module named 'matplotlib'
    import matplotlib
ModuleNotFoundError: No module named 'matplotlib'
Traceback (most recent call last):
  File "/home/s.maximilian.wang2/aav/pic_calculation_exterior.py", line 131, in <module>
    import matplotlib
ModuleNotFoundError: No module named 'matplotlib'
Traceback (most recent call last):
  File "/home/s.maximilian.wang2/aav/pic_calculation_exterior.py", line 131, in <module>
    import matplotlib
ModuleNotFoundError: No module named 'matplotlib'
    import matplotlib
ModuleNotFoundError: No module named 'matplotlib'
    import matplotlib
ModuleNotFoundError: No module named 'matplotlib'
Traceback (most recent call last):
  File "/home/s.maximilian.wang2/aav/pic_calculation_exterior.py", line 131, in <module>
    import matplotlib
ModuleNotFoundError: No module named 'matplotlib'
Traceback (most recent call last):
  File "/home/s.maximilian.wang2/aav/pic_calculation_exterior.py", line 131, in <module>
    import matplotlib
ModuleNotFoundError: No module named 'matplotlib'
Traceback (most recent call last):
  File "/home/s.maximilian.wang2/aav/pic_calculation_exterior.py", line 131, in <module>
    import matplotlib
ModuleNotFoundError: No module named 'matplotlib'
Traceback (most recent call last):
  File "/home/s.maximilian.wang2/aav/pic_calculation_exterior.py", line 131, in <module>
    import matplotlib
ModuleNotFoundError: No module named 'matplotlib'
Traceback (most recent call last):
  File "/home/s.maximilian.wang2/aav/pic_calculation_exterior.py", line 131, in <module>
    import matplotlib
ModuleNotFoundError: No module named 'matplotlib'
Traceback (most recent call last):
  File "/home/s.maximilian.wang2/aav/pic_calculation_exterior.py", line 131, in <module>
    import matplotlib
ModuleNotFoundError: No module named 'matplotlib'
Traceback (most recent call last):
  File "/home/s.maximilian.wang2/aav/pic_calculation_exterior.py", line 131, in <module>
    import matplotlib
ModuleNotFoundError: No module named 'matplotlib'
Traceback (most recent call last):
  File "/home/s.maximilian.wang2/aav/pic_calculation_exterior.py", line 131, in <module>
    import matplotlib
ModuleNotFoundError: No module named 'matplotlib'
Traceback (most recent call last):
  File "/home/s.maximilian.wang2/aav/pic_calculation_exterior.py", line 131, in <module>
    import matplotlib
ModuleNotFoundError: No module named 'matplotlib'
Traceback (most recent call last):
  File "/home/s.maximilian.wang2/aav/pic_calculation_exterior.py", line 131, in <module>
    import matplotlib
ModuleNotFoundError: No module named 'matplotlib'
Traceback (most recent call last):
  File "/home/s.maximilian.wang2/aav/pic_calculation_exterior.py", line 131, in <module>
    import matplotlib
ModuleNotFoundError: No module named 'matplotlib'
Traceback (most recent call last):
  File "/home/s.maximilian.wang2/aav/pic_calculation_exterior.py", line 131, in <module>
    import matplotlib
ModuleNotFoundError: No module named 'matplotlib'
Traceback (most recent call last):
  File "/home/s.maximilian.wang2/aav/pic_calculation_exterior.py", line 131, in <module>
    import matplotlib
ModuleNotFoundError: No module named 'matplotlib'
ModuleNotFoundError: No module named 'matplotlib'
Traceback (most recent call last):
  File "/home/s.maximilian.wang2/aav/pic_calculation_exterior.py", line 131, in <module>
    import matplotlib
ModuleNotFoundError: No module named 'matplotlib'
Traceback (most recent call last):
  File "/home/s.maximilian.wang2/aav/pic_calculation_exterior.py", line 131, in <module>
    import matplotlib
ModuleNotFoundError: No module named 'matplotlib'
Traceback (most recent call last):
  File "/home/s.maximilian.wang2/aav/pic_calculation_exterior.py", line 131, in <module>
    import matplotlib
ModuleNotFoundError: No module named 'matplotlib'
Traceback (most recent call last):
  File "/home/s.maximilian.wang2/aav/pic_calculation_exterior.py", line 131, in <module>
    import matplotlib
ModuleNotFoundError: No module named 'matplotlib'
    import matplotlib
ModuleNotFoundError: No module named 'matplotlib'
    import matplotlib
ModuleNotFoundError: No module named 'matplotlib'
    import matplotlib
ModuleNotFoundError: No module named 'matplotlib'
    import matplotlib
ModuleNotFoundError: No module named 'matplotlib'
    import matplotlib
ModuleNotFoundError: No module named 'matplotlib'
    import matplotlib
ModuleNotFoundError: No module named 'matplotlib'
    import matplotlib
ModuleNotFoundError: No module named 'matplotlib'
    import matplotlib
ModuleNotFoundError: No module named 'matplotlib'
--------------------------------------------------------------------------
Primary job  terminated normally, but 1 process returned
a non-zero exit code. Per user-direction, the job has been aborted.
--------------------------------------------------------------------------
--------------------------------------------------------------------------
mpirun detected that one or more processes exited with non-zero status, thus causing
the job to be terminated. The first process to do so was:

  Process name: [[52054,1],1]
  Exit code:    1
--------------------------------------------------------------------------
