==========================================================
PIC calculation: NA
Job: 159   Node: gen-queue-spot-dy-m8i-32xl-1   Started: Wed Jul  1 02:49:55 PM EDT 2026
GRO: aav1/md/md.gro
XTC: aav1/md/md_noPBC.xtc
Radius: 20.0 A   Bin width: 0.1 A   Charge: 0.0
MPI ranks: 12   CPUs/task: 4
==========================================================
14:50:03 [rank   0] INFO ======================================================================
14:50:03 [rank   0] INFO PIC (Gamma_23) calculation -- Shukla et al. 2009 method
14:50:03 [rank   0] INFO gro=aav1/md/md.gro xtc=aav1/md/md_noPBC.xtc excipient=NA radius=20.00 A charge=0.000
14:50:03 [rank   0] INFO MPI ranks: 12
14:50:09 [rank   6] INFO [protein] 479460 atoms, mass range 1.008-32.060 amu (OK)
14:50:09 [rank   6] INFO [water] 1434384 atoms, mass range 1.008-15.999 amu (OK)
14:50:09 [rank   6] INFO [excipient] 2703 atoms, mass range 22.990-22.990 amu (OK)
14:50:09 [rank   3] INFO [protein] 479460 atoms, mass range 1.008-32.060 amu (OK)
14:50:09 [rank   3] INFO [water] 1434384 atoms, mass range 1.008-15.999 amu (OK)
14:50:09 [rank   3] INFO [excipient] 2703 atoms, mass range 22.990-22.990 amu (OK)
14:50:09 [rank   6] INFO assigned 2 frames (local index 12:14)
14:50:09 [rank   7] INFO [protein] 479460 atoms, mass range 1.008-32.060 amu (OK)
14:50:09 [rank   7] INFO [water] 1434384 atoms, mass range 1.008-15.999 amu (OK)
14:50:09 [rank   7] INFO [excipient] 2703 atoms, mass range 22.990-22.990 amu (OK)
14:50:09 [rank   5] INFO [protein] 479460 atoms, mass range 1.008-32.060 amu (OK)
14:50:09 [rank   5] INFO [water] 1434384 atoms, mass range 1.008-15.999 amu (OK)
14:50:09 [rank   5] INFO [excipient] 2703 atoms, mass range 22.990-22.990 amu (OK)
14:50:09 [rank  10] INFO [protein] 479460 atoms, mass range 1.008-32.060 amu (OK)
14:50:09 [rank  11] INFO [protein] 479460 atoms, mass range 1.008-32.060 amu (OK)
14:50:09 [rank  10] INFO [water] 1434384 atoms, mass range 1.008-15.999 amu (OK)
14:50:09 [rank  10] INFO [excipient] 2703 atoms, mass range 22.990-22.990 amu (OK)
14:50:09 [rank  11] INFO [water] 1434384 atoms, mass range 1.008-15.999 amu (OK)
14:50:09 [rank  11] INFO [excipient] 2703 atoms, mass range 22.990-22.990 amu (OK)
14:50:09 [rank   3] INFO assigned 2 frames (local index 6:8)
14:50:09 [rank   0] INFO [protein] 479460 atoms, mass range 1.008-32.060 amu (OK)
14:50:09 [rank   0] INFO [water] 1434384 atoms, mass range 1.008-15.999 amu (OK)
14:50:09 [rank   0] INFO [excipient] 2703 atoms, mass range 22.990-22.990 amu (OK)
14:50:09 [rank   7] INFO assigned 2 frames (local index 14:16)
14:50:09 [rank   1] INFO [protein] 479460 atoms, mass range 1.008-32.060 amu (OK)
14:50:09 [rank   1] INFO [water] 1434384 atoms, mass range 1.008-15.999 amu (OK)
14:50:09 [rank   1] INFO [excipient] 2703 atoms, mass range 22.990-22.990 amu (OK)
14:50:09 [rank   8] INFO [protein] 479460 atoms, mass range 1.008-32.060 amu (OK)
14:50:09 [rank   8] INFO [water] 1434384 atoms, mass range 1.008-15.999 amu (OK)
14:50:09 [rank   8] INFO [excipient] 2703 atoms, mass range 22.990-22.990 amu (OK)
14:50:09 [rank   5] INFO assigned 2 frames (local index 10:12)
14:50:09 [rank   9] INFO [protein] 479460 atoms, mass range 1.008-32.060 amu (OK)
14:50:09 [rank  10] INFO assigned 1 frames (local index 19:20)
14:50:09 [rank  11] INFO assigned 1 frames (local index 20:21)
14:50:09 [rank   9] INFO [water] 1434384 atoms, mass range 1.008-15.999 amu (OK)
14:50:09 [rank   9] INFO [excipient] 2703 atoms, mass range 22.990-22.990 amu (OK)
14:50:09 [rank   4] INFO [protein] 479460 atoms, mass range 1.008-32.060 amu (OK)
14:50:09 [rank   4] INFO [water] 1434384 atoms, mass range 1.008-15.999 amu (OK)
14:50:09 [rank   4] INFO [excipient] 2703 atoms, mass range 22.990-22.990 amu (OK)
14:50:09 [rank   0] INFO protein atoms=479460  water molecules=478128  NA molecules=2703
14:50:09 [rank   0] INFO trajectory frames: 21 total, 21 selected (stride=1, max_frames=None)
14:50:09 [rank   0] INFO assigned 2 frames (local index 0:2)
14:50:10 [rank   1] INFO assigned 2 frames (local index 2:4)
14:50:10 [rank   8] INFO assigned 2 frames (local index 16:18)
14:50:10 [rank   9] INFO assigned 1 frames (local index 18:19)
14:50:10 [rank   4] INFO assigned 2 frames (local index 8:10)
14:50:10 [rank   2] INFO [protein] 479460 atoms, mass range 1.008-32.060 amu (OK)
14:50:10 [rank   2] INFO [water] 1434384 atoms, mass range 1.008-15.999 amu (OK)
14:50:10 [rank   2] INFO [excipient] 2703 atoms, mass range 22.990-22.990 amu (OK)
14:50:10 [rank   2] INFO assigned 2 frames (local index 4:6)
14:53:03 [rank  10] INFO frame 1/1 (100.0%, global frame 19) | rate=0.01 fr/s | local ETA=00:00:00
14:53:03 [rank  11] INFO frame 1/1 (100.0%, global frame 20) | rate=0.01 fr/s | local ETA=00:00:00
14:53:04 [rank   9] INFO frame 1/1 (100.0%, global frame 18) | rate=0.01 fr/s | local ETA=00:00:00
14:53:04 [rank   0] INFO [AGGREGATE] 12/21 frames complete cluster-wide (57.1%) | aggregate rate=0.07 fr/s | global ETA=00:02:15 | elapsed=00:03:00
14:55:55 [rank   1] INFO frame 2/2 (100.0%, global frame 3) | rate=0.01 fr/s | local ETA=00:00:00
14:55:56 [rank   0] INFO frame 2/2 (100.0%, global frame 1) | rate=0.01 fr/s | local ETA=00:00:00
14:55:56 [rank   8] INFO frame 2/2 (100.0%, global frame 17) | rate=0.01 fr/s | local ETA=00:00:00
14:55:56 [rank   2] INFO frame 2/2 (100.0%, global frame 5) | rate=0.01 fr/s | local ETA=00:00:00
14:55:57 [rank   5] INFO frame 2/2 (100.0%, global frame 11) | rate=0.01 fr/s | local ETA=00:00:00
14:55:57 [rank   6] INFO frame 2/2 (100.0%, global frame 13) | rate=0.01 fr/s | local ETA=00:00:00
14:55:58 [rank   4] INFO frame 2/2 (100.0%, global frame 9) | rate=0.01 fr/s | local ETA=00:00:00
14:55:58 [rank   3] INFO frame 2/2 (100.0%, global frame 7) | rate=0.01 fr/s | local ETA=00:00:00
14:55:59 [rank   7] INFO frame 2/2 (100.0%, global frame 15) | rate=0.01 fr/s | local ETA=00:00:00
14:55:59 [rank   0] INFO [AGGREGATE] 21/21 frames complete cluster-wide (100.0%) | aggregate rate=0.06 fr/s | global ETA=00:00:00 | elapsed=00:05:56
14:55:59 [rank   0] INFO gathered Gamma_23(r,t): shape (21, 200)
14:55:59 [rank   0] INFO AUTO-DETECTED r* = 20.00 A (CONFIRM VISUALLY against the saved plot)
14:55:59 [rank   0] INFO Gamma_23 = -396.2976 +/- 18.0904
14:55:59 [rank   0] INFO saved raw data -> pic_results_NA_159/pic_NA.pkl
14:55:59 [rank   0] INFO saved r-profile -> pic_results_NA_159/pic_NA_vs_r.csv
14:55:59 [rank   0] INFO saved plot -> pic_results_NA_159/pic_NA_vs_r.png
14:55:59 [rank   0] INFO TOTAL RUNTIME: 356.0 s (0.06 frames/s aggregate)
14:55:59 [rank   0] INFO ======================================================================
14:55:59 [rank   0] INFO RESULT: Gamma_23(NA) = -396.2976 +/- 18.0904  (r* = 20.00 A, auto-detected)
14:55:59 [rank   0] INFO ======================================================================
==========================================================
Finished: Wed Jul  1 02:56:00 PM EDT 2026   Exit code: 0
Results in: pic_results_NA_159/
  pic_NA.pkl          -- raw Gamma_23(r,t) array + metadata
  pic_NA_vs_r.csv     -- r, mean, SEM
  pic_NA_vs_r.png     -- plot with auto-detected r*
==========================================================
REMINDER: auto-detected r* is a starting estimate only --
confirm the plateau visually in the .png before trusting Gamma_23.
