==========================================================
PIC calculation (per-residue): SUC
Job: 454   Node: mem-queue-multi-az-dy-r8i-24xl-1   Started: Fri Jul 17 10:22:51 AM EDT 2026
GRO: aav8/aav8ph6salt30/md.gro
XTC: aav8/aav8ph6salt30/md_whole.xtc
Radius: 15 A   Bin width: 0.1 A   Charge: 0.0
MPI ranks: 48   CPUs/task: 1
==========================================================
10:23:05 [rank   0] INFO ======================================================================
10:23:05 [rank   0] INFO PIC (Gamma_23) calculation, per-residue, EXTERIOR SOLVENT ONLY
10:23:05 [rank   0] INFO gro=aav8/aav8ph6salt30/md.gro xtc=aav8/aav8ph6salt30/md_whole.xtc excipient=SUC radius=15.00 A charge=0.000
10:23:05 [rank   0] INFO shell-margin=2.0 A  density-bin-width=2.0 A  calib-frames=20
10:23:05 [rank   0] INFO MPI ranks: 48
10:23:05 [rank   0] INFO r* FORCED to 10.00 A for every residue and the whole-molecule curve (auto-detection disabled)
10:23:16 [rank  15] INFO [protein] 482280 atoms, mass range 1.008-32.060 amu (OK)
10:23:16 [rank  15] INFO [water] 2851188 atoms, mass range 1.008-15.999 amu (OK)
10:23:16 [rank  11] INFO [protein] 482280 atoms, mass range 1.008-32.060 amu (OK)
10:23:16 [rank  11] INFO [water] 2851188 atoms, mass range 1.008-15.999 amu (OK)
10:23:16 [rank  17] INFO [protein] 482280 atoms, mass range 1.008-32.060 amu (OK)
10:23:16 [rank  17] INFO [water] 2851188 atoms, mass range 1.008-15.999 amu (OK)
10:23:16 [rank   3] INFO [protein] 482280 atoms, mass range 1.008-32.060 amu (OK)
10:23:16 [rank  41] INFO [protein] 482280 atoms, mass range 1.008-32.060 amu (OK)
10:23:16 [rank   3] INFO [water] 2851188 atoms, mass range 1.008-15.999 amu (OK)
10:23:16 [rank  36] INFO [protein] 482280 atoms, mass range 1.008-32.060 amu (OK)
10:23:16 [rank  41] INFO [water] 2851188 atoms, mass range 1.008-15.999 amu (OK)
10:23:16 [rank   8] INFO [protein] 482280 atoms, mass range 1.008-32.060 amu (OK)
10:23:16 [rank  36] INFO [water] 2851188 atoms, mass range 1.008-15.999 amu (OK)
10:23:16 [rank  35] INFO [protein] 482280 atoms, mass range 1.008-32.060 amu (OK)
10:23:16 [rank   8] INFO [water] 2851188 atoms, mass range 1.008-15.999 amu (OK)
10:23:16 [rank  20] INFO [protein] 482280 atoms, mass range 1.008-32.060 amu (OK)
10:23:16 [rank  35] INFO [water] 2851188 atoms, mass range 1.008-15.999 amu (OK)
10:23:16 [rank  20] INFO [water] 2851188 atoms, mass range 1.008-15.999 amu (OK)
10:23:16 [rank  25] INFO [protein] 482280 atoms, mass range 1.008-32.060 amu (OK)
10:23:16 [rank  25] INFO [water] 2851188 atoms, mass range 1.008-15.999 amu (OK)
10:23:16 [rank  26] INFO [protein] 482280 atoms, mass range 1.008-32.060 amu (OK)
10:23:16 [rank   9] INFO [protein] 482280 atoms, mass range 1.008-32.060 amu (OK)
10:23:16 [rank   9] INFO [water] 2851188 atoms, mass range 1.008-15.999 amu (OK)
10:23:16 [rank  26] INFO [water] 2851188 atoms, mass range 1.008-15.999 amu (OK)
10:23:16 [rank  37] INFO [protein] 482280 atoms, mass range 1.008-32.060 amu (OK)
10:23:16 [rank   2] INFO [protein] 482280 atoms, mass range 1.008-32.060 amu (OK)
10:23:16 [rank  40] INFO [protein] 482280 atoms, mass range 1.008-32.060 amu (OK)
10:23:16 [rank  42] INFO [protein] 482280 atoms, mass range 1.008-32.060 amu (OK)
10:23:16 [rank  37] INFO [water] 2851188 atoms, mass range 1.008-15.999 amu (OK)
10:23:16 [rank  47] INFO [protein] 482280 atoms, mass range 1.008-32.060 amu (OK)
10:23:16 [rank  43] INFO [protein] 482280 atoms, mass range 1.008-32.060 amu (OK)
10:23:16 [rank   2] INFO [water] 2851188 atoms, mass range 1.008-15.999 amu (OK)
10:23:16 [rank  47] INFO [water] 2851188 atoms, mass range 1.008-15.999 amu (OK)
10:23:16 [rank  34] INFO [protein] 482280 atoms, mass range 1.008-32.060 amu (OK)
10:23:16 [rank  40] INFO [water] 2851188 atoms, mass range 1.008-15.999 amu (OK)
10:23:16 [rank  42] INFO [water] 2851188 atoms, mass range 1.008-15.999 amu (OK)
10:23:16 [rank  43] INFO [water] 2851188 atoms, mass range 1.008-15.999 amu (OK)
10:23:16 [rank  34] INFO [water] 2851188 atoms, mass range 1.008-15.999 amu (OK)
10:23:16 [rank   1] INFO [protein] 482280 atoms, mass range 1.008-32.060 amu (OK)
10:23:16 [rank  19] INFO [protein] 482280 atoms, mass range 1.008-32.060 amu (OK)
10:23:16 [rank   4] INFO [protein] 482280 atoms, mass range 1.008-32.060 amu (OK)
10:23:16 [rank   1] INFO [water] 2851188 atoms, mass range 1.008-15.999 amu (OK)
10:23:16 [rank  19] INFO [water] 2851188 atoms, mass range 1.008-15.999 amu (OK)
10:23:16 [rank   4] INFO [water] 2851188 atoms, mass range 1.008-15.999 amu (OK)
10:23:16 [rank  32] INFO [protein] 482280 atoms, mass range 1.008-32.060 amu (OK)
10:23:16 [rank  23] INFO [protein] 482280 atoms, mass range 1.008-32.060 amu (OK)
10:23:16 [rank   6] INFO [protein] 482280 atoms, mass range 1.008-32.060 amu (OK)
10:23:16 [rank  32] INFO [water] 2851188 atoms, mass range 1.008-15.999 amu (OK)
10:23:16 [rank  23] INFO [water] 2851188 atoms, mass range 1.008-15.999 amu (OK)
10:23:17 [rank  24] INFO [protein] 482280 atoms, mass range 1.008-32.060 amu (OK)
10:23:17 [rank  38] INFO [protein] 482280 atoms, mass range 1.008-32.060 amu (OK)
10:23:17 [rank   6] INFO [water] 2851188 atoms, mass range 1.008-15.999 amu (OK)
10:23:17 [rank  31] INFO [protein] 482280 atoms, mass range 1.008-32.060 amu (OK)
10:23:17 [rank  38] INFO [water] 2851188 atoms, mass range 1.008-15.999 amu (OK)
10:23:17 [rank  24] INFO [water] 2851188 atoms, mass range 1.008-15.999 amu (OK)
10:23:17 [rank  31] INFO [water] 2851188 atoms, mass range 1.008-15.999 amu (OK)
10:23:17 [rank  29] INFO [protein] 482280 atoms, mass range 1.008-32.060 amu (OK)
10:23:17 [rank  29] INFO [water] 2851188 atoms, mass range 1.008-15.999 amu (OK)
10:23:17 [rank  21] INFO [protein] 482280 atoms, mass range 1.008-32.060 amu (OK)
10:23:17 [rank  33] INFO [protein] 482280 atoms, mass range 1.008-32.060 amu (OK)
10:23:17 [rank  44] INFO [protein] 482280 atoms, mass range 1.008-32.060 amu (OK)
10:23:17 [rank  21] INFO [water] 2851188 atoms, mass range 1.008-15.999 amu (OK)
10:23:17 [rank  39] INFO [protein] 482280 atoms, mass range 1.008-32.060 amu (OK)
10:23:17 [rank  33] INFO [water] 2851188 atoms, mass range 1.008-15.999 amu (OK)
10:23:17 [rank  28] INFO [protein] 482280 atoms, mass range 1.008-32.060 amu (OK)
10:23:17 [rank  10] INFO [protein] 482280 atoms, mass range 1.008-32.060 amu (OK)
10:23:17 [rank  44] INFO [water] 2851188 atoms, mass range 1.008-15.999 amu (OK)
10:23:17 [rank  39] INFO [water] 2851188 atoms, mass range 1.008-15.999 amu (OK)
10:23:17 [rank  28] INFO [water] 2851188 atoms, mass range 1.008-15.999 amu (OK)
10:23:17 [rank  10] INFO [water] 2851188 atoms, mass range 1.008-15.999 amu (OK)
10:23:17 [rank   0] INFO [protein] 482280 atoms, mass range 1.008-32.060 amu (OK)
10:23:17 [rank  14] INFO [protein] 482280 atoms, mass range 1.008-32.060 amu (OK)
10:23:17 [rank   0] INFO [water] 2851188 atoms, mass range 1.008-15.999 amu (OK)
10:23:17 [rank  14] INFO [water] 2851188 atoms, mass range 1.008-15.999 amu (OK)
10:23:17 [rank  16] INFO [protein] 482280 atoms, mass range 1.008-32.060 amu (OK)
10:23:17 [rank  27] INFO [protein] 482280 atoms, mass range 1.008-32.060 amu (OK)
10:23:17 [rank   5] INFO [protein] 482280 atoms, mass range 1.008-32.060 amu (OK)
10:23:17 [rank  16] INFO [water] 2851188 atoms, mass range 1.008-15.999 amu (OK)
10:23:17 [rank  18] INFO [protein] 482280 atoms, mass range 1.008-32.060 amu (OK)
10:23:17 [rank  27] INFO [water] 2851188 atoms, mass range 1.008-15.999 amu (OK)
10:23:17 [rank  13] INFO [protein] 482280 atoms, mass range 1.008-32.060 amu (OK)
10:23:17 [rank   5] INFO [water] 2851188 atoms, mass range 1.008-15.999 amu (OK)
10:23:17 [rank  13] INFO [water] 2851188 atoms, mass range 1.008-15.999 amu (OK)
10:23:17 [rank  18] INFO [water] 2851188 atoms, mass range 1.008-15.999 amu (OK)
10:23:17 [rank  30] INFO [protein] 482280 atoms, mass range 1.008-32.060 amu (OK)
10:23:17 [rank  30] INFO [water] 2851188 atoms, mass range 1.008-15.999 amu (OK)
10:23:17 [rank  22] INFO [protein] 482280 atoms, mass range 1.008-32.060 amu (OK)
10:23:17 [rank  22] INFO [water] 2851188 atoms, mass range 1.008-15.999 amu (OK)
10:23:17 [rank  12] INFO [protein] 482280 atoms, mass range 1.008-32.060 amu (OK)
10:23:17 [rank  12] INFO [water] 2851188 atoms, mass range 1.008-15.999 amu (OK)
10:23:17 [rank  46] INFO [protein] 482280 atoms, mass range 1.008-32.060 amu (OK)
10:23:17 [rank  46] INFO [water] 2851188 atoms, mass range 1.008-15.999 amu (OK)
10:23:17 [rank  45] INFO [protein] 482280 atoms, mass range 1.008-32.060 amu (OK)
10:23:17 [rank  45] INFO [water] 2851188 atoms, mass range 1.008-15.999 amu (OK)
10:23:17 [rank   7] INFO [protein] 482280 atoms, mass range 1.008-32.060 amu (OK)
10:23:17 [rank   7] INFO [water] 2851188 atoms, mass range 1.008-15.999 amu (OK)
