                     :-) GROMACS - gmx trjconv, 2025.3 (-:

Executable:   /apps/gromacs/2025.3-gpu-mpi/bin/gmx_mpi
Data prefix:  /apps/gromacs/2025.3-gpu-mpi
Working dir:  /home/s.maximilian.wang2/aav
Command line:
  gmx_mpi trjconv -s aav1/10ns_aav1ph6salt30suc1/md.tpr -f aav1/10ns_aav1ph6salt30suc1/md.gro -o step_cluster.gro -pbc cluster

Will write gro: Coordinate file in Gromos-87 format
Reading file aav1/10ns_aav1ph6salt30suc1/md.tpr, VERSION 2025.3 (single precision)
Reading file aav1/10ns_aav1ph6salt30suc1/md.tpr, VERSION 2025.3 (single precision)
Group     0 (         System) has 3005425 elements
Group     1 (        Protein) has 480168 elements
Group     2 (      Protein-H) has 246720 elements
Group     3 (        C-alpha) has 31080 elements
Group     4 (       Backbone) has 93240 elements
Group     5 (      MainChain) has 124260 elements
Group     6 (   MainChain+Cb) has 153120 elements
Group     7 (    MainChain+H) has 153300 elements
Group     8 (      SideChain) has 326868 elements
Group     9 (    SideChain-H) has 122460 elements
Group    10 (    Prot-Masses) has 480168 elements
Group    11 (    non-Protein) has 2525257 elements
Group    12 (          Other) has 16560 elements
Group    13 (            SUC) has 16560 elements
Group    14 (             NA) has   545 elements
Group    15 (             CL) has  1073 elements
Group    16 (          Water) has 2507079 elements
Group    17 (            SOL) has 2507079 elements
Group    18 (      non-Water) has 498346 elements
Group    19 (            Ion) has  1618 elements
Group    20 ( Water_and_ions) has 2508697 elements
Select a group: Group     0 (         System) has 3005425 elements
Group     1 (        Protein) has 480168 elements
Group     2 (      Protein-H) has 246720 elements
Group     3 (        C-alpha) has 31080 elements
Group     4 (       Backbone) has 93240 elements
Group     5 (      MainChain) has 124260 elements
Group     6 (   MainChain+Cb) has 153120 elements
Group     7 (    MainChain+H) has 153300 elements
Group     8 (      SideChain) has 326868 elements
Group     9 (    SideChain-H) has 122460 elements
Group    10 (    Prot-Masses) has 480168 elements
Group    11 (    non-Protein) has 2525257 elements
Group    12 (          Other) has 16560 elements
Group    13 (            SUC) has 16560 elements
Group    14 (             NA) has   545 elements
Group    15 (             CL) has  1073 elements
Group    16 (          Water) has 2507079 elements
Group    17 (            SOL) has 2507079 elements
Group    18 (      non-Water) has 498346 elements
Group    19 (            Ion) has  1618 elements
Group    20 ( Water_and_ions) has 2508697 elements
Select a group: Reading frames from gro file 'Protein in water', 3005425 atoms.
Reading frame       0 time    0.000   
Precision of aav1/10ns_aav1ph6salt30suc1/md.gro is 0.001 (nm)
Last frame          0 time    0.000   
 ->  frame      0 time    0.000      
Last written: frame      0 time    0.000


GROMACS reminds you: "The best model of a cat is another cat..., specially the same cat." (Arturo Rosenblueth)

                     :-) GROMACS - gmx trjconv, 2025.3 (-:

Executable:   /apps/gromacs/2025.3-gpu-mpi/bin/gmx_mpi
Data prefix:  /apps/gromacs/2025.3-gpu-mpi
Working dir:  /home/s.maximilian.wang2/aav
Command line:
  gmx_mpi trjconv -s aav1/10ns_aav1ph6salt30suc1/md.tpr -f aav1/10ns_aav1ph6salt30suc1/step_cluster.gro -o md_whole.gro -pbc mol -center -ur compact


-------------------------------------------------------
Program:     gmx trjconv, version 2025.3
Source file: src/gromacs/commandline/cmdlineparser.cpp (line 271)
Function:    void gmx::CommandLineParser::parse(int*, char**)

Error in user input:
Invalid command-line options
  In command-line option -f
    File 'aav1/10ns_aav1ph6salt30suc1/step_cluster.gro' does not exist or is
    not accessible.
    The file could not be opened.
      Reason: No such file or directory
      (call to fopen() returned error code 2)

For more information and tips for troubleshooting, please check the GROMACS
website at https://manual.gromacs.org/current/user-guide/run-time-errors.html
-------------------------------------------------------
--------------------------------------------------------------------------
MPI_ABORT was invoked on rank 0 in communicator MPI_COMM_WORLD
with errorcode 1.

NOTE: invoking MPI_ABORT causes Open MPI to kill all MPI processes.
You may or may not see output from other processes, depending on
exactly when Open MPI kills them.
--------------------------------------------------------------------------
itp template: 45 atoms, net charge -0.0000 e
/home/s.maximilian.wang2/.conda/envs/apbs_env/lib/python3.9/site-packages/MDAnalysis/coordinates/PDB.py:1151: UserWarning: Found no information for attr: 'altLocs' Using default value of ' '
  warnings.warn("Found no information for attr: '{}'"
/home/s.maximilian.wang2/.conda/envs/apbs_env/lib/python3.9/site-packages/MDAnalysis/coordinates/PDB.py:1151: UserWarning: Found no information for attr: 'icodes' Using default value of ' '
  warnings.warn("Found no information for attr: '{}'"
/home/s.maximilian.wang2/.conda/envs/apbs_env/lib/python3.9/site-packages/MDAnalysis/coordinates/PDB.py:1151: UserWarning: Found no information for attr: 'chainIDs' Using default value of ''
  warnings.warn("Found no information for attr: '{}'"
/home/s.maximilian.wang2/.conda/envs/apbs_env/lib/python3.9/site-packages/MDAnalysis/coordinates/PDB.py:1151: UserWarning: Found no information for attr: 'occupancies' Using default value of '1.0'
  warnings.warn("Found no information for attr: '{}'"
/home/s.maximilian.wang2/.conda/envs/apbs_env/lib/python3.9/site-packages/MDAnalysis/coordinates/PDB.py:1151: UserWarning: Found no information for attr: 'tempfactors' Using default value of '0.0'
  warnings.warn("Found no information for attr: '{}'"
/home/s.maximilian.wang2/.conda/envs/apbs_env/lib/python3.9/site-packages/MDAnalysis/coordinates/PDB.py:1151: UserWarning: Found no information for attr: 'elements' Using default value of ' '
  warnings.warn("Found no information for attr: '{}'"
/home/s.maximilian.wang2/.conda/envs/apbs_env/lib/python3.9/site-packages/MDAnalysis/coordinates/PDB.py:1151: UserWarning: Found no information for attr: 'record_types' Using default value of 'ATOM'
  warnings.warn("Found no information for attr: '{}'"
/home/s.maximilian.wang2/.conda/envs/apbs_env/lib/python3.9/site-packages/MDAnalysis/coordinates/PDB.py:1151: UserWarning: Found no information for attr: 'formalcharges' Using default value of '0'
  warnings.warn("Found no information for attr: '{}'"
/home/s.maximilian.wang2/.conda/envs/apbs_env/lib/python3.9/site-packages/MDAnalysis/coordinates/PDB.py:1198: UserWarning: Found missing chainIDs. Corresponding atoms will use value of 'X'
  warnings.warn("Found missing chainIDs."
protein: 478908 atoms, 31020 residues, 1 segments -> /tmp/ignore.pdb
slurmstepd: error: *** JOB 546 ON mem-queue-multi-az-dy-r8i-32xl-1 CANCELLED AT 2026-07-23T18:08:03 ***
