itp template: 45 atoms, net charge -0.0000 e
Traceback (most recent call last):
  File "/home/s.maximilian.wang2/aav/build_suc_pqr.py", line 136, in <module>
    main()
  File "/home/s.maximilian.wang2/aav/build_suc_pqr.py", line 94, in main
    prot.write(args.protein_out)
  File "/home/s.maximilian.wang2/.conda/envs/apbs_env/lib/python3.9/site-packages/MDAnalysis/core/groups.py", line 3565, in write
    with writer(filename, n_atoms=self.n_atoms, **kwargs) as w:
  File "/home/s.maximilian.wang2/.conda/envs/apbs_env/lib/python3.9/site-packages/MDAnalysis/coordinates/PDB.py", line 690, in __init__
    self.pdbfile = util.anyopen(self.filename, 'wt')  # open file on init
  File "/home/s.maximilian.wang2/.conda/envs/apbs_env/lib/python3.9/site-packages/MDAnalysis/lib/util.py", line 418, in anyopen
    stream = openfunc(datasource, mode=mode)
FileNotFoundError: [Errno 2] No such file or directory: 'pqr/10ns_aav1ph6salt30suc1/capsid_protein.pdb'
itp template: 45 atoms, net charge -0.0000 e
Traceback (most recent call last):
  File "/home/s.maximilian.wang2/aav/build_suc_pqr.py", line 136, in <module>
    main()
  File "/home/s.maximilian.wang2/aav/build_suc_pqr.py", line 94, in main
    prot.write(args.protein_out)
  File "/home/s.maximilian.wang2/.conda/envs/apbs_env/lib/python3.9/site-packages/MDAnalysis/core/groups.py", line 3565, in write
    with writer(filename, n_atoms=self.n_atoms, **kwargs) as w:
  File "/home/s.maximilian.wang2/.conda/envs/apbs_env/lib/python3.9/site-packages/MDAnalysis/coordinates/PDB.py", line 690, in __init__
    self.pdbfile = util.anyopen(self.filename, 'wt')  # open file on init
  File "/home/s.maximilian.wang2/.conda/envs/apbs_env/lib/python3.9/site-packages/MDAnalysis/lib/util.py", line 418, in anyopen
    stream = openfunc(datasource, mode=mode)
FileNotFoundError: [Errno 2] No such file or directory: 'pqr/10ns_aav1ph8salt30suc1/capsid_protein.pdb'
itp template: 45 atoms, net charge -0.0000 e
Traceback (most recent call last):
  File "/home/s.maximilian.wang2/aav/build_suc_pqr.py", line 136, in <module>
    main()
  File "/home/s.maximilian.wang2/aav/build_suc_pqr.py", line 94, in main
    prot.write(args.protein_out)
  File "/home/s.maximilian.wang2/.conda/envs/apbs_env/lib/python3.9/site-packages/MDAnalysis/core/groups.py", line 3565, in write
    with writer(filename, n_atoms=self.n_atoms, **kwargs) as w:
  File "/home/s.maximilian.wang2/.conda/envs/apbs_env/lib/python3.9/site-packages/MDAnalysis/coordinates/PDB.py", line 690, in __init__
    self.pdbfile = util.anyopen(self.filename, 'wt')  # open file on init
  File "/home/s.maximilian.wang2/.conda/envs/apbs_env/lib/python3.9/site-packages/MDAnalysis/lib/util.py", line 418, in anyopen
    stream = openfunc(datasource, mode=mode)
FileNotFoundError: [Errno 2] No such file or directory: 'pqr/10ns_aav1ph8salt30suc1/capsid_protein.pdb'
itp template: 45 atoms, net charge -0.0000 e
Traceback (most recent call last):
  File "/home/s.maximilian.wang2/aav/build_suc_pqr.py", line 136, in <module>
    main()
  File "/home/s.maximilian.wang2/aav/build_suc_pqr.py", line 94, in main
    prot.write(args.protein_out)
  File "/home/s.maximilian.wang2/.conda/envs/apbs_env/lib/python3.9/site-packages/MDAnalysis/core/groups.py", line 3565, in write
    with writer(filename, n_atoms=self.n_atoms, **kwargs) as w:
  File "/home/s.maximilian.wang2/.conda/envs/apbs_env/lib/python3.9/site-packages/MDAnalysis/coordinates/PDB.py", line 690, in __init__
    self.pdbfile = util.anyopen(self.filename, 'wt')  # open file on init
  File "/home/s.maximilian.wang2/.conda/envs/apbs_env/lib/python3.9/site-packages/MDAnalysis/lib/util.py", line 418, in anyopen
    stream = openfunc(datasource, mode=mode)
FileNotFoundError: [Errno 2] No such file or directory: 'pqr/10ns_aav1ph8salt30suc10/capsid_protein.pdb'
itp template: 45 atoms, net charge -0.0000 e
Traceback (most recent call last):
  File "/home/s.maximilian.wang2/aav/build_suc_pqr.py", line 136, in <module>
    main()
  File "/home/s.maximilian.wang2/aav/build_suc_pqr.py", line 94, in main
    prot.write(args.protein_out)
  File "/home/s.maximilian.wang2/.conda/envs/apbs_env/lib/python3.9/site-packages/MDAnalysis/core/groups.py", line 3565, in write
    with writer(filename, n_atoms=self.n_atoms, **kwargs) as w:
  File "/home/s.maximilian.wang2/.conda/envs/apbs_env/lib/python3.9/site-packages/MDAnalysis/coordinates/PDB.py", line 690, in __init__
    self.pdbfile = util.anyopen(self.filename, 'wt')  # open file on init
  File "/home/s.maximilian.wang2/.conda/envs/apbs_env/lib/python3.9/site-packages/MDAnalysis/lib/util.py", line 418, in anyopen
    stream = openfunc(datasource, mode=mode)
FileNotFoundError: [Errno 2] No such file or directory: 'pqr/10ns_aav1ph6salt200suc1/capsid_protein.pdb'
itp template: 45 atoms, net charge -0.0000 e
Traceback (most recent call last):
  File "/home/s.maximilian.wang2/aav/build_suc_pqr.py", line 136, in <module>
    net += q
  File "/home/s.maximilian.wang2/aav/build_suc_pqr.py", line 94, in main
    sys.exit(f"ERROR: no Rmin/2 for atom type(s): {missing} "
  File "/home/s.maximilian.wang2/.conda/envs/apbs_env/lib/python3.9/site-packages/MDAnalysis/core/groups.py", line 3565, in write
    with writer(filename, n_atoms=self.n_atoms, **kwargs) as w:
  File "/home/s.maximilian.wang2/.conda/envs/apbs_env/lib/python3.9/site-packages/MDAnalysis/coordinates/PDB.py", line 690, in __init__
    self.pdbfile = util.anyopen(self.filename, 'wt')  # open file on init
  File "/home/s.maximilian.wang2/.conda/envs/apbs_env/lib/python3.9/site-packages/MDAnalysis/lib/util.py", line 418, in anyopen
    stream = openfunc(datasource, mode=mode)
FileNotFoundError: [Errno 2] No such file or directory: 'pqr/10ns_aav1ph8salt200suc1/capsid_protein.pdb'
itp template: 45 atoms, net charge -0.0000 e
Traceback (most recent call last):
  File "/home/s.maximilian.wang2/aav/build_suc_pqr.py", line 149, in <module>
    main()
  File "/home/s.maximilian.wang2/aav/build_suc_pqr.py", line 103, in main
    prot.write(args.protein_out)
  File "/home/s.maximilian.wang2/.conda/envs/apbs_env/lib/python3.9/site-packages/MDAnalysis/core/groups.py", line 3565, in write
    with writer(filename, n_atoms=self.n_atoms, **kwargs) as w:
  File "/home/s.maximilian.wang2/.conda/envs/apbs_env/lib/python3.9/site-packages/MDAnalysis/coordinates/PDB.py", line 690, in __init__
    self.pdbfile = util.anyopen(self.filename, 'wt')  # open file on init
  File "/home/s.maximilian.wang2/.conda/envs/apbs_env/lib/python3.9/site-packages/MDAnalysis/lib/util.py", line 418, in anyopen
    stream = openfunc(datasource, mode=mode)
FileNotFoundError: [Errno 2] No such file or directory: 'pqr/10ns_aav1ph6salt200suc10/capsid_protein.pdb'
itp template: 45 atoms, net charge -0.0000 e
Traceback (most recent call last):
  File "/home/s.maximilian.wang2/aav/build_suc_pqr.py", line 149, in <module>
    main()
  File "/home/s.maximilian.wang2/aav/build_suc_pqr.py", line 103, in main
    prot.write(args.protein_out)
  File "/home/s.maximilian.wang2/.conda/envs/apbs_env/lib/python3.9/site-packages/MDAnalysis/core/groups.py", line 3565, in write
    with writer(filename, n_atoms=self.n_atoms, **kwargs) as w:
  File "/home/s.maximilian.wang2/.conda/envs/apbs_env/lib/python3.9/site-packages/MDAnalysis/coordinates/PDB.py", line 690, in __init__
    self.pdbfile = util.anyopen(self.filename, 'wt')  # open file on init
  File "/home/s.maximilian.wang2/.conda/envs/apbs_env/lib/python3.9/site-packages/MDAnalysis/lib/util.py", line 418, in anyopen
    stream = openfunc(datasource, mode=mode)
FileNotFoundError: [Errno 2] No such file or directory: 'pqr/10ns_aav1ph8salt200suc10/capsid_protein.pdb'
itp template: 45 atoms, net charge -0.0000 e
Traceback (most recent call last):
  File "/home/s.maximilian.wang2/aav/build_suc_pqr.py", line 149, in <module>
    main()
  File "/home/s.maximilian.wang2/aav/build_suc_pqr.py", line 103, in main
    prot.write(args.protein_out)
  File "/home/s.maximilian.wang2/.conda/envs/apbs_env/lib/python3.9/site-packages/MDAnalysis/core/groups.py", line 3565, in write
    with writer(filename, n_atoms=self.n_atoms, **kwargs) as w:
  File "/home/s.maximilian.wang2/.conda/envs/apbs_env/lib/python3.9/site-packages/MDAnalysis/coordinates/PDB.py", line 690, in __init__
    self.pdbfile = util.anyopen(self.filename, 'wt')  # open file on init
  File "/home/s.maximilian.wang2/.conda/envs/apbs_env/lib/python3.9/site-packages/MDAnalysis/lib/util.py", line 418, in anyopen
    stream = openfunc(datasource, mode=mode)
FileNotFoundError: [Errno 2] No such file or directory: 'pqr/10ns_aav1ph6salt110suc8/capsid_protein.pdb'
itp template: 45 atoms, net charge -0.0000 e
slurmstepd: error: *** JOB 511 ON mem-queue-multi-az-dy-r8i-8xl-1 CANCELLED AT 2026-07-22T16:58:04 ***
