==========================================================
PIC calculation (per-residue): 
Job: 528   Node: gen-queue-multi-az-dy-m8i-32xl-2   Started: Thu Jul 23 11:46:17 AM EDT 2026
==========================================================
processing: 10ns_aav1ph6salt30suc1
protein heavy 246180 | water O 835693 | sucrose 368 molecules
  frame 80 (5 processed)
  frame 180 (10 processed)
  frame 280 (15 processed)
  frame 380 (20 processed)
  frame 480 (25 processed)
  frame 580 (30 processed)
  frame 680 (35 processed)
  frame 780 (40 processed)
  frame 880 (45 processed)
  frame 980 (50 processed)
done (51 frames) -> surfrad/10ns_aav1ph6salt30suc1/surface_radial_density.csv
processing: 10ns_aav1ph6salt30suc10
protein heavy 246180 | water O 783369 | sucrose 3684 molecules
  frame 80 (5 processed)
  frame 180 (10 processed)
  frame 280 (15 processed)
  frame 380 (20 processed)
  frame 480 (25 processed)
  frame 580 (30 processed)
  frame 680 (35 processed)
  frame 780 (40 processed)
  frame 880 (45 processed)
  frame 980 (50 processed)
done (51 frames) -> surfrad/10ns_aav1ph6salt30suc10/surface_radial_density.csv
processing: 10ns_aav1ph6salt200suc1
